
> karsaaz-qr-frontend@0.1.0 build
> next build

  Γû▓ Next.js 14.2.35

   Creating an optimized production build ...
 Γ£ô Compiled successfully
   Linting and checking validity of types ...
 Γ¿» ESLint: Invalid Options: - Unknown options: useEslintrc, extensions - 'extensions' has been removed.
   Collecting page data ...
   Generating static pages (0/10) ...
   Generating static pages (2/10) 
   Generating static pages (4/10) 
   Generating static pages (7/10) 
 Γ£ô Generating static pages (10/10)
   Finalizing page optimization ...
   Collecting build traces ...

Route (app)                              Size     First Load JS
Γöî Γùï /                                    138 B          87.5 kB
Γö£ Γùï /_not-found                          873 B          88.2 kB
Γö£ Γùï /account                             3.12 kB         144 kB
Γö£ Γùï /forgot-password                     1.97 kB         146 kB
Γö£ Γùï /login                               3.23 kB         147 kB
Γö£ ╞Æ /reset-password                      2.11 kB         138 kB
Γö£ Γùï /signup                              3.23 kB         147 kB
Γöö Γùï /verify-email                        2.13 kB         138 kB
+ First Load JS shared by all            87.3 kB
  Γö£ chunks/117-a138f5c4be902043.js       31.7 kB
  Γö£ chunks/fd9d1056-d21a9c2075df1be4.js  53.6 kB
  Γöö other shared chunks (total)          1.95 kB


╞Æ Middleware                             26.7 kB

Γùï  (Static)   prerendered as static content
╞Æ  (Dynamic)  server-rendered on demand

