node.exe : ΓÜá Warning: Next.js inferred 
your workspace root, but it may not be 
correct.
At line:1 char:1
+ & "C:\Program Files\nodejs/node.exe" 
"C:\Program Files\nodejs/node_mo ...
+ ~~~~~~~~~~~~~~~~~~~~~~~~~~~~~~~~~~~~~~~~~
~~~~~~~~~~~~~~~~~~~~~~~~~~~~
    + CategoryInfo          : NotSpecified 
   : (ΓÜá Warning: Ne...not be correct.:S  
  tring) [], RemoteException
    + FullyQualifiedErrorId : NativeComman 
   dError
 
 We detected multiple lockfiles and 
selected the directory of C:\Dev\karsaaz 
qr\package-lock.json as the root directory.
 To silence this warning, set 
`turbopack.root` in your Next.js config, 
or consider removing one of the lockfiles 
if it's not needed.
   See https://nextjs.org/docs/app/api-refe
rence/config/next-config-js/turbopack#root-
directory for more information.
 Detected additional lockfiles: 
   * C:\Dev\karsaaz qr\karsaaz-qr-frontend-
nextjs\package-lock.json

Γû▓ Next.js 16.1.6 (Turbopack)
- Environments: .env.local, .env

ΓÜá The "middleware" file convention is 
deprecated. Please use "proxy" instead. 
Learn more: https://nextjs.org/docs/message
s/middleware-to-proxy
  Creating an optimized production build ...

> Build error occurred
Error: Turbopack build failed with 56 
errors:
./karsaaz-qr-frontend-nextjs/src/app/(dashb
oard)/dashboard/qrcodes/stats/[id]/page.tsx
:17:15
Ecmascript file had an error
[0m [90m 15 |[39m } [36mfrom[39m 
[32m"lucide-react"[39m[33m;[39m
 [90m 16 |[39m [36mimport[39m 
[33mLink[39m [36mfrom[39m 
[32m"next/link"[39m[33m;[39m
[31m[1m>[22m[39m[90m 17 |[39m 
[36mimport[39m { use[33m,[39m 
useEffect[33m,[39m useState[33m,[39m 
useCallback } [36mfrom[39m 
[32m"react"[39m[33m;[39m
 [90m    |[39m               [31m[1m^[
22m[39m[31m[1m^[22m[39m[31m[1m^[22m
[39m[31m[1m^[22m[39m[31m[1m^[22m[3
9m[31m[1m^[22m[39m[31m[1m^[22m[39m
[31m[1m^[22m[39m[31m[1m^[22m[39m
 [90m 18 |[39m [36mimport[39m {
 [90m 19 |[39m     
[33mBar[39m[33m,[39m
 [90m 20 |[39m     
[33mBarChart[39m[33m,[39m[0m

You're importing a component that needs 
`useEffect`. This React Hook only works in 
a Client Component. To fix, mark the file 
(or its parent) with the `"use client"` 
directive.

 Learn more: https://nextjs.org/docs/app/ap
i-reference/directives/use-client




./karsaaz-qr-frontend-nextjs/src/app/(dashb
oard)/dashboard/qrcodes/stats/[id]/page.tsx
:17:26
Ecmascript file had an error
[0m [90m 15 |[39m } [36mfrom[39m 
[32m"lucide-react"[39m[33m;[39m
 [90m 16 |[39m [36mimport[39m 
[33mLink[39m [36mfrom[39m 
[32m"next/link"[39m[33m;[39m
[31m[1m>[22m[39m[90m 17 |[39m 
[36mimport[39m { use[33m,[39m 
useEffect[33m,[39m useState[33m,[39m 
useCallback } [36mfrom[39m 
[32m"react"[39m[33m;[39m
 [90m    |[39m                          
[31m[1m^[22m[39m[31m[1m^[22m[39m[31
m[1m^[22m[39m[31m[1m^[22m[39m[31m[
1m^[22m[39m[31m[1m^[22m[39m[31m[1m^
[22m[39m[31m[1m^[22m[39m
 [90m 18 |[39m [36mimport[39m {
 [90m 19 |[39m     
[33mBar[39m[33m,[39m
 [90m 20 |[39m     
[33mBarChart[39m[33m,[39m[0m

You're importing a component that needs 
`useState`. This React Hook only works in 
a Client Component. To fix, mark the file 
(or its parent) with the `"use client"` 
directive.

 Learn more: https://nextjs.org/docs/app/ap
i-reference/directives/use-client




./karsaaz-qr-frontend-nextjs/src/app/(dashb
oard)/dashboard/support/[id]/page.tsx:8:23
Ecmascript file had an error
[0m [90m  6 |[39m [36mimport[39m { 
[33mArrowLeft[39m[33m,[39m 
[33mLoader2[39m[33m,[39m 
[33mSend[39m[33m,[39m [33mUser[39m } 
[36mfrom[39m 
[32m"lucide-react"[39m[33m;[39m
 [90m  7 |[39m [36mimport[39m 
[33mLink[39m [36mfrom[39m 
[32m"next/link"[39m[33m;[39m
[31m[1m>[22m[39m[90m  8 |[39m 
[36mimport[39m { useCallback[33m,[39m 
useEffect[33m,[39m useRef[33m,[39m 
useState } [36mfrom[39m 
[32m"react"[39m[33m;[39m
 [90m    |[39m                       [31
m[1m^[22m[39m[31m[1m^[22m[39m[31m[
1m^[22m[39m[31m[1m^[22m[39m[31m[1m^
[22m[39m[31m[1m^[22m[39m[31m[1m^[2
2m[39m[31m[1m^[22m[39m[31m[1m^[22m
[39m
 [90m  9 |[39m [36mimport[39m { 
useParams } [36mfrom[39m 
[32m"next/navigation"[39m[33m;[39m
 [90m 10 |[39m [36mimport[39m { toast 
} [36mfrom[39m 
[32m"sonner"[39m[33m;[39m
 [90m 11 |[39m[0m

You're importing a component that needs 
`useEffect`. This React Hook only works in 
a Client Component. To fix, mark the file 
(or its parent) with the `"use client"` 
directive.

 Learn more: https://nextjs.org/docs/app/ap
i-reference/directives/use-client




./karsaaz-qr-frontend-nextjs/src/app/(dashb
oard)/dashboard/support/[id]/page.tsx:9:10
Ecmascript file had an error
[0m [90m  7 |[39m [36mimport[39m 
[33mLink[39m [36mfrom[39m 
[32m"next/link"[39m[33m;[39m
 [90m  8 |[39m [36mimport[39m { 
useCallback[33m,[39m 
useEffect[33m,[39m useRef[33m,[39m 
useState } [36mfrom[39m 
[32m"react"[39m[33m;[39m
[31m[1m>[22m[39m[90m  9 |[39m 
[36mimport[39m { useParams } 
[36mfrom[39m 
[32m"next/navigation"[39m[33m;[39m
 [90m    |[39m          [31m[1m^[22m[
39m[31m[1m^[22m[39m[31m[1m^[22m[39m
[31m[1m^[22m[39m[31m[1m^[22m[39m[3
1m[1m^[22m[39m[31m[1m^[22m[39m[31m
[1m^[22m[39m[31m[1m^[22m[39m
 [90m 10 |[39m [36mimport[39m { toast 
} [36mfrom[39m 
[32m"sonner"[39m[33m;[39m
 [90m 11 |[39m
 [90m 12 |[39m [36minterface[39m 
[33mSupportMessage[39m {[0m

You're importing a component that needs 
`useParams`. This React Hook only works in 
a Client Component. To fix, mark the file 
(or its parent) with the `"use client"` 
directive.

 Learn more: https://nextjs.org/docs/app/ap
i-reference/directives/use-client




./karsaaz-qr-frontend-nextjs/src/app/(dashb
oard)/dashboard/support/[id]/page.tsx:8:34
Ecmascript file had an error
[0m [90m  6 |[39m [36mimport[39m { 
[33mArrowLeft[39m[33m,[39m 
[33mLoader2[39m[33m,[39m 
[33mSend[39m[33m,[39m [33mUser[39m } 
[36mfrom[39m 
[32m"lucide-react"[39m[33m;[39m
 [90m  7 |[39m [36mimport[39m 
[33mLink[39m [36mfrom[39m 
[32m"next/link"[39m[33m;[39m
[31m[1m>[22m[39m[90m  8 |[39m 
[36mimport[39m { useCallback[33m,[39m 
useEffect[33m,[39m useRef[33m,[39m 
useState } [36mfrom[39m 
[32m"react"[39m[33m;[39m
 [90m    |[39m                           
       [31m[1m^[22m[39m[31m[1m^[22m
[39m[31m[1m^[22m[39m[31m[1m^[22m[39
m[31m[1m^[22m[39m[31m[1m^[22m[39m
 [90m  9 |[39m [36mimport[39m { 
useParams } [36mfrom[39m 
[32m"next/navigation"[39m[33m;[39m
 [90m 10 |[39m [36mimport[39m { toast 
} [36mfrom[39m 
[32m"sonner"[39m[33m;[39m
 [90m 11 |[39m[0m

You're importing a component that needs 
`useRef`. This React Hook only works in a 
Client Component. To fix, mark the file 
(or its parent) with the `"use client"` 
directive.

 Learn more: https://nextjs.org/docs/app/ap
i-reference/directives/use-client




./karsaaz-qr-frontend-nextjs/src/app/(dashb
oard)/dashboard/support/[id]/page.tsx:8:42
Ecmascript file had an error
[0m [90m  6 |[39m [36mimport[39m { 
[33mArrowLeft[39m[33m,[39m 
[33mLoader2[39m[33m,[39m 
[33mSend[39m[33m,[39m [33mUser[39m } 
[36mfrom[39m 
[32m"lucide-react"[39m[33m;[39m
 [90m  7 |[39m [36mimport[39m 
[33mLink[39m [36mfrom[39m 
[32m"next/link"[39m[33m;[39m
[31m[1m>[22m[39m[90m  8 |[39m 
[36mimport[39m { useCallback[33m,[39m 
useEffect[33m,[39m useRef[33m,[39m 
useState } [36mfrom[39m 
[32m"react"[39m[33m;[39m
 [90m    |[39m                           
               [31m[1m^[22m[39m[31m[1
m^[22m[39m[31m[1m^[22m[39m[31m[1m^
[22m[39m[31m[1m^[22m[39m[31m[1m^[22
m[39m[31m[1m^[22m[39m[31m[1m^[22m[
39m
 [90m  9 |[39m [36mimport[39m { 
useParams } [36mfrom[39m 
[32m"next/navigation"[39m[33m;[39m
 [90m 10 |[39m [36mimport[39m { toast 
} [36mfrom[39m 
[32m"sonner"[39m[33m;[39m
 [90m 11 |[39m[0m

You're importing a component that needs 
`useState`. This React Hook only works in 
a Client Component. To fix, mark the file 
(or its parent) with the `"use client"` 
directive.

 Learn more: https://nextjs.org/docs/app/ap
i-reference/directives/use-client




./karsaaz-qr-frontend-nextjs/src/app/(dashb
oard)/dashboard/support/page.tsx:20:23
Ecmascript file had an error
[0m [90m 18 |[39m } [36mfrom[39m 
[32m"lucide-react"[39m[33m;[39m
 [90m 19 |[39m [36mimport[39m 
[33mLink[39m [36mfrom[39m 
[32m"next/link"[39m[33m;[39m
[31m[1m>[22m[39m[90m 20 |[39m 
[36mimport[39m { useCallback[33m,[39m 
useEffect[33m,[39m useState } 
[36mfrom[39m [32m"react"[39m[33m;[39m
 [90m    |[39m                       [31
m[1m^[22m[39m[31m[1m^[22m[39m[31m[
1m^[22m[39m[31m[1m^[22m[39m[31m[1m^
[22m[39m[31m[1m^[22m[39m[31m[1m^[2
2m[39m[31m[1m^[22m[39m[31m[1m^[22m
[39m
 [90m 21 |[39m [36mimport[39m { toast 
} [36mfrom[39m 
[32m"sonner"[39m[33m;[39m
 [90m 22 |[39m
 [90m 23 |[39m [36mconst[39m 
[33mPRIORITY_OPTIONS[39m [33m=[39m 
[[32m"Low"[39m[33m,[39m 
[32m"Medium"[39m[33m,[39m 
[32m"High"[39m[33m,[39m 
[32m"Urgent"[39m][33m;[39m[0m

You're importing a component that needs 
`useEffect`. This React Hook only works in 
a Client Component. To fix, mark the file 
(or its parent) with the `"use client"` 
directive.

 Learn more: https://nextjs.org/docs/app/ap
i-reference/directives/use-client




./karsaaz-qr-frontend-nextjs/src/app/(dashb
oard)/dashboard/support/page.tsx:20:34
Ecmascript file had an error
[0m [90m 18 |[39m } [36mfrom[39m 
[32m"lucide-react"[39m[33m;[39m
 [90m 19 |[39m [36mimport[39m 
[33mLink[39m [36mfrom[39m 
[32m"next/link"[39m[33m;[39m
[31m[1m>[22m[39m[90m 20 |[39m 
[36mimport[39m { useCallback[33m,[39m 
useEffect[33m,[39m useState } 
[36mfrom[39m [32m"react"[39m[33m;[39m
 [90m    |[39m                           
       [31m[1m^[22m[39m[31m[1m^[22m
[39m[31m[1m^[22m[39m[31m[1m^[22m[39
m[31m[1m^[22m[39m[31m[1m^[22m[39m[
31m[1m^[22m[39m[31m[1m^[22m[39m
 [90m 21 |[39m [36mimport[39m { toast 
} [36mfrom[39m 
[32m"sonner"[39m[33m;[39m
 [90m 22 |[39m
 [90m 23 |[39m [36mconst[39m 
[33mPRIORITY_OPTIONS[39m [33m=[39m 
[[32m"Low"[39m[33m,[39m 
[32m"Medium"[39m[33m,[39m 
[32m"High"[39m[33m,[39m 
[32m"Urgent"[39m][33m;[39m[0m

You're importing a component that needs 
`useState`. This React Hook only works in 
a Client Component. To fix, mark the file 
(or its parent) with the `"use client"` 
directive.

 Learn more: https://nextjs.org/docs/app/ap
i-reference/directives/use-client




./karsaaz-qr-frontend-nextjs/src/hooks/use-
auth.ts:5:10
Ecmascript file had an error
[0m [90m 3 |[39m [36mimport[39m 
authService [36mfrom[39m [32m"@/services
/auth.service"[39m[33m;[39m
 [90m 4 |[39m [36mimport[39m { 
useAuthStore } [36mfrom[39m 
[32m"@/store/useAuthStore"[39m[33m;[39m
[31m[1m>[22m[39m[90m 5 |[39m 
[36mimport[39m { useRouter } 
[36mfrom[39m 
[32m"next/navigation"[39m[33m;[39m
 [90m   |[39m          [31m[1m^[22m[3
9m[31m[1m^[22m[39m[31m[1m^[22m[39m
[31m[1m^[22m[39m[31m[1m^[22m[39m[31
m[1m^[22m[39m[31m[1m^[22m[39m[31m[
1m^[22m[39m[31m[1m^[22m[39m
 [90m 6 |[39m [36mimport[39m { toast } 
[36mfrom[39m 
[32m"sonner"[39m[33m;[39m
 [90m 7 |[39m
 [90m 8 |[39m [36mexport[39m 
[36mfunction[39m useAuth() {[0m

You're importing a component that needs 
`useRouter`. This React Hook only works in 
a Client Component. To fix, mark the file 
(or its parent) with the `"use client"` 
directive.

 Learn more: https://nextjs.org/docs/app/ap
i-reference/directives/use-client



Import traces:
  Server Component:
    ./karsaaz-qr-frontend-nextjs/src/hooks/
use-auth.ts
    ./karsaaz-qr-frontend-nextjs/src/app/(d
ashboard)/dashboard/support/page.tsx

  Client Component Browser:
    ./karsaaz-qr-frontend-nextjs/src/hooks/
use-auth.ts [Client Component Browser]
    ./karsaaz-qr-frontend-nextjs/src/app/(d
ashboard)/account/my-account/page.tsx 
[Client Component Browser]
    ./karsaaz-qr-frontend-nextjs/src/app/(d
ashboard)/account/my-account/page.tsx 
[Server Component]

  Client Component SSR:
    ./karsaaz-qr-frontend-nextjs/src/hooks/
use-auth.ts [Client Component SSR]
    ./karsaaz-qr-frontend-nextjs/src/app/(d
ashboard)/account/my-account/page.tsx 
[Client Component SSR]
    ./karsaaz-qr-frontend-nextjs/src/app/(d
ashboard)/account/my-account/page.tsx 
[Server Component]


./karsaaz-qr-frontend-nextjs/src/components
/qr/biolinks/blocks/FAQBlock.tsx:166:7
Parsing ecmascript source code failed
[0m [90m 164 |[39m
 [90m 165 |[39m     [36mconst[39m 
structuredData [33m=[39m {
[31m[1m>[22m[39m[90m 166 |[39m       
[33m&[39mquot[33m;[39m[33m@[39mcontex
t[33m&[39mquot[33m;[39m[33m:[39m [33
m&[39mquot[33m;[39mhttps[33m:[39m[90m
//schema.org&quot;,[39m
 [90m     |[39m       
[31m[1m^[22m[39m
 [90m 167 |[39m       [33m&[39mquot[33
m;[39m[33m@[39mtype[33m&[39mquot[33m;
[39m[33m:[39m [33m&[39mquot[33m;[39m
[33mFAQPage[39m[33m&[39mquot[33m;[39m
[33m,[39m
 [90m 168 |[39m       [33m&[39mquot[33
m;[39mmainEntity[33m&[39mquot[33m;[39m
[33m:[39m faqContent[33m.[39mitems[33m
.[39mmap(item [33m=>[39m ({
 [90m 169 |[39m         [33m&[39mquot[
33m;[39m[33m@[39mtype[33m&[39mquot[33
m;[39m[33m:[39m [33m&[39mquot[33m;[3
9m[33mQuestion[39m[33m&[39mquot[33m;[
39m[33m,[39m[0m

Expression expected

Import traces:
  Client Component Browser:
    ./karsaaz-qr-frontend-nextjs/src/compon
ents/qr/biolinks/blocks/FAQBlock.tsx 
[Client Component Browser]
    ./karsaaz-qr-frontend-nextjs/src/compon
ents/qr/biolinks/block-registry.ts [Client 
Component Browser]
    ./karsaaz-qr-frontend-nextjs/src/compon
ents/qr/biolinks/BlockEditor.tsx [Client 
Component Browser]
    ./karsaaz-qr-frontend-nextjs/src/compon
ents/qr/biolinks/BiolinkDesigner.tsx 
[Client Component Browser]
    ./karsaaz-qr-frontend-nextjs/src/app/(d
ashboard)/dashboard/qrcodes/new/[type]/page
.tsx [Client Component Browser]
    ./karsaaz-qr-frontend-nextjs/src/app/(d
ashboard)/dashboard/qrcodes/new/[type]/page
.tsx [Server Component]

  Client Component SSR:
    ./karsaaz-qr-frontend-nextjs/src/compon
ents/qr/biolinks/blocks/FAQBlock.tsx 
[Client Component SSR]
    ./karsaaz-qr-frontend-nextjs/src/compon
ents/qr/biolinks/block-registry.ts [Client 
Component SSR]
    ./karsaaz-qr-frontend-nextjs/src/compon
ents/qr/biolinks/BlockEditor.tsx [Client 
Component SSR]
    ./karsaaz-qr-frontend-nextjs/src/compon
ents/qr/biolinks/BiolinkDesigner.tsx 
[Client Component SSR]
    ./karsaaz-qr-frontend-nextjs/src/app/(d
ashboard)/dashboard/qrcodes/new/[type]/page
.tsx [Client Component SSR]
    ./karsaaz-qr-frontend-nextjs/src/app/(d
ashboard)/dashboard/qrcodes/new/[type]/page
.tsx [Server Component]


./karsaaz-qr-frontend-nextjs/src/components
/qr/biolinks/blocks/FAQBlock.tsx:166:21
Parsing ecmascript source code failed
[0m [90m 164 |[39m
 [90m 165 |[39m     [36mconst[39m 
structuredData [33m=[39m {
[31m[1m>[22m[39m[90m 166 |[39m       
[33m&[39mquot[33m;[39m[33m@[39mcontex
t[33m&[39mquot[33m;[39m[33m:[39m [33
m&[39mquot[33m;[39mhttps[33m:[39m[90m
//schema.org&quot;,[39m
 [90m     |[39m                     
[31m[1m^[22m[39m
 [90m 167 |[39m       [33m&[39mquot[33
m;[39m[33m@[39mtype[33m&[39mquot[33m;
[39m[33m:[39m [33m&[39mquot[33m;[39m
[33mFAQPage[39m[33m&[39mquot[33m;[39m
[33m,[39m
 [90m 168 |[39m       [33m&[39mquot[33
m;[39mmainEntity[33m&[39mquot[33m;[39m
[33m:[39m faqContent[33m.[39mitems[33m
.[39mmap(item [33m=>[39m ({
 [90m 169 |[39m         [33m&[39mquot[
33m;[39m[33m@[39mtype[33m&[39mquot[33
m;[39m[33m:[39m [33m&[39mquot[33m;[3
9m[33mQuestion[39m[33m&[39mquot[33m;[
39m[33m,[39m[0m

Expression expected

Import traces:
  Client Component Browser:
    ./karsaaz-qr-frontend-nextjs/src/compon
ents/qr/biolinks/blocks/FAQBlock.tsx 
[Client Component Browser]
    ./karsaaz-qr-frontend-nextjs/src/compon
ents/qr/biolinks/block-registry.ts [Client 
Component Browser]
    ./karsaaz-qr-frontend-nextjs/src/compon
ents/qr/biolinks/BlockEditor.tsx [Client 
Component Browser]
    ./karsaaz-qr-frontend-nextjs/src/compon
ents/qr/biolinks/BiolinkDesigner.tsx 
[Client Component Browser]
    ./karsaaz-qr-frontend-nextjs/src/app/(d
ashboard)/dashboard/qrcodes/new/[type]/page
.tsx [Client Component Browser]
    ./karsaaz-qr-frontend-nextjs/src/app/(d
ashboard)/dashboard/qrcodes/new/[type]/page
.tsx [Server Component]

  Client Component SSR:
    ./karsaaz-qr-frontend-nextjs/src/compon
ents/qr/biolinks/blocks/FAQBlock.tsx 
[Client Component SSR]
    ./karsaaz-qr-frontend-nextjs/src/compon
ents/qr/biolinks/block-registry.ts [Client 
Component SSR]
    ./karsaaz-qr-frontend-nextjs/src/compon
ents/qr/biolinks/BlockEditor.tsx [Client 
Component SSR]
    ./karsaaz-qr-frontend-nextjs/src/compon
ents/qr/biolinks/BiolinkDesigner.tsx 
[Client Component SSR]
    ./karsaaz-qr-frontend-nextjs/src/app/(d
ashboard)/dashboard/qrcodes/new/[type]/page
.tsx [Client Component SSR]
    ./karsaaz-qr-frontend-nextjs/src/app/(d
ashboard)/dashboard/qrcodes/new/[type]/page
.tsx [Server Component]


./karsaaz-qr-frontend-nextjs/src/components
/qr/biolinks/blocks/ImageGridBlock.tsx:256:
51
Parsing ecmascript source code failed
[0m [90m 254 |[39m         
[33m<[39m[33mDialog[39m 
open[33m=[39m{lightboxOpen} 
onClose[33m=[39m{closeLightbox} 
className[33m=[39m[32m"max-w-4xl 
max-h-[90vh] overflow-auto"[39m[33m>[39m
 [90m 255 |[39m           [33m<[39m[33
mDialogHeader[39m[33m>[39m
[31m[1m>[22m[39m[90m 256 |[39m       
      [33m<[39m[33mDialogTitle[39m[33m
>[39m{selectedImage[33m?[39m[33m.[39mt
itle [33m||[39m 
[33m&[39mapos[33m;[39m[33mImage[39m 
[33mPreview[39m[33m&[39mapos[33m;[39m}
[33m<[39m[33m/[39m[33mDialogTitle[39m
[33m>[39m
 [90m     |[39m                          
                         
[31m[1m^[22m[39m
 [90m 257 |[39m             [33m<[39m[
33mDialogDescription[39m[33m>[39m
 [90m 258 |[39m               {selectedIm
age[33m?[39m[33m.[39mcaption 
[33m||[39m 
[33m&[39mapos[33m;[39m[33mClick[39m 
outside to close[33m&[39mapos[33m;[39m}
 [90m 259 |[39m             [33m<[39m[
33m/[39m[33mDialogDescription[39m[33m>
[39m[0m

Expression expected

Import traces:
  Client Component Browser:
    ./karsaaz-qr-frontend-nextjs/src/compon
ents/qr/biolinks/blocks/ImageGridBlock.tsx 
[Client Component Browser]
    ./karsaaz-qr-frontend-nextjs/src/compon
ents/qr/biolinks/block-registry.ts [Client 
Component Browser]
    ./karsaaz-qr-frontend-nextjs/src/compon
ents/qr/biolinks/BlockEditor.tsx [Client 
Component Browser]
    ./karsaaz-qr-frontend-nextjs/src/compon
ents/qr/biolinks/BiolinkDesigner.tsx 
[Client Component Browser]
    ./karsaaz-qr-frontend-nextjs/src/app/(d
ashboard)/dashboard/qrcodes/new/[type]/page
.tsx [Client Component Browser]
    ./karsaaz-qr-frontend-nextjs/src/app/(d
ashboard)/dashboard/qrcodes/new/[type]/page
.tsx [Server Component]

  Client Component SSR:
    ./karsaaz-qr-frontend-nextjs/src/compon
ents/qr/biolinks/blocks/ImageGridBlock.tsx 
[Client Component SSR]
    ./karsaaz-qr-frontend-nextjs/src/compon
ents/qr/biolinks/block-registry.ts [Client 
Component SSR]
    ./karsaaz-qr-frontend-nextjs/src/compon
ents/qr/biolinks/BlockEditor.tsx [Client 
Component SSR]
    ./karsaaz-qr-frontend-nextjs/src/compon
ents/qr/biolinks/BiolinkDesigner.tsx 
[Client Component SSR]
    ./karsaaz-qr-frontend-nextjs/src/app/(d
ashboard)/dashboard/qrcodes/new/[type]/page
.tsx [Client Component SSR]
    ./karsaaz-qr-frontend-nextjs/src/app/(d
ashboard)/dashboard/qrcodes/new/[type]/page
.tsx [Server Component]


./karsaaz-qr-frontend-nextjs/src/components
/qr/biolinks/blocks/LinkBlock.tsx:10:1
Module not found: Can't resolve 
'@/components/ui/popover'
[0m [90m  8 |[39m [36mimport[39m { 
[33mTabs[39m[33m,[39m 
[33mTabsContent[39m[33m,[39m 
[33mTabsList[39m[33m,[39m 
[33mTabsTrigger[39m } [36mfrom[39m 
[32m'@/components/ui/tabs'[39m[33m;[39m
 [90m  9 |[39m [36mimport[39m { 
[33mScrollArea[39m } [36mfrom[39m [32m
'@/components/ui/scroll-area'[39m[33m;[3
9m
[31m[1m>[22m[39m[90m 10 |[39m 
[36mimport[39m { 
[33mPopover[39m[33m,[39m 
[33mPopoverContent[39m[33m,[39m 
[33mPopoverTrigger[39m } [36mfrom[39m 
[32m'@/components/ui/popover'[39m[33m;[3
9m
 [90m    |[39m [31m[1m^[22m[39m[31m
[1m^[22m[39m[31m[1m^[22m[39m[31m[1m
^[22m[39m[31m[1m^[22m[39m[31m[1m^[
22m[39m[31m[1m^[22m[39m[31m[1m^[22m
[39m[31m[1m^[22m[39m[31m[1m^[22m[3
9m[31m[1m^[22m[39m[31m[1m^[22m[39m
[31m[1m^[22m[39m[31m[1m^[22m[39m[31
m[1m^[22m[39m[31m[1m^[22m[39m[31m[
1m^[22m[39m[31m[1m^[22m[39m[31m[1m^
[22m[39m[31m[1m^[22m[39m[31m[1m^[2
2m[39m[31m[1m^[22m[39m[31m[1m^[22m
[39m[31m[1m^[22m[39m[31m[1m^[22m[39
m[31m[1m^[22m[39m[31m[1m^[22m[39m[
31m[1m^[22m[39m[31m[1m^[22m[39m[31m
[1m^[22m[39m[31m[1m^[22m[39m[31m[1
m^[22m[39m[31m[1m^[22m[39m[31m[1m^
[22m[39m[31m[1m^[22m[39m[31m[1m^[22
m[39m[31m[1m^[22m[39m[31m[1m^[22m[
39m[31m[1m^[22m[39m[31m[1m^[22m[39m
[31m[1m^[22m[39m[31m[1m^[22m[39m[3
1m[1m^[22m[39m[31m[1m^[22m[39m[31m
[1m^[22m[39m[31m[1m^[22m[39m[31m[1m
^[22m[39m[31m[1m^[22m[39m[31m[1m^[
22m[39m[31m[1m^[22m[39m[31m[1m^[22m
[39m[31m[1m^[22m[39m[31m[1m^[22m[3
9m[31m[1m^[22m[39m[31m[1m^[22m[39m
[31m[1m^[22m[39m[31m[1m^[22m[39m[31
m[1m^[22m[39m[31m[1m^[22m[39m[31m[
1m^[22m[39m[31m[1m^[22m[39m[31m[1m^
[22m[39m[31m[1m^[22m[39m[31m[1m^[2
2m[39m[31m[1m^[22m[39m[31m[1m^[22m
[39m[31m[1m^[22m[39m[31m[1m^[22m[39
m[31m[1m^[22m[39m[31m[1m^[22m[39m[
31m[1m^[22m[39m[31m[1m^[22m[39m[31m
[1m^[22m[39m[31m[1m^[22m[39m[31m[1
m^[22m[39m[31m[1m^[22m[39m[31m[1m^
[22m[39m[31m[1m^[22m[39m[31m[1m^[22
m[39m[31m[1m^[22m[39m[31m[1m^[22m[
39m[31m[1m^[22m[39m
 [90m 11 |[39m [36mimport[39m {
 [90m 12 |[39m   [33mX[39m[33m,[39m
 [90m 13 |[39m   
[33mLink[39m[33m,[39m[0m

Import map: aliased to relative 
'./src/components/ui/popover' inside of 
[project]/karsaaz-qr-frontend-nextjs


Import traces:
  Client Component Browser:
    ./karsaaz-qr-frontend-nextjs/src/compon
ents/qr/biolinks/blocks/LinkBlock.tsx 
[Client Component Browser]
    ./karsaaz-qr-frontend-nextjs/src/compon
ents/qr/biolinks/block-registry.ts [Client 
Component Browser]
    ./karsaaz-qr-frontend-nextjs/src/compon
ents/qr/biolinks/BlockEditor.tsx [Client 
Component Browser]
    ./karsaaz-qr-frontend-nextjs/src/compon
ents/qr/biolinks/BiolinkDesigner.tsx 
[Client Component Browser]
    ./karsaaz-qr-frontend-nextjs/src/app/(d
ashboard)/dashboard/qrcodes/new/[type]/page
.tsx [Client Component Browser]
    ./karsaaz-qr-frontend-nextjs/src/app/(d
ashboard)/dashboard/qrcodes/new/[type]/page
.tsx [Server Component]

  Client Component SSR:
    ./karsaaz-qr-frontend-nextjs/src/compon
ents/qr/biolinks/blocks/LinkBlock.tsx 
[Client Component SSR]
    ./karsaaz-qr-frontend-nextjs/src/compon
ents/qr/biolinks/block-registry.ts [Client 
Component SSR]
    ./karsaaz-qr-frontend-nextjs/src/compon
ents/qr/biolinks/BlockEditor.tsx [Client 
Component SSR]
    ./karsaaz-qr-frontend-nextjs/src/compon
ents/qr/biolinks/BiolinkDesigner.tsx 
[Client Component SSR]
    ./karsaaz-qr-frontend-nextjs/src/app/(d
ashboard)/dashboard/qrcodes/new/[type]/page
.tsx [Client Component SSR]
    ./karsaaz-qr-frontend-nextjs/src/app/(d
ashboard)/dashboard/qrcodes/new/[type]/page
.tsx [Server Component]

https://nextjs.org/docs/messages/module-not
-found


./karsaaz-qr-frontend-nextjs/src/components
/qr/biolinks/blocks/FileBlock.tsx:9:1
Module not found: Can't resolve 
'@/components/ui/progress'
[0m [90m  7 |[39m [36mimport[39m { 
[33mSwitch[39m } [36mfrom[39m [32m'@/c
omponents/ui/switch'[39m[33m;[39m
 [90m  8 |[39m [36mimport[39m { 
[33mButton[39m } [36mfrom[39m [32m'@/c
omponents/ui/button'[39m[33m;[39m
[31m[1m>[22m[39m[90m  9 |[39m 
[36mimport[39m { [33mProgress[39m } 
[36mfrom[39m [32m'@/components/ui/progre
ss'[39m[33m;[39m
 [90m    |[39m [31m[1m^[22m[39m[31m
[1m^[22m[39m[31m[1m^[22m[39m[31m[1m
^[22m[39m[31m[1m^[22m[39m[31m[1m^[
22m[39m[31m[1m^[22m[39m[31m[1m^[22m
[39m[31m[1m^[22m[39m[31m[1m^[22m[3
9m[31m[1m^[22m[39m[31m[1m^[22m[39m
[31m[1m^[22m[39m[31m[1m^[22m[39m[31
m[1m^[22m[39m[31m[1m^[22m[39m[31m[
1m^[22m[39m[31m[1m^[22m[39m[31m[1m^
[22m[39m[31m[1m^[22m[39m[31m[1m^[2
2m[39m[31m[1m^[22m[39m[31m[1m^[22m
[39m[31m[1m^[22m[39m[31m[1m^[22m[39
m[31m[1m^[22m[39m[31m[1m^[22m[39m[
31m[1m^[22m[39m[31m[1m^[22m[39m[31m
[1m^[22m[39m[31m[1m^[22m[39m[31m[1
m^[22m[39m[31m[1m^[22m[39m[31m[1m^
[22m[39m[31m[1m^[22m[39m[31m[1m^[22
m[39m[31m[1m^[22m[39m[31m[1m^[22m[
39m[31m[1m^[22m[39m[31m[1m^[22m[39m
[31m[1m^[22m[39m[31m[1m^[22m[39m[3
1m[1m^[22m[39m[31m[1m^[22m[39m[31m
[1m^[22m[39m[31m[1m^[22m[39m[31m[1m
^[22m[39m[31m[1m^[22m[39m[31m[1m^[
22m[39m[31m[1m^[22m[39m[31m[1m^[22m
[39m[31m[1m^[22m[39m
 [90m 10 |[39m [36mimport[39m { 
[33mTextarea[39m } [36mfrom[39m [32m'@
/components/ui/textarea'[39m[33m;[39m
 [90m 11 |[39m [36mimport[39m { 
 [90m 12 |[39m   
[33mFile[39m[33m,[39m 
[33mUpload[39m[33m,[39m 
[33mX[39m[33m,[39m 
[33mDownload[39m[33m,[39m 
[33mEye[39m[33m,[39m [33mEyeOff[39m 
[36mas[39m _EyeOff[33m,[39m 
[33mTrash2[39m[33m,[39m [0m

Import map: aliased to relative 
'./src/components/ui/progress' inside of 
[project]/karsaaz-qr-frontend-nextjs


Import traces:
  Client Component Browser:
    ./karsaaz-qr-frontend-nextjs/src/compon
ents/qr/biolinks/blocks/FileBlock.tsx 
[Client Component Browser]
    ./karsaaz-qr-frontend-nextjs/src/compon
ents/qr/biolinks/block-registry.ts [Client 
Component Browser]
    ./karsaaz-qr-frontend-nextjs/src/compon
ents/qr/biolinks/BlockEditor.tsx [Client 
Component Browser]
    ./karsaaz-qr-frontend-nextjs/src/compon
ents/qr/biolinks/BiolinkDesigner.tsx 
[Client Component Browser]
    ./karsaaz-qr-frontend-nextjs/src/app/(d
ashboard)/dashboard/qrcodes/new/[type]/page
.tsx [Client Component Browser]
    ./karsaaz-qr-frontend-nextjs/src/app/(d
ashboard)/dashboard/qrcodes/new/[type]/page
.tsx [Server Component]

  Client Component SSR:
    ./karsaaz-qr-frontend-nextjs/src/compon
ents/qr/biolinks/blocks/FileBlock.tsx 
[Client Component SSR]
    ./karsaaz-qr-frontend-nextjs/src/compon
ents/qr/biolinks/block-registry.ts [Client 
Component SSR]
    ./karsaaz-qr-frontend-nextjs/src/compon
ents/qr/biolinks/BlockEditor.tsx [Client 
Component SSR]
    ./karsaaz-qr-frontend-nextjs/src/compon
ents/qr/biolinks/BiolinkDesigner.tsx 
[Client Component SSR]
    ./karsaaz-qr-frontend-nextjs/src/app/(d
ashboard)/dashboard/qrcodes/new/[type]/page
.tsx [Client Component SSR]
    ./karsaaz-qr-frontend-nextjs/src/app/(d
ashboard)/dashboard/qrcodes/new/[type]/page
.tsx [Server Component]

https://nextjs.org/docs/messages/module-not
-found


./karsaaz-qr-frontend-nextjs/src/components
/qr/biolinks/blocks/LinkBlock.tsx:9:1
Module not found: Can't resolve 
'@/components/ui/scroll-area'
[0m [90m  7 |[39m [36mimport[39m { 
[33mButton[39m } [36mfrom[39m [32m'@/c
omponents/ui/button'[39m[33m;[39m
 [90m  8 |[39m [36mimport[39m { 
[33mTabs[39m[33m,[39m 
[33mTabsContent[39m[33m,[39m 
[33mTabsList[39m[33m,[39m 
[33mTabsTrigger[39m } [36mfrom[39m 
[32m'@/components/ui/tabs'[39m[33m;[39m
[31m[1m>[22m[39m[90m  9 |[39m 
[36mimport[39m { [33mScrollArea[39m } 
[36mfrom[39m [32m'@/components/ui/scroll
-area'[39m[33m;[39m
 [90m    |[39m [31m[1m^[22m[39m[31m
[1m^[22m[39m[31m[1m^[22m[39m[31m[1m
^[22m[39m[31m[1m^[22m[39m[31m[1m^[
22m[39m[31m[1m^[22m[39m[31m[1m^[22m
[39m[31m[1m^[22m[39m[31m[1m^[22m[3
9m[31m[1m^[22m[39m[31m[1m^[22m[39m
[31m[1m^[22m[39m[31m[1m^[22m[39m[31
m[1m^[22m[39m[31m[1m^[22m[39m[31m[
1m^[22m[39m[31m[1m^[22m[39m[31m[1m^
[22m[39m[31m[1m^[22m[39m[31m[1m^[2
2m[39m[31m[1m^[22m[39m[31m[1m^[22m
[39m[31m[1m^[22m[39m[31m[1m^[22m[39
m[31m[1m^[22m[39m[31m[1m^[22m[39m[
31m[1m^[22m[39m[31m[1m^[22m[39m[31m
[1m^[22m[39m[31m[1m^[22m[39m[31m[1
m^[22m[39m[31m[1m^[22m[39m[31m[1m^
[22m[39m[31m[1m^[22m[39m[31m[1m^[22
m[39m[31m[1m^[22m[39m[31m[1m^[22m[
39m[31m[1m^[22m[39m[31m[1m^[22m[39m
[31m[1m^[22m[39m[31m[1m^[22m[39m[3
1m[1m^[22m[39m[31m[1m^[22m[39m[31m
[1m^[22m[39m[31m[1m^[22m[39m[31m[1m
^[22m[39m[31m[1m^[22m[39m[31m[1m^[
22m[39m[31m[1m^[22m[39m[31m[1m^[22m
[39m[31m[1m^[22m[39m[31m[1m^[22m[3
9m[31m[1m^[22m[39m[31m[1m^[22m[39m
[31m[1m^[22m[39m[31m[1m^[22m[39m
 [90m 10 |[39m [36mimport[39m { 
[33mPopover[39m[33m,[39m 
[33mPopoverContent[39m[33m,[39m 
[33mPopoverTrigger[39m } [36mfrom[39m 
[32m'@/components/ui/popover'[39m[33m;[3
9m
 [90m 11 |[39m [36mimport[39m {
 [90m 12 |[39m   
[33mX[39m[33m,[39m[0m

Import map: aliased to relative 
'./src/components/ui/scroll-area' inside 
of [project]/karsaaz-qr-frontend-nextjs


Import traces:
  Client Component Browser:
    ./karsaaz-qr-frontend-nextjs/src/compon
ents/qr/biolinks/blocks/LinkBlock.tsx 
[Client Component Browser]
    ./karsaaz-qr-frontend-nextjs/src/compon
ents/qr/biolinks/block-registry.ts [Client 
Component Browser]
    ./karsaaz-qr-frontend-nextjs/src/compon
ents/qr/biolinks/BlockEditor.tsx [Client 
Component Browser]
    ./karsaaz-qr-frontend-nextjs/src/compon
ents/qr/biolinks/BiolinkDesigner.tsx 
[Client Component Browser]
    ./karsaaz-qr-frontend-nextjs/src/app/(d
ashboard)/dashboard/qrcodes/new/[type]/page
.tsx [Client Component Browser]
    ./karsaaz-qr-frontend-nextjs/src/app/(d
ashboard)/dashboard/qrcodes/new/[type]/page
.tsx [Server Component]

  Client Component SSR:
    ./karsaaz-qr-frontend-nextjs/src/compon
ents/qr/biolinks/blocks/LinkBlock.tsx 
[Client Component SSR]
    ./karsaaz-qr-frontend-nextjs/src/compon
ents/qr/biolinks/block-registry.ts [Client 
Component SSR]
    ./karsaaz-qr-frontend-nextjs/src/compon
ents/qr/biolinks/BlockEditor.tsx [Client 
Component SSR]
    ./karsaaz-qr-frontend-nextjs/src/compon
ents/qr/biolinks/BiolinkDesigner.tsx 
[Client Component SSR]
    ./karsaaz-qr-frontend-nextjs/src/app/(d
ashboard)/dashboard/qrcodes/new/[type]/page
.tsx [Client Component SSR]
    ./karsaaz-qr-frontend-nextjs/src/app/(d
ashboard)/dashboard/qrcodes/new/[type]/page
.tsx [Server Component]

https://nextjs.org/docs/messages/module-not
-found


./karsaaz-qr-frontend-nextjs/src/components
/support/SupportTicketConversation.tsx:5:1
Module not found: Can't resolve 
'@/components/ui/scroll-area'
[0m [90m 3 |[39m [36mimport[39m { 
[33mButton[39m } [36mfrom[39m [32m"@/c
omponents/ui/button"[39m[33m;[39m
 [90m 4 |[39m [36mimport[39m { 
[33mInput[39m } [36mfrom[39m [32m"@/co
mponents/ui/input"[39m[33m;[39m
[31m[1m>[22m[39m[90m 5 |[39m 
[36mimport[39m { [33mScrollArea[39m } 
[36mfrom[39m [32m"@/components/ui/scroll
-area"[39m[33m;[39m
 [90m   |[39m [31m[1m^[22m[39m[31m[
1m^[22m[39m[31m[1m^[22m[39m[31m[1m^
[22m[39m[31m[1m^[22m[39m[31m[1m^[2
2m[39m[31m[1m^[22m[39m[31m[1m^[22m
[39m[31m[1m^[22m[39m[31m[1m^[22m[39
m[31m[1m^[22m[39m[31m[1m^[22m[39m[
31m[1m^[22m[39m[31m[1m^[22m[39m[31m
[1m^[22m[39m[31m[1m^[22m[39m[31m[1
m^[22m[39m[31m[1m^[22m[39m[31m[1m^
[22m[39m[31m[1m^[22m[39m[31m[1m^[22
m[39m[31m[1m^[22m[39m[31m[1m^[22m[
39m[31m[1m^[22m[39m[31m[1m^[22m[39m
[31m[1m^[22m[39m[31m[1m^[22m[39m[3
1m[1m^[22m[39m[31m[1m^[22m[39m[31m
[1m^[22m[39m[31m[1m^[22m[39m[31m[1m
^[22m[39m[31m[1m^[22m[39m[31m[1m^[
22m[39m[31m[1m^[22m[39m[31m[1m^[22m
[39m[31m[1m^[22m[39m[31m[1m^[22m[3
9m[31m[1m^[22m[39m[31m[1m^[22m[39m
[31m[1m^[22m[39m[31m[1m^[22m[39m[31
m[1m^[22m[39m[31m[1m^[22m[39m[31m[
1m^[22m[39m[31m[1m^[22m[39m[31m[1m^
[22m[39m[31m[1m^[22m[39m[31m[1m^[2
2m[39m[31m[1m^[22m[39m[31m[1m^[22m
[39m[31m[1m^[22m[39m[31m[1m^[22m[39
m[31m[1m^[22m[39m[31m[1m^[22m[39m[
31m[1m^[22m[39m[31m[1m^[22m[39m
 [90m 6 |[39m [36mimport[39m { 
[33mTextarea[39m } [36mfrom[39m [32m"@
/components/ui/textarea"[39m[33m;[39m
 [90m 7 |[39m [36mimport[39m { useApi 
} [36mfrom[39m 
[32m"@/hooks/use-api"[39m[33m;[39m
 [90m 8 |[39m [36mimport[39m { 
supportService[33m,[39m 
[33mTicketMessage[39m } [36mfrom[39m [
32m"@/services/support.service"[39m[33m;
[39m[0m

Import map: aliased to relative 
'./src/components/ui/scroll-area' inside 
of [project]/karsaaz-qr-frontend-nextjs


Import traces:
  Client Component Browser:
    ./karsaaz-qr-frontend-nextjs/src/compon
ents/support/SupportTicketConversation.tsx 
[Client Component Browser]
    ./karsaaz-qr-frontend-nextjs/src/app/(d
ashboard)/account/support-tickets/page.tsx 
[Client Component Browser]
    ./karsaaz-qr-frontend-nextjs/src/app/(d
ashboard)/account/support-tickets/page.tsx 
[Server Component]

  Client Component SSR:
    ./karsaaz-qr-frontend-nextjs/src/compon
ents/support/SupportTicketConversation.tsx 
[Client Component SSR]
    ./karsaaz-qr-frontend-nextjs/src/app/(d
ashboard)/account/support-tickets/page.tsx 
[Client Component SSR]
    ./karsaaz-qr-frontend-nextjs/src/app/(d
ashboard)/account/support-tickets/page.tsx 
[Server Component]

https://nextjs.org/docs/messages/module-not
-found


./karsaaz-qr-frontend-nextjs/src/components
/qr/biolinks/blocks/SocialLinksBlock.tsx:22
:1
Export Behance doesn't exist in target 
module
[0m [90m 20 |[39m   [33mMapPin[39m
 [90m 21 |[39m } [36mfrom[39m 
[32m'lucide-react'[39m[33m;[39m
[31m[1m>[22m[39m[90m 22 |[39m 
[36mimport[39m {
 [90m    |[39m [31m[1m^[22m[39m[31m
[1m^[22m[39m[31m[1m^[22m[39m[31m[1m
^[22m[39m[31m[1m^[22m[39m[31m[1m^[
22m[39m[31m[1m^[22m[39m[31m[1m^[22m
[39m
[31m[1m>[22m[39m[90m 23 |[39m   
[33mFacebook[39m[33m,[39m
 [90m    |[39m [31m[1m^[22m[39m[31m
[1m^[22m[39m[31m[1m^[22m[39m[31m[1m
^[22m[39m[31m[1m^[22m[39m[31m[1m^[
22m[39m[31m[1m^[22m[39m[31m[1m^[22m
[39m[31m[1m^[22m[39m[31m[1m^[22m[3
9m[31m[1m^[22m[39m
[31m[1m>[22m[39m[90m 24 |[39m   
[33mTwitter[39m[33m,[39m
 [90m    |[39m [31m[1m^[22m[39m[31m
[1m^[22m[39m[31m[1m^[22m[39m[31m[1m
^[22m[39m[31m[1m^[22m[39m[31m[1m^[
22m[39m[31m[1m^[22m[39m[31m[1m^[22m
[39m[31m[1m^[22m[39m[31m[1m^[22m[3
9m[31m[1m^[22m[39m
[31m[1m>[22m[39m[90m 25 |[39m   
[33mInstagram[39m[33m,[39m
 [90m    |[39m [31m[1m^[22m[39m[31m
[1m^[22m[39m[31m[1m^[22m[39m[31m[1m
^[22m[39m[31m[1m^[22m[39m[31m[1m^[
22m[39m[31m[1m^[22m[39m[31m[1m^[22m
[39m[31m[1m^[22m[39m[31m[1m^[22m[3
9m[31m[1m^[22m[39m
[31m[1m>[22m[39m[90m 26 |[39m   
[33mLinkedin[39m[33m,[39m
 [90m    |[39m [31m[1m^[22m[39m[31m
[1m^[22m[39m[31m[1m^[22m[39m[31m[1m
^[22m[39m[31m[1m^[22m[39m[31m[1m^[
22m[39m[31m[1m^[22m[39m[31m[1m^[22m
[39m[31m[1m^[22m[39m[31m[1m^[22m[3
9m[31m[1m^[22m[39m
[31m[1m>[22m[39m[90m 27 |[39m   
[33mYoutube[39m[33m,[39m
 [90m    |[39m [31m[1m^[22m[39m[31m
[1m^[22m[39m[31m[1m^[22m[39m[31m[1m
^[22m[39m[31m[1m^[22m[39m[31m[1m^[
22m[39m[31m[1m^[22m[39m[31m[1m^[22m
[39m[31m[1m^[22m[39m[31m[1m^[22m[3
9m[31m[1m^[22m[39m
[31m[1m>[22m[39m[90m 28 |[39m   
[33mTiktok[39m[33m,[39m
 [90m    |[39m [31m[1m^[22m[39m[31m
[1m^[22m[39m[31m[1m^[22m[39m[31m[1m
^[22m[39m[31m[1m^[22m[39m[31m[1m^[
22m[39m[31m[1m^[22m[39m[31m[1m^[22m
[39m[31m[1m^[22m[39m[31m[1m^[22m[3
9m[31m[1m^[22m[39m
[31m[1m>[22m[39m[90m 29 |[39m   
[33mGithub[39m[33m,[39m
 [90m    |[39m [31m[1m^[22m[39m[31m
[1m^[22m[39m[31m[1m^[22m[39m[31m[1m
^[22m[39m[31m[1m^[22m[39m[31m[1m^[
22m[39m[31m[1m^[22m[39m[31m[1m^[22m
[39m[31m[1m^[22m[39m[31m[1m^[22m[3
9m[31m[1m^[22m[39m
[31m[1m>[22m[39m[90m 30 |[39m   
[33mDribbble[39m[33m,[39m
 [90m    |[39m [31m[1m^[22m[39m[31m
[1m^[22m[39m[31m[1m^[22m[39m[31m[1m
^[22m[39m[31m[1m^[22m[39m[31m[1m^[
22m[39m[31m[1m^[22m[39m[31m[1m^[22m
[39m[31m[1m^[22m[39m[31m[1m^[22m[3
9m[31m[1m^[22m[39m
[31m[1m>[22m[39m[90m 31 |[39m   
[33mBehance[39m[33m,[39m
 [90m    |[39m [31m[1m^[22m[39m[31m
[1m^[22m[39m[31m[1m^[22m[39m[31m[1m
^[22m[39m[31m[1m^[22m[39m[31m[1m^[
22m[39m[31m[1m^[22m[39m[31m[1m^[22m
[39m[31m[1m^[22m[39m[31m[1m^[22m[3
9m[31m[1m^[22m[39m
[31m[1m>[22m[39m[90m 32 |[39m   
[33mPinterest[39m[33m,[39m
 [90m    |[39m [31m[1m^[22m[39m[31m
[1m^[22m[39m[31m[1m^[22m[39m[31m[1m
^[22m[39m[31m[1m^[22m[39m[31m[1m^[
22m[39m[31m[1m^[22m[39m[31m[1m^[22m
[39m[31m[1m^[22m[39m[31m[1m^[22m[3
9m[31m[1m^[22m[39m
[31m[1m>[22m[39m[90m 33 |[39m   
[33mSpotify[39m[33m,[39m
 [90m    |[39m [31m[1m^[22m[39m[31m
[1m^[22m[39m[31m[1m^[22m[39m[31m[1m
^[22m[39m[31m[1m^[22m[39m[31m[1m^[
22m[39m[31m[1m^[22m[39m[31m[1m^[22m
[39m[31m[1m^[22m[39m[31m[1m^[22m[3
9m[31m[1m^[22m[39m
[31m[1m>[22m[39m[90m 34 |[39m   
[33mApple[39m[33m,[39m
 [90m    |[39m [31m[1m^[22m[39m[31m
[1m^[22m[39m[31m[1m^[22m[39m[31m[1m
^[22m[39m[31m[1m^[22m[39m[31m[1m^[
22m[39m[31m[1m^[22m[39m[31m[1m^[22m
[39m[31m[1m^[22m[39m[31m[1m^[22m[3
9m[31m[1m^[22m[39m
[31m[1m>[22m[39m[90m 35 |[39m   
[33mDiscord[39m[33m,[39m
 [90m    |[39m [31m[1m^[22m[39m[31m
[1m^[22m[39m[31m[1m^[22m[39m[31m[1m
^[22m[39m[31m[1m^[22m[39m[31m[1m^[
22m[39m[31m[1m^[22m[39m[31m[1m^[22m
[39m[31m[1m^[22m[39m[31m[1m^[22m[3
9m[31m[1m^[22m[39m
[31m[1m>[22m[39m[90m 36 |[39m   
[33mTwitch[39m[33m,[39m
 [90m    |[39m [31m[1m^[22m[39m[31m
[1m^[22m[39m[31m[1m^[22m[39m[31m[1m
^[22m[39m[31m[1m^[22m[39m[31m[1m^[
22m[39m[31m[1m^[22m[39m[31m[1m^[22m
[39m[31m[1m^[22m[39m[31m[1m^[22m[3
9m[31m[1m^[22m[39m
[31m[1m>[22m[39m[90m 37 |[39m   
[33mSnapchat[39m[33m,[39m
 [90m    |[39m [31m[1m^[22m[39m[31m
[1m^[22m[39m[31m[1m^[22m[39m[31m[1m
^[22m[39m[31m[1m^[22m[39m[31m[1m^[
22m[39m[31m[1m^[22m[39m[31m[1m^[22m
[39m[31m[1m^[22m[39m[31m[1m^[22m[3
9m[31m[1m^[22m[39m
[31m[1m>[22m[39m[90m 38 |[39m   
[33mWhatsapp[39m[33m,[39m
 [90m    |[39m [31m[1m^[22m[39m[31m
[1m^[22m[39m[31m[1m^[22m[39m[31m[1m
^[22m[39m[31m[1m^[22m[39m[31m[1m^[
22m[39m[31m[1m^[22m[39m[31m[1m^[22m
[39m[31m[1m^[22m[39m[31m[1m^[22m[3
9m[31m[1m^[22m[39m
[31m[1m>[22m[39m[90m 39 |[39m   
[33mTelegram[39m
 [90m    |[39m [31m[1m^[22m[39m[31m
[1m^[22m[39m[31m[1m^[22m[39m[31m[1m
^[22m[39m[31m[1m^[22m[39m[31m[1m^[
22m[39m[31m[1m^[22m[39m[31m[1m^[22m
[39m[31m[1m^[22m[39m[31m[1m^[22m[3
9m[31m[1m^[22m[39m
[31m[1m>[22m[39m[90m 40 |[39m } 
[36mfrom[39m 
[32m'lucide-react'[39m[33m;[39m
 [90m    |[39m [31m[1m^[22m[39m[31m
[1m^[22m[39m[31m[1m^[22m[39m[31m[1m
^[22m[39m[31m[1m^[22m[39m[31m[1m^[
22m[39m[31m[1m^[22m[39m[31m[1m^[22m
[39m[31m[1m^[22m[39m[31m[1m^[22m[3
9m[31m[1m^[22m[39m[31m[1m^[22m[39m
[31m[1m^[22m[39m[31m[1m^[22m[39m[31
m[1m^[22m[39m[31m[1m^[22m[39m[31m[
1m^[22m[39m[31m[1m^[22m[39m[31m[1m^
[22m[39m[31m[1m^[22m[39m[31m[1m^[2
2m[39m[31m[1m^[22m[39m[31m[1m^[22m
[39m
 [90m 41 |[39m
 [90m 42 |[39m [90m// Import DnD for 
reordering[39m
 [90m 43 |[39m [36mimport[39m {[0m

The export Behance was not found in module 
[project]/karsaaz-qr-frontend-nextjs/node_m
odules/lucide-react/dist/esm/lucide-react.j
s [app-client] (ecmascript).
Did you mean to import Bean?
All exports of the module are statically 
known (It doesn't have dynamic exports). 
So it's known statically that the 
requested export doesn't exist.

Import traces:
  Client Component Browser:
    ./karsaaz-qr-frontend-nextjs/src/compon
ents/qr/biolinks/blocks/SocialLinksBlock.ts
x [Client Component Browser]
    ./karsaaz-qr-frontend-nextjs/src/compon
ents/qr/biolinks/block-registry.ts [Client 
Component Browser]
    ./karsaaz-qr-frontend-nextjs/src/compon
ents/qr/biolinks/BlockEditor.tsx [Client 
Component Browser]
    ./karsaaz-qr-frontend-nextjs/src/compon
ents/qr/biolinks/BiolinkDesigner.tsx 
[Client Component Browser]
    ./karsaaz-qr-frontend-nextjs/src/app/(d
ashboard)/dashboard/qrcodes/new/[type]/page
.tsx [Client Component Browser]
    ./karsaaz-qr-frontend-nextjs/src/app/(d
ashboard)/dashboard/qrcodes/new/[type]/page
.tsx [Server Component]

  Client Component SSR:
    ./karsaaz-qr-frontend-nextjs/src/compon
ents/qr/biolinks/blocks/SocialLinksBlock.ts
x [Client Component SSR]
    ./karsaaz-qr-frontend-nextjs/src/compon
ents/qr/biolinks/block-registry.ts [Client 
Component SSR]
    ./karsaaz-qr-frontend-nextjs/src/compon
ents/qr/biolinks/BlockEditor.tsx [Client 
Component SSR]
    ./karsaaz-qr-frontend-nextjs/src/compon
ents/qr/biolinks/BiolinkDesigner.tsx 
[Client Component SSR]
    ./karsaaz-qr-frontend-nextjs/src/app/(d
ashboard)/dashboard/qrcodes/new/[type]/page
.tsx [Client Component SSR]
    ./karsaaz-qr-frontend-nextjs/src/app/(d
ashboard)/dashboard/qrcodes/new/[type]/page
.tsx [Server Component]


./karsaaz-qr-frontend-nextjs/src/components
/qr/biolinks/blocks/SocialLinksBlock.tsx:22
:1
Export Behance doesn't exist in target 
module
[0m [90m 20 |[39m   [33mMapPin[39m
 [90m 21 |[39m } [36mfrom[39m 
[32m'lucide-react'[39m[33m;[39m
[31m[1m>[22m[39m[90m 22 |[39m 
[36mimport[39m {
 [90m    |[39m [31m[1m^[22m[39m[31m
[1m^[22m[39m[31m[1m^[22m[39m[31m[1m
^[22m[39m[31m[1m^[22m[39m[31m[1m^[
22m[39m[31m[1m^[22m[39m[31m[1m^[22m
[39m
[31m[1m>[22m[39m[90m 23 |[39m   
[33mFacebook[39m[33m,[39m
 [90m    |[39m [31m[1m^[22m[39m[31m
[1m^[22m[39m[31m[1m^[22m[39m[31m[1m
^[22m[39m[31m[1m^[22m[39m[31m[1m^[
22m[39m[31m[1m^[22m[39m[31m[1m^[22m
[39m[31m[1m^[22m[39m[31m[1m^[22m[3
9m[31m[1m^[22m[39m
[31m[1m>[22m[39m[90m 24 |[39m   
[33mTwitter[39m[33m,[39m
 [90m    |[39m [31m[1m^[22m[39m[31m
[1m^[22m[39m[31m[1m^[22m[39m[31m[1m
^[22m[39m[31m[1m^[22m[39m[31m[1m^[
22m[39m[31m[1m^[22m[39m[31m[1m^[22m
[39m[31m[1m^[22m[39m[31m[1m^[22m[3
9m[31m[1m^[22m[39m
[31m[1m>[22m[39m[90m 25 |[39m   
[33mInstagram[39m[33m,[39m
 [90m    |[39m [31m[1m^[22m[39m[31m
[1m^[22m[39m[31m[1m^[22m[39m[31m[1m
^[22m[39m[31m[1m^[22m[39m[31m[1m^[
22m[39m[31m[1m^[22m[39m[31m[1m^[22m
[39m[31m[1m^[22m[39m[31m[1m^[22m[3
9m[31m[1m^[22m[39m
[31m[1m>[22m[39m[90m 26 |[39m   
[33mLinkedin[39m[33m,[39m
 [90m    |[39m [31m[1m^[22m[39m[31m
[1m^[22m[39m[31m[1m^[22m[39m[31m[1m
^[22m[39m[31m[1m^[22m[39m[31m[1m^[
22m[39m[31m[1m^[22m[39m[31m[1m^[22m
[39m[31m[1m^[22m[39m[31m[1m^[22m[3
9m[31m[1m^[22m[39m
[31m[1m>[22m[39m[90m 27 |[39m   
[33mYoutube[39m[33m,[39m
 [90m    |[39m [31m[1m^[22m[39m[31m
[1m^[22m[39m[31m[1m^[22m[39m[31m[1m
^[22m[39m[31m[1m^[22m[39m[31m[1m^[
22m[39m[31m[1m^[22m[39m[31m[1m^[22m
[39m[31m[1m^[22m[39m[31m[1m^[22m[3
9m[31m[1m^[22m[39m
[31m[1m>[22m[39m[90m 28 |[39m   
[33mTiktok[39m[33m,[39m
 [90m    |[39m [31m[1m^[22m[39m[31m
[1m^[22m[39m[31m[1m^[22m[39m[31m[1m
^[22m[39m[31m[1m^[22m[39m[31m[1m^[
22m[39m[31m[1m^[22m[39m[31m[1m^[22m
[39m[31m[1m^[22m[39m[31m[1m^[22m[3
9m[31m[1m^[22m[39m
[31m[1m>[22m[39m[90m 29 |[39m   
[33mGithub[39m[33m,[39m
 [90m    |[39m [31m[1m^[22m[39m[31m
[1m^[22m[39m[31m[1m^[22m[39m[31m[1m
^[22m[39m[31m[1m^[22m[39m[31m[1m^[
22m[39m[31m[1m^[22m[39m[31m[1m^[22m
[39m[31m[1m^[22m[39m[31m[1m^[22m[3
9m[31m[1m^[22m[39m
[31m[1m>[22m[39m[90m 30 |[39m   
[33mDribbble[39m[33m,[39m
 [90m    |[39m [31m[1m^[22m[39m[31m
[1m^[22m[39m[31m[1m^[22m[39m[31m[1m
^[22m[39m[31m[1m^[22m[39m[31m[1m^[
22m[39m[31m[1m^[22m[39m[31m[1m^[22m
[39m[31m[1m^[22m[39m[31m[1m^[22m[3
9m[31m[1m^[22m[39m
[31m[1m>[22m[39m[90m 31 |[39m   
[33mBehance[39m[33m,[39m
 [90m    |[39m [31m[1m^[22m[39m[31m
[1m^[22m[39m[31m[1m^[22m[39m[31m[1m
^[22m[39m[31m[1m^[22m[39m[31m[1m^[
22m[39m[31m[1m^[22m[39m[31m[1m^[22m
[39m[31m[1m^[22m[39m[31m[1m^[22m[3
9m[31m[1m^[22m[39m
[31m[1m>[22m[39m[90m 32 |[39m   
[33mPinterest[39m[33m,[39m
 [90m    |[39m [31m[1m^[22m[39m[31m
[1m^[22m[39m[31m[1m^[22m[39m[31m[1m
^[22m[39m[31m[1m^[22m[39m[31m[1m^[
22m[39m[31m[1m^[22m[39m[31m[1m^[22m
[39m[31m[1m^[22m[39m[31m[1m^[22m[3
9m[31m[1m^[22m[39m
[31m[1m>[22m[39m[90m 33 |[39m   
[33mSpotify[39m[33m,[39m
 [90m    |[39m [31m[1m^[22m[39m[31m
[1m^[22m[39m[31m[1m^[22m[39m[31m[1m
^[22m[39m[31m[1m^[22m[39m[31m[1m^[
22m[39m[31m[1m^[22m[39m[31m[1m^[22m
[39m[31m[1m^[22m[39m[31m[1m^[22m[3
9m[31m[1m^[22m[39m
[31m[1m>[22m[39m[90m 34 |[39m   
[33mApple[39m[33m,[39m
 [90m    |[39m [31m[1m^[22m[39m[31m
[1m^[22m[39m[31m[1m^[22m[39m[31m[1m
^[22m[39m[31m[1m^[22m[39m[31m[1m^[
22m[39m[31m[1m^[22m[39m[31m[1m^[22m
[39m[31m[1m^[22m[39m[31m[1m^[22m[3
9m[31m[1m^[22m[39m
[31m[1m>[22m[39m[90m 35 |[39m   
[33mDiscord[39m[33m,[39m
 [90m    |[39m [31m[1m^[22m[39m[31m
[1m^[22m[39m[31m[1m^[22m[39m[31m[1m
^[22m[39m[31m[1m^[22m[39m[31m[1m^[
22m[39m[31m[1m^[22m[39m[31m[1m^[22m
[39m[31m[1m^[22m[39m[31m[1m^[22m[3
9m[31m[1m^[22m[39m
[31m[1m>[22m[39m[90m 36 |[39m   
[33mTwitch[39m[33m,[39m
 [90m    |[39m [31m[1m^[22m[39m[31m
[1m^[22m[39m[31m[1m^[22m[39m[31m[1m
^[22m[39m[31m[1m^[22m[39m[31m[1m^[
22m[39m[31m[1m^[22m[39m[31m[1m^[22m
[39m[31m[1m^[22m[39m[31m[1m^[22m[3
9m[31m[1m^[22m[39m
[31m[1m>[22m[39m[90m 37 |[39m   
[33mSnapchat[39m[33m,[39m
 [90m    |[39m [31m[1m^[22m[39m[31m
[1m^[22m[39m[31m[1m^[22m[39m[31m[1m
^[22m[39m[31m[1m^[22m[39m[31m[1m^[
22m[39m[31m[1m^[22m[39m[31m[1m^[22m
[39m[31m[1m^[22m[39m[31m[1m^[22m[3
9m[31m[1m^[22m[39m
[31m[1m>[22m[39m[90m 38 |[39m   
[33mWhatsapp[39m[33m,[39m
 [90m    |[39m [31m[1m^[22m[39m[31m
[1m^[22m[39m[31m[1m^[22m[39m[31m[1m
^[22m[39m[31m[1m^[22m[39m[31m[1m^[
22m[39m[31m[1m^[22m[39m[31m[1m^[22m
[39m[31m[1m^[22m[39m[31m[1m^[22m[3
9m[31m[1m^[22m[39m
[31m[1m>[22m[39m[90m 39 |[39m   
[33mTelegram[39m
 [90m    |[39m [31m[1m^[22m[39m[31m
[1m^[22m[39m[31m[1m^[22m[39m[31m[1m
^[22m[39m[31m[1m^[22m[39m[31m[1m^[
22m[39m[31m[1m^[22m[39m[31m[1m^[22m
[39m[31m[1m^[22m[39m[31m[1m^[22m[3
9m[31m[1m^[22m[39m
[31m[1m>[22m[39m[90m 40 |[39m } 
[36mfrom[39m 
[32m'lucide-react'[39m[33m;[39m
 [90m    |[39m [31m[1m^[22m[39m[31m
[1m^[22m[39m[31m[1m^[22m[39m[31m[1m
^[22m[39m[31m[1m^[22m[39m[31m[1m^[
22m[39m[31m[1m^[22m[39m[31m[1m^[22m
[39m[31m[1m^[22m[39m[31m[1m^[22m[3
9m[31m[1m^[22m[39m[31m[1m^[22m[39m
[31m[1m^[22m[39m[31m[1m^[22m[39m[31
m[1m^[22m[39m[31m[1m^[22m[39m[31m[
1m^[22m[39m[31m[1m^[22m[39m[31m[1m^
[22m[39m[31m[1m^[22m[39m[31m[1m^[2
2m[39m[31m[1m^[22m[39m[31m[1m^[22m
[39m
 [90m 41 |[39m
 [90m 42 |[39m [90m// Import DnD for 
reordering[39m
 [90m 43 |[39m [36mimport[39m {[0m

The export Behance was not found in module 
[project]/karsaaz-qr-frontend-nextjs/node_m
odules/lucide-react/dist/esm/lucide-react.j
s [app-ssr] (ecmascript).
Did you mean to import Bean?
All exports of the module are statically 
known (It doesn't have dynamic exports). 
So it's known statically that the 
requested export doesn't exist.

Import traces:
  Client Component Browser:
    ./karsaaz-qr-frontend-nextjs/src/compon
ents/qr/biolinks/blocks/SocialLinksBlock.ts
x [Client Component Browser]
    ./karsaaz-qr-frontend-nextjs/src/compon
ents/qr/biolinks/block-registry.ts [Client 
Component Browser]
    ./karsaaz-qr-frontend-nextjs/src/compon
ents/qr/biolinks/BlockEditor.tsx [Client 
Component Browser]
    ./karsaaz-qr-frontend-nextjs/src/compon
ents/qr/biolinks/BiolinkDesigner.tsx 
[Client Component Browser]
    ./karsaaz-qr-frontend-nextjs/src/app/(d
ashboard)/dashboard/qrcodes/new/[type]/page
.tsx [Client Component Browser]
    ./karsaaz-qr-frontend-nextjs/src/app/(d
ashboard)/dashboard/qrcodes/new/[type]/page
.tsx [Server Component]

  Client Component SSR:
    ./karsaaz-qr-frontend-nextjs/src/compon
ents/qr/biolinks/blocks/SocialLinksBlock.ts
x [Client Component SSR]
    ./karsaaz-qr-frontend-nextjs/src/compon
ents/qr/biolinks/block-registry.ts [Client 
Component SSR]
    ./karsaaz-qr-frontend-nextjs/src/compon
ents/qr/biolinks/BlockEditor.tsx [Client 
Component SSR]
    ./karsaaz-qr-frontend-nextjs/src/compon
ents/qr/biolinks/BiolinkDesigner.tsx 
[Client Component SSR]
    ./karsaaz-qr-frontend-nextjs/src/app/(d
ashboard)/dashboard/qrcodes/new/[type]/page
.tsx [Client Component SSR]
    ./karsaaz-qr-frontend-nextjs/src/app/(d
ashboard)/dashboard/qrcodes/new/[type]/page
.tsx [Server Component]


./karsaaz-qr-frontend-nextjs/src/components
/qr/biolinks/BiolinkDesigner.tsx:13:1
Export BlockEditor doesn't exist in target 
module
[0m [90m 11 |[39m [36mimport[39m 
[33mReact[39m [36mfrom[39m 
[32m"react"[39m[33m;[39m
 [90m 12 |[39m [36mimport[39m { 
useFieldArray[33m,[39m useFormContext } 
[36mfrom[39m 
[32m"react-hook-form"[39m[33m;[39m
[31m[1m>[22m[39m[90m 13 |[39m 
[36mimport[39m { [33mBlockEditor[39m } 
[36mfrom[39m 
[32m"./BlockEditor"[39m[33m;[39m
 [90m    |[39m [31m[1m^[22m[39m[31m
[1m^[22m[39m[31m[1m^[22m[39m[31m[1m
^[22m[39m[31m[1m^[22m[39m[31m[1m^[
22m[39m[31m[1m^[22m[39m[31m[1m^[22m
[39m[31m[1m^[22m[39m[31m[1m^[22m[3
9m[31m[1m^[22m[39m[31m[1m^[22m[39m
[31m[1m^[22m[39m[31m[1m^[22m[39m[31
m[1m^[22m[39m[31m[1m^[22m[39m[31m[
1m^[22m[39m[31m[1m^[22m[39m[31m[1m^
[22m[39m[31m[1m^[22m[39m[31m[1m^[2
2m[39m[31m[1m^[22m[39m[31m[1m^[22m
[39m[31m[1m^[22m[39m[31m[1m^[22m[39
m[31m[1m^[22m[39m[31m[1m^[22m[39m[
31m[1m^[22m[39m[31m[1m^[22m[39m[31m
[1m^[22m[39m[31m[1m^[22m[39m[31m[1
m^[22m[39m[31m[1m^[22m[39m[31m[1m^
[22m[39m[31m[1m^[22m[39m[31m[1m^[22
m[39m[31m[1m^[22m[39m[31m[1m^[22m[
39m[31m[1m^[22m[39m[31m[1m^[22m[39m
[31m[1m^[22m[39m[31m[1m^[22m[39m[3
1m[1m^[22m[39m[31m[1m^[22m[39m
 [90m 14 |[39m [36mimport[39m { 
[33mBiolinkBlock[39m[33m,[39m 
[33mBiolinkBlockType[39m[33m,[39m 
biolinkBlockDefinitions } [36mfrom[39m 
[32m"./types"[39m[33m;[39m
 [90m 15 |[39m
 [90m 16 |[39m [36mexport[39m 
[36mfunction[39m 
[33mBiolinkDesigner[39m() {[0m

The export BlockEditor was not found in 
module [project]/karsaaz-qr-frontend-nextjs
/src/components/qr/biolinks/BlockEditor.tsx
 [app-client] (ecmascript).
Did you mean to import default?
All exports of the module are statically 
known (It doesn't have dynamic exports). 
So it's known statically that the 
requested export doesn't exist.

Import traces:
  Client Component Browser:
    ./karsaaz-qr-frontend-nextjs/src/compon
ents/qr/biolinks/BiolinkDesigner.tsx 
[Client Component Browser]
    ./karsaaz-qr-frontend-nextjs/src/app/(d
ashboard)/dashboard/qrcodes/new/[type]/page
.tsx [Client Component Browser]
    ./karsaaz-qr-frontend-nextjs/src/app/(d
ashboard)/dashboard/qrcodes/new/[type]/page
.tsx [Server Component]

  Client Component SSR:
    ./karsaaz-qr-frontend-nextjs/src/compon
ents/qr/biolinks/BiolinkDesigner.tsx 
[Client Component SSR]
    ./karsaaz-qr-frontend-nextjs/src/app/(d
ashboard)/dashboard/qrcodes/new/[type]/page
.tsx [Client Component SSR]
    ./karsaaz-qr-frontend-nextjs/src/app/(d
ashboard)/dashboard/qrcodes/new/[type]/page
.tsx [Server Component]


./karsaaz-qr-frontend-nextjs/src/components
/qr/biolinks/BiolinkDesigner.tsx:13:1
Export BlockEditor doesn't exist in target 
module
[0m [90m 11 |[39m [36mimport[39m 
[33mReact[39m [36mfrom[39m 
[32m"react"[39m[33m;[39m
 [90m 12 |[39m [36mimport[39m { 
useFieldArray[33m,[39m useFormContext } 
[36mfrom[39m 
[32m"react-hook-form"[39m[33m;[39m
[31m[1m>[22m[39m[90m 13 |[39m 
[36mimport[39m { [33mBlockEditor[39m } 
[36mfrom[39m 
[32m"./BlockEditor"[39m[33m;[39m
 [90m    |[39m [31m[1m^[22m[39m[31m
[1m^[22m[39m[31m[1m^[22m[39m[31m[1m
^[22m[39m[31m[1m^[22m[39m[31m[1m^[
22m[39m[31m[1m^[22m[39m[31m[1m^[22m
[39m[31m[1m^[22m[39m[31m[1m^[22m[3
9m[31m[1m^[22m[39m[31m[1m^[22m[39m
[31m[1m^[22m[39m[31m[1m^[22m[39m[31
m[1m^[22m[39m[31m[1m^[22m[39m[31m[
1m^[22m[39m[31m[1m^[22m[39m[31m[1m^
[22m[39m[31m[1m^[22m[39m[31m[1m^[2
2m[39m[31m[1m^[22m[39m[31m[1m^[22m
[39m[31m[1m^[22m[39m[31m[1m^[22m[39
m[31m[1m^[22m[39m[31m[1m^[22m[39m[
31m[1m^[22m[39m[31m[1m^[22m[39m[31m
[1m^[22m[39m[31m[1m^[22m[39m[31m[1
m^[22m[39m[31m[1m^[22m[39m[31m[1m^
[22m[39m[31m[1m^[22m[39m[31m[1m^[22
m[39m[31m[1m^[22m[39m[31m[1m^[22m[
39m[31m[1m^[22m[39m[31m[1m^[22m[39m
[31m[1m^[22m[39m[31m[1m^[22m[39m[3
1m[1m^[22m[39m[31m[1m^[22m[39m
 [90m 14 |[39m [36mimport[39m { 
[33mBiolinkBlock[39m[33m,[39m 
[33mBiolinkBlockType[39m[33m,[39m 
biolinkBlockDefinitions } [36mfrom[39m 
[32m"./types"[39m[33m;[39m
 [90m 15 |[39m
 [90m 16 |[39m [36mexport[39m 
[36mfunction[39m 
[33mBiolinkDesigner[39m() {[0m

The export BlockEditor was not found in 
module [project]/karsaaz-qr-frontend-nextjs
/src/components/qr/biolinks/BlockEditor.tsx
 [app-ssr] (ecmascript).
Did you mean to import default?
All exports of the module are statically 
known (It doesn't have dynamic exports). 
So it's known statically that the 
requested export doesn't exist.

Import traces:
  Client Component Browser:
    ./karsaaz-qr-frontend-nextjs/src/compon
ents/qr/biolinks/BiolinkDesigner.tsx 
[Client Component Browser]
    ./karsaaz-qr-frontend-nextjs/src/app/(d
ashboard)/dashboard/qrcodes/new/[type]/page
.tsx [Client Component Browser]
    ./karsaaz-qr-frontend-nextjs/src/app/(d
ashboard)/dashboard/qrcodes/new/[type]/page
.tsx [Server Component]

  Client Component SSR:
    ./karsaaz-qr-frontend-nextjs/src/compon
ents/qr/biolinks/BiolinkDesigner.tsx 
[Client Component SSR]
    ./karsaaz-qr-frontend-nextjs/src/app/(d
ashboard)/dashboard/qrcodes/new/[type]/page
.tsx [Client Component SSR]
    ./karsaaz-qr-frontend-nextjs/src/app/(d
ashboard)/dashboard/qrcodes/new/[type]/page
.tsx [Server Component]


./karsaaz-qr-frontend-nextjs/src/app/(dashb
oard)/account/support-tickets/page.tsx:5:1
Export DialogContent doesn't exist in 
target module
[0m [90m 3 |[39m [36mimport[39m { 
[33mButton[39m } [36mfrom[39m [32m"@/c
omponents/ui/button"[39m[33m;[39m
 [90m 4 |[39m [36mimport[39m { 
[33mCard[39m[33m,[39m 
[33mCardContent[39m[33m,[39m 
[33mCardDescription[39m[33m,[39m 
[33mCardHeader[39m[33m,[39m 
[33mCardTitle[39m } [36mfrom[39m 
[32m"@/components/ui/card"[39m[33m;[39m
[31m[1m>[22m[39m[90m 5 |[39m 
[36mimport[39m { 
[33mDialog[39m[33m,[39m 
[33mDialogContent[39m[33m,[39m 
[33mDialogDescription[39m[33m,[39m 
[33mDialogFooter[39m[33m,[39m 
[33mDialogHeader[39m[33m,[39m 
[33mDialogTitle[39m[33m,[39m 
[33mDialogTrigger[39m } [36mfrom[39m [
32m"@/components/ui/dialog"[39m[33m;[39m
 [90m   |[39m [31m[1m^[22m[39m[31m[
1m^[22m[39m[31m[1m^[22m[39m[31m[1m^
[22m[39m[31m[1m^[22m[39m[31m[1m^[2
2m[39m[31m[1m^[22m[39m[31m[1m^[22m
[39m[31m[1m^[22m[39m[31m[1m^[22m[39
m[31m[1m^[22m[39m[31m[1m^[22m[39m[
31m[1m^[22m[39m[31m[1m^[22m[39m[31m
[1m^[22m[39m[31m[1m^[22m[39m[31m[1
m^[22m[39m[31m[1m^[22m[39m[31m[1m^
[22m[39m[31m[1m^[22m[39m[31m[1m^[22
m[39m[31m[1m^[22m[39m[31m[1m^[22m[
39m[31m[1m^[22m[39m[31m[1m^[22m[39m
[31m[1m^[22m[39m[31m[1m^[22m[39m[3
1m[1m^[22m[39m[31m[1m^[22m[39m[31m
[1m^[22m[39m[31m[1m^[22m[39m[31m[1m
^[22m[39m[31m[1m^[22m[39m[31m[1m^[
22m[39m[31m[1m^[22m[39m[31m[1m^[22m
[39m[31m[1m^[22m[39m[31m[1m^[22m[3
9m[31m[1m^[22m[39m[31m[1m^[22m[39m
[31m[1m^[22m[39m[31m[1m^[22m[39m[31
m[1m^[22m[39m[31m[1m^[22m[39m[31m[
1m^[22m[39m[31m[1m^[22m[39m[31m[1m^
[22m[39m[31m[1m^[22m[39m[31m[1m^[2
2m[39m[31m[1m^[22m[39m[31m[1m^[22m
[39m[31m[1m^[22m[39m[31m[1m^[22m[39
m[31m[1m^[22m[39m[31m[1m^[22m[39m[
31m[1m^[22m[39m[31m[1m^[22m[39m[31m
[1m^[22m[39m[31m[1m^[22m[39m[31m[1
m^[22m[39m[31m[1m^[22m[39m[31m[1m^
[22m[39m[31m[1m^[22m[39m[31m[1m^[22
m[39m[31m[1m^[22m[39m[31m[1m^[22m[
39m[31m[1m^[22m[39m[31m[1m^[22m[39m
[31m[1m^[22m[39m[31m[1m^[22m[39m[3
1m[1m^[22m[39m[31m[1m^[22m[39m[31m
[1m^[22m[39m[31m[1m^[22m[39m[31m[1m
^[22m[39m[31m[1m^[22m[39m[31m[1m^[
22m[39m[31m[1m^[22m[39m[31m[1m^[22m
[39m[31m[1m^[22m[39m[31m[1m^[22m[3
9m[31m[1m^[22m[39m[31m[1m^[22m[39m
[31m[1m^[22m[39m[31m[1m^[22m[39m[31
m[1m^[22m[39m[31m[1m^[22m[39m[31m[
1m^[22m[39m[31m[1m^[22m[39m[31m[1m^
[22m[39m[31m[1m^[22m[39m[31m[1m^[2
2m[39m[31m[1m^[22m[39m[31m[1m^[22m
[39m[31m[1m^[22m[39m[31m[1m^[22m[39
m[31m[1m^[22m[39m[31m[1m^[22m[39m[
31m[1m^[22m[39m[31m[1m^[22m[39m[31m
[1m^[22m[39m[31m[1m^[22m[39m[31m[1
m^[22m[39m[31m[1m^[22m[39m[31m[1m^
[22m[39m[31m[1m^[22m[39m[31m[1m^[22
m[39m[31m[1m^[22m[39m[31m[1m^[22m[
39m[31m[1m^[22m[39m[31m[1m^[22m[39m
[31m[1m^[22m[39m[31m[1m^[22m[39m[3
1m[1m^[22m[39m[31m[1m^[22m[39m[31m
[1m^[22m[39m[31m[1m^[22m[39m[31m[1m
^[22m[39m[31m[1m^[22m[39m[31m[1m^[
22m[39m[31m[1m^[22m[39m[31m[1m^[22m
[39m[31m[1m^[22m[39m[31m[1m^[22m[3
9m[31m[1m^[22m[39m[31m[1m^[22m[39m
[31m[1m^[22m[39m[31m[1m^[22m[39m[31
m[1m^[22m[39m[31m[1m^[22m[39m[31m[
1m^[22m[39m[31m[1m^[22m[39m[31m[1m^
[22m[39m[31m[1m^[22m[39m[31m[1m^[2
2m[39m[31m[1m^[22m[39m[31m[1m^[22m
[39m[31m[1m^[22m[39m
 [90m 6 |[39m [36mimport[39m { 
[33mInput[39m } [36mfrom[39m [32m"@/co
mponents/ui/input"[39m[33m;[39m
 [90m 7 |[39m [36mimport[39m { 
[33mLabel[39m } [36mfrom[39m [32m"@/co
mponents/ui/label"[39m[33m;[39m
 [90m 8 |[39m [36mimport[39m { 
[33mSelect[39m[33m,[39m 
[33mSelectContent[39m[33m,[39m 
[33mSelectItem[39m[33m,[39m 
[33mSelectTrigger[39m[33m,[39m 
[33mSelectValue[39m } [36mfrom[39m [32
m"@/components/ui/select"[39m[33m;[39m[
0m

The export DialogContent was not found in 
module [project]/karsaaz-qr-frontend-nextjs
/src/components/ui/dialog.tsx [app-client] 
(ecmascript).
Did you mean to import Dialog?
All exports of the module are statically 
known (It doesn't have dynamic exports). 
So it's known statically that the 
requested export doesn't exist.

Import traces:
  Client Component Browser:
    ./karsaaz-qr-frontend-nextjs/src/app/(d
ashboard)/account/support-tickets/page.tsx 
[Client Component Browser]
    ./karsaaz-qr-frontend-nextjs/src/app/(d
ashboard)/account/support-tickets/page.tsx 
[Server Component]

  Client Component SSR:
    ./karsaaz-qr-frontend-nextjs/src/app/(d
ashboard)/account/support-tickets/page.tsx 
[Client Component SSR]
    ./karsaaz-qr-frontend-nextjs/src/app/(d
ashboard)/account/support-tickets/page.tsx 
[Server Component]


./karsaaz-qr-frontend-nextjs/src/app/(dashb
oard)/account/support-tickets/page.tsx:5:1
Export DialogContent doesn't exist in 
target module
[0m [90m 3 |[39m [36mimport[39m { 
[33mButton[39m } [36mfrom[39m [32m"@/c
omponents/ui/button"[39m[33m;[39m
 [90m 4 |[39m [36mimport[39m { 
[33mCard[39m[33m,[39m 
[33mCardContent[39m[33m,[39m 
[33mCardDescription[39m[33m,[39m 
[33mCardHeader[39m[33m,[39m 
[33mCardTitle[39m } [36mfrom[39m 
[32m"@/components/ui/card"[39m[33m;[39m
[31m[1m>[22m[39m[90m 5 |[39m 
[36mimport[39m { 
[33mDialog[39m[33m,[39m 
[33mDialogContent[39m[33m,[39m 
[33mDialogDescription[39m[33m,[39m 
[33mDialogFooter[39m[33m,[39m 
[33mDialogHeader[39m[33m,[39m 
[33mDialogTitle[39m[33m,[39m 
[33mDialogTrigger[39m } [36mfrom[39m [
32m"@/components/ui/dialog"[39m[33m;[39m
 [90m   |[39m [31m[1m^[22m[39m[31m[
1m^[22m[39m[31m[1m^[22m[39m[31m[1m^
[22m[39m[31m[1m^[22m[39m[31m[1m^[2
2m[39m[31m[1m^[22m[39m[31m[1m^[22m
[39m[31m[1m^[22m[39m[31m[1m^[22m[39
m[31m[1m^[22m[39m[31m[1m^[22m[39m[
31m[1m^[22m[39m[31m[1m^[22m[39m[31m
[1m^[22m[39m[31m[1m^[22m[39m[31m[1
m^[22m[39m[31m[1m^[22m[39m[31m[1m^
[22m[39m[31m[1m^[22m[39m[31m[1m^[22
m[39m[31m[1m^[22m[39m[31m[1m^[22m[
39m[31m[1m^[22m[39m[31m[1m^[22m[39m
[31m[1m^[22m[39m[31m[1m^[22m[39m[3
1m[1m^[22m[39m[31m[1m^[22m[39m[31m
[1m^[22m[39m[31m[1m^[22m[39m[31m[1m
^[22m[39m[31m[1m^[22m[39m[31m[1m^[
22m[39m[31m[1m^[22m[39m[31m[1m^[22m
[39m[31m[1m^[22m[39m[31m[1m^[22m[3
9m[31m[1m^[22m[39m[31m[1m^[22m[39m
[31m[1m^[22m[39m[31m[1m^[22m[39m[31
m[1m^[22m[39m[31m[1m^[22m[39m[31m[
1m^[22m[39m[31m[1m^[22m[39m[31m[1m^
[22m[39m[31m[1m^[22m[39m[31m[1m^[2
2m[39m[31m[1m^[22m[39m[31m[1m^[22m
[39m[31m[1m^[22m[39m[31m[1m^[22m[39
m[31m[1m^[22m[39m[31m[1m^[22m[39m[
31m[1m^[22m[39m[31m[1m^[22m[39m[31m
[1m^[22m[39m[31m[1m^[22m[39m[31m[1
m^[22m[39m[31m[1m^[22m[39m[31m[1m^
[22m[39m[31m[1m^[22m[39m[31m[1m^[22
m[39m[31m[1m^[22m[39m[31m[1m^[22m[
39m[31m[1m^[22m[39m[31m[1m^[22m[39m
[31m[1m^[22m[39m[31m[1m^[22m[39m[3
1m[1m^[22m[39m[31m[1m^[22m[39m[31m
[1m^[22m[39m[31m[1m^[22m[39m[31m[1m
^[22m[39m[31m[1m^[22m[39m[31m[1m^[
22m[39m[31m[1m^[22m[39m[31m[1m^[22m
[39m[31m[1m^[22m[39m[31m[1m^[22m[3
9m[31m[1m^[22m[39m[31m[1m^[22m[39m
[31m[1m^[22m[39m[31m[1m^[22m[39m[31
m[1m^[22m[39m[31m[1m^[22m[39m[31m[
1m^[22m[39m[31m[1m^[22m[39m[31m[1m^
[22m[39m[31m[1m^[22m[39m[31m[1m^[2
2m[39m[31m[1m^[22m[39m[31m[1m^[22m
[39m[31m[1m^[22m[39m[31m[1m^[22m[39
m[31m[1m^[22m[39m[31m[1m^[22m[39m[
31m[1m^[22m[39m[31m[1m^[22m[39m[31m
[1m^[22m[39m[31m[1m^[22m[39m[31m[1
m^[22m[39m[31m[1m^[22m[39m[31m[1m^
[22m[39m[31m[1m^[22m[39m[31m[1m^[22
m[39m[31m[1m^[22m[39m[31m[1m^[22m[
39m[31m[1m^[22m[39m[31m[1m^[22m[39m
[31m[1m^[22m[39m[31m[1m^[22m[39m[3
1m[1m^[22m[39m[31m[1m^[22m[39m[31m
[1m^[22m[39m[31m[1m^[22m[39m[31m[1m
^[22m[39m[31m[1m^[22m[39m[31m[1m^[
22m[39m[31m[1m^[22m[39m[31m[1m^[22m
[39m[31m[1m^[22m[39m[31m[1m^[22m[3
9m[31m[1m^[22m[39m[31m[1m^[22m[39m
[31m[1m^[22m[39m[31m[1m^[22m[39m[31
m[1m^[22m[39m[31m[1m^[22m[39m[31m[
1m^[22m[39m[31m[1m^[22m[39m[31m[1m^
[22m[39m[31m[1m^[22m[39m[31m[1m^[2
2m[39m[31m[1m^[22m[39m[31m[1m^[22m
[39m[31m[1m^[22m[39m
 [90m 6 |[39m [36mimport[39m { 
[33mInput[39m } [36mfrom[39m [32m"@/co
mponents/ui/input"[39m[33m;[39m
 [90m 7 |[39m [36mimport[39m { 
[33mLabel[39m } [36mfrom[39m [32m"@/co
mponents/ui/label"[39m[33m;[39m
 [90m 8 |[39m [36mimport[39m { 
[33mSelect[39m[33m,[39m 
[33mSelectContent[39m[33m,[39m 
[33mSelectItem[39m[33m,[39m 
[33mSelectTrigger[39m[33m,[39m 
[33mSelectValue[39m } [36mfrom[39m [32
m"@/components/ui/select"[39m[33m;[39m[
0m

The export DialogContent was not found in 
module [project]/karsaaz-qr-frontend-nextjs
/src/components/ui/dialog.tsx [app-ssr] 
(ecmascript).
Did you mean to import Dialog?
All exports of the module are statically 
known (It doesn't have dynamic exports). 
So it's known statically that the 
requested export doesn't exist.

Import traces:
  Client Component Browser:
    ./karsaaz-qr-frontend-nextjs/src/app/(d
ashboard)/account/support-tickets/page.tsx 
[Client Component Browser]
    ./karsaaz-qr-frontend-nextjs/src/app/(d
ashboard)/account/support-tickets/page.tsx 
[Server Component]

  Client Component SSR:
    ./karsaaz-qr-frontend-nextjs/src/app/(d
ashboard)/account/support-tickets/page.tsx 
[Client Component SSR]
    ./karsaaz-qr-frontend-nextjs/src/app/(d
ashboard)/account/support-tickets/page.tsx 
[Server Component]


./karsaaz-qr-frontend-nextjs/src/app/(dashb
oard)/account/support-tickets/page.tsx:5:1
Export DialogTrigger doesn't exist in 
target module
[0m [90m 3 |[39m [36mimport[39m { 
[33mButton[39m } [36mfrom[39m [32m"@/c
omponents/ui/button"[39m[33m;[39m
 [90m 4 |[39m [36mimport[39m { 
[33mCard[39m[33m,[39m 
[33mCardContent[39m[33m,[39m 
[33mCardDescription[39m[33m,[39m 
[33mCardHeader[39m[33m,[39m 
[33mCardTitle[39m } [36mfrom[39m 
[32m"@/components/ui/card"[39m[33m;[39m
[31m[1m>[22m[39m[90m 5 |[39m 
[36mimport[39m { 
[33mDialog[39m[33m,[39m 
[33mDialogContent[39m[33m,[39m 
[33mDialogDescription[39m[33m,[39m 
[33mDialogFooter[39m[33m,[39m 
[33mDialogHeader[39m[33m,[39m 
[33mDialogTitle[39m[33m,[39m 
[33mDialogTrigger[39m } [36mfrom[39m [
32m"@/components/ui/dialog"[39m[33m;[39m
 [90m   |[39m [31m[1m^[22m[39m[31m[
1m^[22m[39m[31m[1m^[22m[39m[31m[1m^
[22m[39m[31m[1m^[22m[39m[31m[1m^[2
2m[39m[31m[1m^[22m[39m[31m[1m^[22m
[39m[31m[1m^[22m[39m[31m[1m^[22m[39
m[31m[1m^[22m[39m[31m[1m^[22m[39m[
31m[1m^[22m[39m[31m[1m^[22m[39m[31m
[1m^[22m[39m[31m[1m^[22m[39m[31m[1
m^[22m[39m[31m[1m^[22m[39m[31m[1m^
[22m[39m[31m[1m^[22m[39m[31m[1m^[22
m[39m[31m[1m^[22m[39m[31m[1m^[22m[
39m[31m[1m^[22m[39m[31m[1m^[22m[39m
[31m[1m^[22m[39m[31m[1m^[22m[39m[3
1m[1m^[22m[39m[31m[1m^[22m[39m[31m
[1m^[22m[39m[31m[1m^[22m[39m[31m[1m
^[22m[39m[31m[1m^[22m[39m[31m[1m^[
22m[39m[31m[1m^[22m[39m[31m[1m^[22m
[39m[31m[1m^[22m[39m[31m[1m^[22m[3
9m[31m[1m^[22m[39m[31m[1m^[22m[39m
[31m[1m^[22m[39m[31m[1m^[22m[39m[31
m[1m^[22m[39m[31m[1m^[22m[39m[31m[
1m^[22m[39m[31m[1m^[22m[39m[31m[1m^
[22m[39m[31m[1m^[22m[39m[31m[1m^[2
2m[39m[31m[1m^[22m[39m[31m[1m^[22m
[39m[31m[1m^[22m[39m[31m[1m^[22m[39
m[31m[1m^[22m[39m[31m[1m^[22m[39m[
31m[1m^[22m[39m[31m[1m^[22m[39m[31m
[1m^[22m[39m[31m[1m^[22m[39m[31m[1
m^[22m[39m[31m[1m^[22m[39m[31m[1m^
[22m[39m[31m[1m^[22m[39m[31m[1m^[22
m[39m[31m[1m^[22m[39m[31m[1m^[22m[
39m[31m[1m^[22m[39m[31m[1m^[22m[39m
[31m[1m^[22m[39m[31m[1m^[22m[39m[3
1m[1m^[22m[39m[31m[1m^[22m[39m[31m
[1m^[22m[39m[31m[1m^[22m[39m[31m[1m
^[22m[39m[31m[1m^[22m[39m[31m[1m^[
22m[39m[31m[1m^[22m[39m[31m[1m^[22m
[39m[31m[1m^[22m[39m[31m[1m^[22m[3
9m[31m[1m^[22m[39m[31m[1m^[22m[39m
[31m[1m^[22m[39m[31m[1m^[22m[39m[31
m[1m^[22m[39m[31m[1m^[22m[39m[31m[
1m^[22m[39m[31m[1m^[22m[39m[31m[1m^
[22m[39m[31m[1m^[22m[39m[31m[1m^[2
2m[39m[31m[1m^[22m[39m[31m[1m^[22m
[39m[31m[1m^[22m[39m[31m[1m^[22m[39
m[31m[1m^[22m[39m[31m[1m^[22m[39m[
31m[1m^[22m[39m[31m[1m^[22m[39m[31m
[1m^[22m[39m[31m[1m^[22m[39m[31m[1
m^[22m[39m[31m[1m^[22m[39m[31m[1m^
[22m[39m[31m[1m^[22m[39m[31m[1m^[22
m[39m[31m[1m^[22m[39m[31m[1m^[22m[
39m[31m[1m^[22m[39m[31m[1m^[22m[39m
[31m[1m^[22m[39m[31m[1m^[22m[39m[3
1m[1m^[22m[39m[31m[1m^[22m[39m[31m
[1m^[22m[39m[31m[1m^[22m[39m[31m[1m
^[22m[39m[31m[1m^[22m[39m[31m[1m^[
22m[39m[31m[1m^[22m[39m[31m[1m^[22m
[39m[31m[1m^[22m[39m[31m[1m^[22m[3
9m[31m[1m^[22m[39m[31m[1m^[22m[39m
[31m[1m^[22m[39m[31m[1m^[22m[39m[31
m[1m^[22m[39m[31m[1m^[22m[39m[31m[
1m^[22m[39m[31m[1m^[22m[39m[31m[1m^
[22m[39m[31m[1m^[22m[39m[31m[1m^[2
2m[39m[31m[1m^[22m[39m[31m[1m^[22m
[39m[31m[1m^[22m[39m
 [90m 6 |[39m [36mimport[39m { 
[33mInput[39m } [36mfrom[39m [32m"@/co
mponents/ui/input"[39m[33m;[39m
 [90m 7 |[39m [36mimport[39m { 
[33mLabel[39m } [36mfrom[39m [32m"@/co
mponents/ui/label"[39m[33m;[39m
 [90m 8 |[39m [36mimport[39m { 
[33mSelect[39m[33m,[39m 
[33mSelectContent[39m[33m,[39m 
[33mSelectItem[39m[33m,[39m 
[33mSelectTrigger[39m[33m,[39m 
[33mSelectValue[39m } [36mfrom[39m [32
m"@/components/ui/select"[39m[33m;[39m[
0m

The export DialogTrigger was not found in 
module [project]/karsaaz-qr-frontend-nextjs
/src/components/ui/dialog.tsx [app-client] 
(ecmascript).
Did you mean to import DialogTitle?
All exports of the module are statically 
known (It doesn't have dynamic exports). 
So it's known statically that the 
requested export doesn't exist.

Import traces:
  Client Component Browser:
    ./karsaaz-qr-frontend-nextjs/src/app/(d
ashboard)/account/support-tickets/page.tsx 
[Client Component Browser]
    ./karsaaz-qr-frontend-nextjs/src/app/(d
ashboard)/account/support-tickets/page.tsx 
[Server Component]

  Client Component SSR:
    ./karsaaz-qr-frontend-nextjs/src/app/(d
ashboard)/account/support-tickets/page.tsx 
[Client Component SSR]
    ./karsaaz-qr-frontend-nextjs/src/app/(d
ashboard)/account/support-tickets/page.tsx 
[Server Component]


./karsaaz-qr-frontend-nextjs/src/app/(dashb
oard)/account/support-tickets/page.tsx:5:1
Export DialogTrigger doesn't exist in 
target module
[0m [90m 3 |[39m [36mimport[39m { 
[33mButton[39m } [36mfrom[39m [32m"@/c
omponents/ui/button"[39m[33m;[39m
 [90m 4 |[39m [36mimport[39m { 
[33mCard[39m[33m,[39m 
[33mCardContent[39m[33m,[39m 
[33mCardDescription[39m[33m,[39m 
[33mCardHeader[39m[33m,[39m 
[33mCardTitle[39m } [36mfrom[39m 
[32m"@/components/ui/card"[39m[33m;[39m
[31m[1m>[22m[39m[90m 5 |[39m 
[36mimport[39m { 
[33mDialog[39m[33m,[39m 
[33mDialogContent[39m[33m,[39m 
[33mDialogDescription[39m[33m,[39m 
[33mDialogFooter[39m[33m,[39m 
[33mDialogHeader[39m[33m,[39m 
[33mDialogTitle[39m[33m,[39m 
[33mDialogTrigger[39m } [36mfrom[39m [
32m"@/components/ui/dialog"[39m[33m;[39m
 [90m   |[39m [31m[1m^[22m[39m[31m[
1m^[22m[39m[31m[1m^[22m[39m[31m[1m^
[22m[39m[31m[1m^[22m[39m[31m[1m^[2
2m[39m[31m[1m^[22m[39m[31m[1m^[22m
[39m[31m[1m^[22m[39m[31m[1m^[22m[39
m[31m[1m^[22m[39m[31m[1m^[22m[39m[
31m[1m^[22m[39m[31m[1m^[22m[39m[31m
[1m^[22m[39m[31m[1m^[22m[39m[31m[1
m^[22m[39m[31m[1m^[22m[39m[31m[1m^
[22m[39m[31m[1m^[22m[39m[31m[1m^[22
m[39m[31m[1m^[22m[39m[31m[1m^[22m[
39m[31m[1m^[22m[39m[31m[1m^[22m[39m
[31m[1m^[22m[39m[31m[1m^[22m[39m[3
1m[1m^[22m[39m[31m[1m^[22m[39m[31m
[1m^[22m[39m[31m[1m^[22m[39m[31m[1m
^[22m[39m[31m[1m^[22m[39m[31m[1m^[
22m[39m[31m[1m^[22m[39m[31m[1m^[22m
[39m[31m[1m^[22m[39m[31m[1m^[22m[3
9m[31m[1m^[22m[39m[31m[1m^[22m[39m
[31m[1m^[22m[39m[31m[1m^[22m[39m[31
m[1m^[22m[39m[31m[1m^[22m[39m[31m[
1m^[22m[39m[31m[1m^[22m[39m[31m[1m^
[22m[39m[31m[1m^[22m[39m[31m[1m^[2
2m[39m[31m[1m^[22m[39m[31m[1m^[22m
[39m[31m[1m^[22m[39m[31m[1m^[22m[39
m[31m[1m^[22m[39m[31m[1m^[22m[39m[
31m[1m^[22m[39m[31m[1m^[22m[39m[31m
[1m^[22m[39m[31m[1m^[22m[39m[31m[1
m^[22m[39m[31m[1m^[22m[39m[31m[1m^
[22m[39m[31m[1m^[22m[39m[31m[1m^[22
m[39m[31m[1m^[22m[39m[31m[1m^[22m[
39m[31m[1m^[22m[39m[31m[1m^[22m[39m
[31m[1m^[22m[39m[31m[1m^[22m[39m[3
1m[1m^[22m[39m[31m[1m^[22m[39m[31m
[1m^[22m[39m[31m[1m^[22m[39m[31m[1m
^[22m[39m[31m[1m^[22m[39m[31m[1m^[
22m[39m[31m[1m^[22m[39m[31m[1m^[22m
[39m[31m[1m^[22m[39m[31m[1m^[22m[3
9m[31m[1m^[22m[39m[31m[1m^[22m[39m
[31m[1m^[22m[39m[31m[1m^[22m[39m[31
m[1m^[22m[39m[31m[1m^[22m[39m[31m[
1m^[22m[39m[31m[1m^[22m[39m[31m[1m^
[22m[39m[31m[1m^[22m[39m[31m[1m^[2
2m[39m[31m[1m^[22m[39m[31m[1m^[22m
[39m[31m[1m^[22m[39m[31m[1m^[22m[39
m[31m[1m^[22m[39m[31m[1m^[22m[39m[
31m[1m^[22m[39m[31m[1m^[22m[39m[31m
[1m^[22m[39m[31m[1m^[22m[39m[31m[1
m^[22m[39m[31m[1m^[22m[39m[31m[1m^
[22m[39m[31m[1m^[22m[39m[31m[1m^[22
m[39m[31m[1m^[22m[39m[31m[1m^[22m[
39m[31m[1m^[22m[39m[31m[1m^[22m[39m
[31m[1m^[22m[39m[31m[1m^[22m[39m[3
1m[1m^[22m[39m[31m[1m^[22m[39m[31m
[1m^[22m[39m[31m[1m^[22m[39m[31m[1m
^[22m[39m[31m[1m^[22m[39m[31m[1m^[
22m[39m[31m[1m^[22m[39m[31m[1m^[22m
[39m[31m[1m^[22m[39m[31m[1m^[22m[3
9m[31m[1m^[22m[39m[31m[1m^[22m[39m
[31m[1m^[22m[39m[31m[1m^[22m[39m[31
m[1m^[22m[39m[31m[1m^[22m[39m[31m[
1m^[22m[39m[31m[1m^[22m[39m[31m[1m^
[22m[39m[31m[1m^[22m[39m[31m[1m^[2
2m[39m[31m[1m^[22m[39m[31m[1m^[22m
[39m[31m[1m^[22m[39m
 [90m 6 |[39m [36mimport[39m { 
[33mInput[39m } [36mfrom[39m [32m"@/co
mponents/ui/input"[39m[33m;[39m
 [90m 7 |[39m [36mimport[39m { 
[33mLabel[39m } [36mfrom[39m [32m"@/co
mponents/ui/label"[39m[33m;[39m
 [90m 8 |[39m [36mimport[39m { 
[33mSelect[39m[33m,[39m 
[33mSelectContent[39m[33m,[39m 
[33mSelectItem[39m[33m,[39m 
[33mSelectTrigger[39m[33m,[39m 
[33mSelectValue[39m } [36mfrom[39m [32
m"@/components/ui/select"[39m[33m;[39m[
0m

The export DialogTrigger was not found in 
module [project]/karsaaz-qr-frontend-nextjs
/src/components/ui/dialog.tsx [app-ssr] 
(ecmascript).
Did you mean to import DialogTitle?
All exports of the module are statically 
known (It doesn't have dynamic exports). 
So it's known statically that the 
requested export doesn't exist.

Import traces:
  Client Component Browser:
    ./karsaaz-qr-frontend-nextjs/src/app/(d
ashboard)/account/support-tickets/page.tsx 
[Client Component Browser]
    ./karsaaz-qr-frontend-nextjs/src/app/(d
ashboard)/account/support-tickets/page.tsx 
[Server Component]

  Client Component SSR:
    ./karsaaz-qr-frontend-nextjs/src/app/(d
ashboard)/account/support-tickets/page.tsx 
[Client Component SSR]
    ./karsaaz-qr-frontend-nextjs/src/app/(d
ashboard)/account/support-tickets/page.tsx 
[Server Component]


./karsaaz-qr-frontend-nextjs/src/components
/qr/biolinks/blocks/SocialLinksBlock.tsx:22
:1
Export Discord doesn't exist in target 
module
[0m [90m 20 |[39m   [33mMapPin[39m
 [90m 21 |[39m } [36mfrom[39m 
[32m'lucide-react'[39m[33m;[39m
[31m[1m>[22m[39m[90m 22 |[39m 
[36mimport[39m {
 [90m    |[39m [31m[1m^[22m[39m[31m
[1m^[22m[39m[31m[1m^[22m[39m[31m[1m
^[22m[39m[31m[1m^[22m[39m[31m[1m^[
22m[39m[31m[1m^[22m[39m[31m[1m^[22m
[39m
[31m[1m>[22m[39m[90m 23 |[39m   
[33mFacebook[39m[33m,[39m
 [90m    |[39m [31m[1m^[22m[39m[31m
[1m^[22m[39m[31m[1m^[22m[39m[31m[1m
^[22m[39m[31m[1m^[22m[39m[31m[1m^[
22m[39m[31m[1m^[22m[39m[31m[1m^[22m
[39m[31m[1m^[22m[39m[31m[1m^[22m[3
9m[31m[1m^[22m[39m
[31m[1m>[22m[39m[90m 24 |[39m   
[33mTwitter[39m[33m,[39m
 [90m    |[39m [31m[1m^[22m[39m[31m
[1m^[22m[39m[31m[1m^[22m[39m[31m[1m
^[22m[39m[31m[1m^[22m[39m[31m[1m^[
22m[39m[31m[1m^[22m[39m[31m[1m^[22m
[39m[31m[1m^[22m[39m[31m[1m^[22m[3
9m[31m[1m^[22m[39m
[31m[1m>[22m[39m[90m 25 |[39m   
[33mInstagram[39m[33m,[39m
 [90m    |[39m [31m[1m^[22m[39m[31m
[1m^[22m[39m[31m[1m^[22m[39m[31m[1m
^[22m[39m[31m[1m^[22m[39m[31m[1m^[
22m[39m[31m[1m^[22m[39m[31m[1m^[22m
[39m[31m[1m^[22m[39m[31m[1m^[22m[3
9m[31m[1m^[22m[39m
[31m[1m>[22m[39m[90m 26 |[39m   
[33mLinkedin[39m[33m,[39m
 [90m    |[39m [31m[1m^[22m[39m[31m
[1m^[22m[39m[31m[1m^[22m[39m[31m[1m
^[22m[39m[31m[1m^[22m[39m[31m[1m^[
22m[39m[31m[1m^[22m[39m[31m[1m^[22m
[39m[31m[1m^[22m[39m[31m[1m^[22m[3
9m[31m[1m^[22m[39m
[31m[1m>[22m[39m[90m 27 |[39m   
[33mYoutube[39m[33m,[39m
 [90m    |[39m [31m[1m^[22m[39m[31m
[1m^[22m[39m[31m[1m^[22m[39m[31m[1m
^[22m[39m[31m[1m^[22m[39m[31m[1m^[
22m[39m[31m[1m^[22m[39m[31m[1m^[22m
[39m[31m[1m^[22m[39m[31m[1m^[22m[3
9m[31m[1m^[22m[39m
[31m[1m>[22m[39m[90m 28 |[39m   
[33mTiktok[39m[33m,[39m
 [90m    |[39m [31m[1m^[22m[39m[31m
[1m^[22m[39m[31m[1m^[22m[39m[31m[1m
^[22m[39m[31m[1m^[22m[39m[31m[1m^[
22m[39m[31m[1m^[22m[39m[31m[1m^[22m
[39m[31m[1m^[22m[39m[31m[1m^[22m[3
9m[31m[1m^[22m[39m
[31m[1m>[22m[39m[90m 29 |[39m   
[33mGithub[39m[33m,[39m
 [90m    |[39m [31m[1m^[22m[39m[31m
[1m^[22m[39m[31m[1m^[22m[39m[31m[1m
^[22m[39m[31m[1m^[22m[39m[31m[1m^[
22m[39m[31m[1m^[22m[39m[31m[1m^[22m
[39m[31m[1m^[22m[39m[31m[1m^[22m[3
9m[31m[1m^[22m[39m
[31m[1m>[22m[39m[90m 30 |[39m   
[33mDribbble[39m[33m,[39m
 [90m    |[39m [31m[1m^[22m[39m[31m
[1m^[22m[39m[31m[1m^[22m[39m[31m[1m
^[22m[39m[31m[1m^[22m[39m[31m[1m^[
22m[39m[31m[1m^[22m[39m[31m[1m^[22m
[39m[31m[1m^[22m[39m[31m[1m^[22m[3
9m[31m[1m^[22m[39m
[31m[1m>[22m[39m[90m 31 |[39m   
[33mBehance[39m[33m,[39m
 [90m    |[39m [31m[1m^[22m[39m[31m
[1m^[22m[39m[31m[1m^[22m[39m[31m[1m
^[22m[39m[31m[1m^[22m[39m[31m[1m^[
22m[39m[31m[1m^[22m[39m[31m[1m^[22m
[39m[31m[1m^[22m[39m[31m[1m^[22m[3
9m[31m[1m^[22m[39m
[31m[1m>[22m[39m[90m 32 |[39m   
[33mPinterest[39m[33m,[39m
 [90m    |[39m [31m[1m^[22m[39m[31m
[1m^[22m[39m[31m[1m^[22m[39m[31m[1m
^[22m[39m[31m[1m^[22m[39m[31m[1m^[
22m[39m[31m[1m^[22m[39m[31m[1m^[22m
[39m[31m[1m^[22m[39m[31m[1m^[22m[3
9m[31m[1m^[22m[39m
[31m[1m>[22m[39m[90m 33 |[39m   
[33mSpotify[39m[33m,[39m
 [90m    |[39m [31m[1m^[22m[39m[31m
[1m^[22m[39m[31m[1m^[22m[39m[31m[1m
^[22m[39m[31m[1m^[22m[39m[31m[1m^[
22m[39m[31m[1m^[22m[39m[31m[1m^[22m
[39m[31m[1m^[22m[39m[31m[1m^[22m[3
9m[31m[1m^[22m[39m
[31m[1m>[22m[39m[90m 34 |[39m   
[33mApple[39m[33m,[39m
 [90m    |[39m [31m[1m^[22m[39m[31m
[1m^[22m[39m[31m[1m^[22m[39m[31m[1m
^[22m[39m[31m[1m^[22m[39m[31m[1m^[
22m[39m[31m[1m^[22m[39m[31m[1m^[22m
[39m[31m[1m^[22m[39m[31m[1m^[22m[3
9m[31m[1m^[22m[39m
[31m[1m>[22m[39m[90m 35 |[39m   
[33mDiscord[39m[33m,[39m
 [90m    |[39m [31m[1m^[22m[39m[31m
[1m^[22m[39m[31m[1m^[22m[39m[31m[1m
^[22m[39m[31m[1m^[22m[39m[31m[1m^[
22m[39m[31m[1m^[22m[39m[31m[1m^[22m
[39m[31m[1m^[22m[39m[31m[1m^[22m[3
9m[31m[1m^[22m[39m
[31m[1m>[22m[39m[90m 36 |[39m   
[33mTwitch[39m[33m,[39m
 [90m    |[39m [31m[1m^[22m[39m[31m
[1m^[22m[39m[31m[1m^[22m[39m[31m[1m
^[22m[39m[31m[1m^[22m[39m[31m[1m^[
22m[39m[31m[1m^[22m[39m[31m[1m^[22m
[39m[31m[1m^[22m[39m[31m[1m^[22m[3
9m[31m[1m^[22m[39m
[31m[1m>[22m[39m[90m 37 |[39m   
[33mSnapchat[39m[33m,[39m
 [90m    |[39m [31m[1m^[22m[39m[31m
[1m^[22m[39m[31m[1m^[22m[39m[31m[1m
^[22m[39m[31m[1m^[22m[39m[31m[1m^[
22m[39m[31m[1m^[22m[39m[31m[1m^[22m
[39m[31m[1m^[22m[39m[31m[1m^[22m[3
9m[31m[1m^[22m[39m
[31m[1m>[22m[39m[90m 38 |[39m   
[33mWhatsapp[39m[33m,[39m
 [90m    |[39m [31m[1m^[22m[39m[31m
[1m^[22m[39m[31m[1m^[22m[39m[31m[1m
^[22m[39m[31m[1m^[22m[39m[31m[1m^[
22m[39m[31m[1m^[22m[39m[31m[1m^[22m
[39m[31m[1m^[22m[39m[31m[1m^[22m[3
9m[31m[1m^[22m[39m
[31m[1m>[22m[39m[90m 39 |[39m   
[33mTelegram[39m
 [90m    |[39m [31m[1m^[22m[39m[31m
[1m^[22m[39m[31m[1m^[22m[39m[31m[1m
^[22m[39m[31m[1m^[22m[39m[31m[1m^[
22m[39m[31m[1m^[22m[39m[31m[1m^[22m
[39m[31m[1m^[22m[39m[31m[1m^[22m[3
9m[31m[1m^[22m[39m
[31m[1m>[22m[39m[90m 40 |[39m } 
[36mfrom[39m 
[32m'lucide-react'[39m[33m;[39m
 [90m    |[39m [31m[1m^[22m[39m[31m
[1m^[22m[39m[31m[1m^[22m[39m[31m[1m
^[22m[39m[31m[1m^[22m[39m[31m[1m^[
22m[39m[31m[1m^[22m[39m[31m[1m^[22m
[39m[31m[1m^[22m[39m[31m[1m^[22m[3
9m[31m[1m^[22m[39m[31m[1m^[22m[39m
[31m[1m^[22m[39m[31m[1m^[22m[39m[31
m[1m^[22m[39m[31m[1m^[22m[39m[31m[
1m^[22m[39m[31m[1m^[22m[39m[31m[1m^
[22m[39m[31m[1m^[22m[39m[31m[1m^[2
2m[39m[31m[1m^[22m[39m[31m[1m^[22m
[39m
 [90m 41 |[39m
 [90m 42 |[39m [90m// Import DnD for 
reordering[39m
 [90m 43 |[39m [36mimport[39m {[0m

The export Discord was not found in module 
[project]/karsaaz-qr-frontend-nextjs/node_m
odules/lucide-react/dist/esm/lucide-react.j
s [app-client] (ecmascript).
Did you mean to import Disc?
All exports of the module are statically 
known (It doesn't have dynamic exports). 
So it's known statically that the 
requested export doesn't exist.

Import traces:
  Client Component Browser:
    ./karsaaz-qr-frontend-nextjs/src/compon
ents/qr/biolinks/blocks/SocialLinksBlock.ts
x [Client Component Browser]
    ./karsaaz-qr-frontend-nextjs/src/compon
ents/qr/biolinks/block-registry.ts [Client 
Component Browser]
    ./karsaaz-qr-frontend-nextjs/src/compon
ents/qr/biolinks/BlockEditor.tsx [Client 
Component Browser]
    ./karsaaz-qr-frontend-nextjs/src/compon
ents/qr/biolinks/BiolinkDesigner.tsx 
[Client Component Browser]
    ./karsaaz-qr-frontend-nextjs/src/app/(d
ashboard)/dashboard/qrcodes/new/[type]/page
.tsx [Client Component Browser]
    ./karsaaz-qr-frontend-nextjs/src/app/(d
ashboard)/dashboard/qrcodes/new/[type]/page
.tsx [Server Component]

  Client Component SSR:
    ./karsaaz-qr-frontend-nextjs/src/compon
ents/qr/biolinks/blocks/SocialLinksBlock.ts
x [Client Component SSR]
    ./karsaaz-qr-frontend-nextjs/src/compon
ents/qr/biolinks/block-registry.ts [Client 
Component SSR]
    ./karsaaz-qr-frontend-nextjs/src/compon
ents/qr/biolinks/BlockEditor.tsx [Client 
Component SSR]
    ./karsaaz-qr-frontend-nextjs/src/compon
ents/qr/biolinks/BiolinkDesigner.tsx 
[Client Component SSR]
    ./karsaaz-qr-frontend-nextjs/src/app/(d
ashboard)/dashboard/qrcodes/new/[type]/page
.tsx [Client Component SSR]
    ./karsaaz-qr-frontend-nextjs/src/app/(d
ashboard)/dashboard/qrcodes/new/[type]/page
.tsx [Server Component]


./karsaaz-qr-frontend-nextjs/src/components
/qr/biolinks/blocks/SocialLinksBlock.tsx:22
:1
Export Discord doesn't exist in target 
module
[0m [90m 20 |[39m   [33mMapPin[39m
 [90m 21 |[39m } [36mfrom[39m 
[32m'lucide-react'[39m[33m;[39m
[31m[1m>[22m[39m[90m 22 |[39m 
[36mimport[39m {
 [90m    |[39m [31m[1m^[22m[39m[31m
[1m^[22m[39m[31m[1m^[22m[39m[31m[1m
^[22m[39m[31m[1m^[22m[39m[31m[1m^[
22m[39m[31m[1m^[22m[39m[31m[1m^[22m
[39m
[31m[1m>[22m[39m[90m 23 |[39m   
[33mFacebook[39m[33m,[39m
 [90m    |[39m [31m[1m^[22m[39m[31m
[1m^[22m[39m[31m[1m^[22m[39m[31m[1m
^[22m[39m[31m[1m^[22m[39m[31m[1m^[
22m[39m[31m[1m^[22m[39m[31m[1m^[22m
[39m[31m[1m^[22m[39m[31m[1m^[22m[3
9m[31m[1m^[22m[39m
[31m[1m>[22m[39m[90m 24 |[39m   
[33mTwitter[39m[33m,[39m
 [90m    |[39m [31m[1m^[22m[39m[31m
[1m^[22m[39m[31m[1m^[22m[39m[31m[1m
^[22m[39m[31m[1m^[22m[39m[31m[1m^[
22m[39m[31m[1m^[22m[39m[31m[1m^[22m
[39m[31m[1m^[22m[39m[31m[1m^[22m[3
9m[31m[1m^[22m[39m
[31m[1m>[22m[39m[90m 25 |[39m   
[33mInstagram[39m[33m,[39m
 [90m    |[39m [31m[1m^[22m[39m[31m
[1m^[22m[39m[31m[1m^[22m[39m[31m[1m
^[22m[39m[31m[1m^[22m[39m[31m[1m^[
22m[39m[31m[1m^[22m[39m[31m[1m^[22m
[39m[31m[1m^[22m[39m[31m[1m^[22m[3
9m[31m[1m^[22m[39m
[31m[1m>[22m[39m[90m 26 |[39m   
[33mLinkedin[39m[33m,[39m
 [90m    |[39m [31m[1m^[22m[39m[31m
[1m^[22m[39m[31m[1m^[22m[39m[31m[1m
^[22m[39m[31m[1m^[22m[39m[31m[1m^[
22m[39m[31m[1m^[22m[39m[31m[1m^[22m
[39m[31m[1m^[22m[39m[31m[1m^[22m[3
9m[31m[1m^[22m[39m
[31m[1m>[22m[39m[90m 27 |[39m   
[33mYoutube[39m[33m,[39m
 [90m    |[39m [31m[1m^[22m[39m[31m
[1m^[22m[39m[31m[1m^[22m[39m[31m[1m
^[22m[39m[31m[1m^[22m[39m[31m[1m^[
22m[39m[31m[1m^[22m[39m[31m[1m^[22m
[39m[31m[1m^[22m[39m[31m[1m^[22m[3
9m[31m[1m^[22m[39m
[31m[1m>[22m[39m[90m 28 |[39m   
[33mTiktok[39m[33m,[39m
 [90m    |[39m [31m[1m^[22m[39m[31m
[1m^[22m[39m[31m[1m^[22m[39m[31m[1m
^[22m[39m[31m[1m^[22m[39m[31m[1m^[
22m[39m[31m[1m^[22m[39m[31m[1m^[22m
[39m[31m[1m^[22m[39m[31m[1m^[22m[3
9m[31m[1m^[22m[39m
[31m[1m>[22m[39m[90m 29 |[39m   
[33mGithub[39m[33m,[39m
 [90m    |[39m [31m[1m^[22m[39m[31m
[1m^[22m[39m[31m[1m^[22m[39m[31m[1m
^[22m[39m[31m[1m^[22m[39m[31m[1m^[
22m[39m[31m[1m^[22m[39m[31m[1m^[22m
[39m[31m[1m^[22m[39m[31m[1m^[22m[3
9m[31m[1m^[22m[39m
[31m[1m>[22m[39m[90m 30 |[39m   
[33mDribbble[39m[33m,[39m
 [90m    |[39m [31m[1m^[22m[39m[31m
[1m^[22m[39m[31m[1m^[22m[39m[31m[1m
^[22m[39m[31m[1m^[22m[39m[31m[1m^[
22m[39m[31m[1m^[22m[39m[31m[1m^[22m
[39m[31m[1m^[22m[39m[31m[1m^[22m[3
9m[31m[1m^[22m[39m
[31m[1m>[22m[39m[90m 31 |[39m   
[33mBehance[39m[33m,[39m
 [90m    |[39m [31m[1m^[22m[39m[31m
[1m^[22m[39m[31m[1m^[22m[39m[31m[1m
^[22m[39m[31m[1m^[22m[39m[31m[1m^[
22m[39m[31m[1m^[22m[39m[31m[1m^[22m
[39m[31m[1m^[22m[39m[31m[1m^[22m[3
9m[31m[1m^[22m[39m
[31m[1m>[22m[39m[90m 32 |[39m   
[33mPinterest[39m[33m,[39m
 [90m    |[39m [31m[1m^[22m[39m[31m
[1m^[22m[39m[31m[1m^[22m[39m[31m[1m
^[22m[39m[31m[1m^[22m[39m[31m[1m^[
22m[39m[31m[1m^[22m[39m[31m[1m^[22m
[39m[31m[1m^[22m[39m[31m[1m^[22m[3
9m[31m[1m^[22m[39m
[31m[1m>[22m[39m[90m 33 |[39m   
[33mSpotify[39m[33m,[39m
 [90m    |[39m [31m[1m^[22m[39m[31m
[1m^[22m[39m[31m[1m^[22m[39m[31m[1m
^[22m[39m[31m[1m^[22m[39m[31m[1m^[
22m[39m[31m[1m^[22m[39m[31m[1m^[22m
[39m[31m[1m^[22m[39m[31m[1m^[22m[3
9m[31m[1m^[22m[39m
[31m[1m>[22m[39m[90m 34 |[39m   
[33mApple[39m[33m,[39m
 [90m    |[39m [31m[1m^[22m[39m[31m
[1m^[22m[39m[31m[1m^[22m[39m[31m[1m
^[22m[39m[31m[1m^[22m[39m[31m[1m^[
22m[39m[31m[1m^[22m[39m[31m[1m^[22m
[39m[31m[1m^[22m[39m[31m[1m^[22m[3
9m[31m[1m^[22m[39m
[31m[1m>[22m[39m[90m 35 |[39m   
[33mDiscord[39m[33m,[39m
 [90m    |[39m [31m[1m^[22m[39m[31m
[1m^[22m[39m[31m[1m^[22m[39m[31m[1m
^[22m[39m[31m[1m^[22m[39m[31m[1m^[
22m[39m[31m[1m^[22m[39m[31m[1m^[22m
[39m[31m[1m^[22m[39m[31m[1m^[22m[3
9m[31m[1m^[22m[39m
[31m[1m>[22m[39m[90m 36 |[39m   
[33mTwitch[39m[33m,[39m
 [90m    |[39m [31m[1m^[22m[39m[31m
[1m^[22m[39m[31m[1m^[22m[39m[31m[1m
^[22m[39m[31m[1m^[22m[39m[31m[1m^[
22m[39m[31m[1m^[22m[39m[31m[1m^[22m
[39m[31m[1m^[22m[39m[31m[1m^[22m[3
9m[31m[1m^[22m[39m
[31m[1m>[22m[39m[90m 37 |[39m   
[33mSnapchat[39m[33m,[39m
 [90m    |[39m [31m[1m^[22m[39m[31m
[1m^[22m[39m[31m[1m^[22m[39m[31m[1m
^[22m[39m[31m[1m^[22m[39m[31m[1m^[
22m[39m[31m[1m^[22m[39m[31m[1m^[22m
[39m[31m[1m^[22m[39m[31m[1m^[22m[3
9m[31m[1m^[22m[39m
[31m[1m>[22m[39m[90m 38 |[39m   
[33mWhatsapp[39m[33m,[39m
 [90m    |[39m [31m[1m^[22m[39m[31m
[1m^[22m[39m[31m[1m^[22m[39m[31m[1m
^[22m[39m[31m[1m^[22m[39m[31m[1m^[
22m[39m[31m[1m^[22m[39m[31m[1m^[22m
[39m[31m[1m^[22m[39m[31m[1m^[22m[3
9m[31m[1m^[22m[39m
[31m[1m>[22m[39m[90m 39 |[39m   
[33mTelegram[39m
 [90m    |[39m [31m[1m^[22m[39m[31m
[1m^[22m[39m[31m[1m^[22m[39m[31m[1m
^[22m[39m[31m[1m^[22m[39m[31m[1m^[
22m[39m[31m[1m^[22m[39m[31m[1m^[22m
[39m[31m[1m^[22m[39m[31m[1m^[22m[3
9m[31m[1m^[22m[39m
[31m[1m>[22m[39m[90m 40 |[39m } 
[36mfrom[39m 
[32m'lucide-react'[39m[33m;[39m
 [90m    |[39m [31m[1m^[22m[39m[31m
[1m^[22m[39m[31m[1m^[22m[39m[31m[1m
^[22m[39m[31m[1m^[22m[39m[31m[1m^[
22m[39m[31m[1m^[22m[39m[31m[1m^[22m
[39m[31m[1m^[22m[39m[31m[1m^[22m[3
9m[31m[1m^[22m[39m[31m[1m^[22m[39m
[31m[1m^[22m[39m[31m[1m^[22m[39m[31
m[1m^[22m[39m[31m[1m^[22m[39m[31m[
1m^[22m[39m[31m[1m^[22m[39m[31m[1m^
[22m[39m[31m[1m^[22m[39m[31m[1m^[2
2m[39m[31m[1m^[22m[39m[31m[1m^[22m
[39m
 [90m 41 |[39m
 [90m 42 |[39m [90m// Import DnD for 
reordering[39m
 [90m 43 |[39m [36mimport[39m {[0m

The export Discord was not found in module 
[project]/karsaaz-qr-frontend-nextjs/node_m
odules/lucide-react/dist/esm/lucide-react.j
s [app-ssr] (ecmascript).
Did you mean to import Disc?
All exports of the module are statically 
known (It doesn't have dynamic exports). 
So it's known statically that the 
requested export doesn't exist.

Import traces:
  Client Component Browser:
    ./karsaaz-qr-frontend-nextjs/src/compon
ents/qr/biolinks/blocks/SocialLinksBlock.ts
x [Client Component Browser]
    ./karsaaz-qr-frontend-nextjs/src/compon
ents/qr/biolinks/block-registry.ts [Client 
Component Browser]
    ./karsaaz-qr-frontend-nextjs/src/compon
ents/qr/biolinks/BlockEditor.tsx [Client 
Component Browser]
    ./karsaaz-qr-frontend-nextjs/src/compon
ents/qr/biolinks/BiolinkDesigner.tsx 
[Client Component Browser]
    ./karsaaz-qr-frontend-nextjs/src/app/(d
ashboard)/dashboard/qrcodes/new/[type]/page
.tsx [Client Component Browser]
    ./karsaaz-qr-frontend-nextjs/src/app/(d
ashboard)/dashboard/qrcodes/new/[type]/page
.tsx [Server Component]

  Client Component SSR:
    ./karsaaz-qr-frontend-nextjs/src/compon
ents/qr/biolinks/blocks/SocialLinksBlock.ts
x [Client Component SSR]
    ./karsaaz-qr-frontend-nextjs/src/compon
ents/qr/biolinks/block-registry.ts [Client 
Component SSR]
    ./karsaaz-qr-frontend-nextjs/src/compon
ents/qr/biolinks/BlockEditor.tsx [Client 
Component SSR]
    ./karsaaz-qr-frontend-nextjs/src/compon
ents/qr/biolinks/BiolinkDesigner.tsx 
[Client Component SSR]
    ./karsaaz-qr-frontend-nextjs/src/app/(d
ashboard)/dashboard/qrcodes/new/[type]/page
.tsx [Client Component SSR]
    ./karsaaz-qr-frontend-nextjs/src/app/(d
ashboard)/dashboard/qrcodes/new/[type]/page
.tsx [Server Component]


./karsaaz-qr-frontend-nextjs/src/components
/qr/biolinks/blocks/SocialLinksBlock.tsx:22
:1
Export Pinterest doesn't exist in target 
module
[0m [90m 20 |[39m   [33mMapPin[39m
 [90m 21 |[39m } [36mfrom[39m 
[32m'lucide-react'[39m[33m;[39m
[31m[1m>[22m[39m[90m 22 |[39m 
[36mimport[39m {
 [90m    |[39m [31m[1m^[22m[39m[31m
[1m^[22m[39m[31m[1m^[22m[39m[31m[1m
^[22m[39m[31m[1m^[22m[39m[31m[1m^[
22m[39m[31m[1m^[22m[39m[31m[1m^[22m
[39m
[31m[1m>[22m[39m[90m 23 |[39m   
[33mFacebook[39m[33m,[39m
 [90m    |[39m [31m[1m^[22m[39m[31m
[1m^[22m[39m[31m[1m^[22m[39m[31m[1m
^[22m[39m[31m[1m^[22m[39m[31m[1m^[
22m[39m[31m[1m^[22m[39m[31m[1m^[22m
[39m[31m[1m^[22m[39m[31m[1m^[22m[3
9m[31m[1m^[22m[39m
[31m[1m>[22m[39m[90m 24 |[39m   
[33mTwitter[39m[33m,[39m
 [90m    |[39m [31m[1m^[22m[39m[31m
[1m^[22m[39m[31m[1m^[22m[39m[31m[1m
^[22m[39m[31m[1m^[22m[39m[31m[1m^[
22m[39m[31m[1m^[22m[39m[31m[1m^[22m
[39m[31m[1m^[22m[39m[31m[1m^[22m[3
9m[31m[1m^[22m[39m
[31m[1m>[22m[39m[90m 25 |[39m   
[33mInstagram[39m[33m,[39m
 [90m    |[39m [31m[1m^[22m[39m[31m
[1m^[22m[39m[31m[1m^[22m[39m[31m[1m
^[22m[39m[31m[1m^[22m[39m[31m[1m^[
22m[39m[31m[1m^[22m[39m[31m[1m^[22m
[39m[31m[1m^[22m[39m[31m[1m^[22m[3
9m[31m[1m^[22m[39m
[31m[1m>[22m[39m[90m 26 |[39m   
[33mLinkedin[39m[33m,[39m
 [90m    |[39m [31m[1m^[22m[39m[31m
[1m^[22m[39m[31m[1m^[22m[39m[31m[1m
^[22m[39m[31m[1m^[22m[39m[31m[1m^[
22m[39m[31m[1m^[22m[39m[31m[1m^[22m
[39m[31m[1m^[22m[39m[31m[1m^[22m[3
9m[31m[1m^[22m[39m
[31m[1m>[22m[39m[90m 27 |[39m   
[33mYoutube[39m[33m,[39m
 [90m    |[39m [31m[1m^[22m[39m[31m
[1m^[22m[39m[31m[1m^[22m[39m[31m[1m
^[22m[39m[31m[1m^[22m[39m[31m[1m^[
22m[39m[31m[1m^[22m[39m[31m[1m^[22m
[39m[31m[1m^[22m[39m[31m[1m^[22m[3
9m[31m[1m^[22m[39m
[31m[1m>[22m[39m[90m 28 |[39m   
[33mTiktok[39m[33m,[39m
 [90m    |[39m [31m[1m^[22m[39m[31m
[1m^[22m[39m[31m[1m^[22m[39m[31m[1m
^[22m[39m[31m[1m^[22m[39m[31m[1m^[
22m[39m[31m[1m^[22m[39m[31m[1m^[22m
[39m[31m[1m^[22m[39m[31m[1m^[22m[3
9m[31m[1m^[22m[39m
[31m[1m>[22m[39m[90m 29 |[39m   
[33mGithub[39m[33m,[39m
 [90m    |[39m [31m[1m^[22m[39m[31m
[1m^[22m[39m[31m[1m^[22m[39m[31m[1m
^[22m[39m[31m[1m^[22m[39m[31m[1m^[
22m[39m[31m[1m^[22m[39m[31m[1m^[22m
[39m[31m[1m^[22m[39m[31m[1m^[22m[3
9m[31m[1m^[22m[39m
[31m[1m>[22m[39m[90m 30 |[39m   
[33mDribbble[39m[33m,[39m
 [90m    |[39m [31m[1m^[22m[39m[31m
[1m^[22m[39m[31m[1m^[22m[39m[31m[1m
^[22m[39m[31m[1m^[22m[39m[31m[1m^[
22m[39m[31m[1m^[22m[39m[31m[1m^[22m
[39m[31m[1m^[22m[39m[31m[1m^[22m[3
9m[31m[1m^[22m[39m
[31m[1m>[22m[39m[90m 31 |[39m   
[33mBehance[39m[33m,[39m
 [90m    |[39m [31m[1m^[22m[39m[31m
[1m^[22m[39m[31m[1m^[22m[39m[31m[1m
^[22m[39m[31m[1m^[22m[39m[31m[1m^[
22m[39m[31m[1m^[22m[39m[31m[1m^[22m
[39m[31m[1m^[22m[39m[31m[1m^[22m[3
9m[31m[1m^[22m[39m
[31m[1m>[22m[39m[90m 32 |[39m   
[33mPinterest[39m[33m,[39m
 [90m    |[39m [31m[1m^[22m[39m[31m
[1m^[22m[39m[31m[1m^[22m[39m[31m[1m
^[22m[39m[31m[1m^[22m[39m[31m[1m^[
22m[39m[31m[1m^[22m[39m[31m[1m^[22m
[39m[31m[1m^[22m[39m[31m[1m^[22m[3
9m[31m[1m^[22m[39m
[31m[1m>[22m[39m[90m 33 |[39m   
[33mSpotify[39m[33m,[39m
 [90m    |[39m [31m[1m^[22m[39m[31m
[1m^[22m[39m[31m[1m^[22m[39m[31m[1m
^[22m[39m[31m[1m^[22m[39m[31m[1m^[
22m[39m[31m[1m^[22m[39m[31m[1m^[22m
[39m[31m[1m^[22m[39m[31m[1m^[22m[3
9m[31m[1m^[22m[39m
[31m[1m>[22m[39m[90m 34 |[39m   
[33mApple[39m[33m,[39m
 [90m    |[39m [31m[1m^[22m[39m[31m
[1m^[22m[39m[31m[1m^[22m[39m[31m[1m
^[22m[39m[31m[1m^[22m[39m[31m[1m^[
22m[39m[31m[1m^[22m[39m[31m[1m^[22m
[39m[31m[1m^[22m[39m[31m[1m^[22m[3
9m[31m[1m^[22m[39m
[31m[1m>[22m[39m[90m 35 |[39m   
[33mDiscord[39m[33m,[39m
 [90m    |[39m [31m[1m^[22m[39m[31m
[1m^[22m[39m[31m[1m^[22m[39m[31m[1m
^[22m[39m[31m[1m^[22m[39m[31m[1m^[
22m[39m[31m[1m^[22m[39m[31m[1m^[22m
[39m[31m[1m^[22m[39m[31m[1m^[22m[3
9m[31m[1m^[22m[39m
[31m[1m>[22m[39m[90m 36 |[39m   
[33mTwitch[39m[33m,[39m
 [90m    |[39m [31m[1m^[22m[39m[31m
[1m^[22m[39m[31m[1m^[22m[39m[31m[1m
^[22m[39m[31m[1m^[22m[39m[31m[1m^[
22m[39m[31m[1m^[22m[39m[31m[1m^[22m
[39m[31m[1m^[22m[39m[31m[1m^[22m[3
9m[31m[1m^[22m[39m
[31m[1m>[22m[39m[90m 37 |[39m   
[33mSnapchat[39m[33m,[39m
 [90m    |[39m [31m[1m^[22m[39m[31m
[1m^[22m[39m[31m[1m^[22m[39m[31m[1m
^[22m[39m[31m[1m^[22m[39m[31m[1m^[
22m[39m[31m[1m^[22m[39m[31m[1m^[22m
[39m[31m[1m^[22m[39m[31m[1m^[22m[3
9m[31m[1m^[22m[39m
[31m[1m>[22m[39m[90m 38 |[39m   
[33mWhatsapp[39m[33m,[39m
 [90m    |[39m [31m[1m^[22m[39m[31m
[1m^[22m[39m[31m[1m^[22m[39m[31m[1m
^[22m[39m[31m[1m^[22m[39m[31m[1m^[
22m[39m[31m[1m^[22m[39m[31m[1m^[22m
[39m[31m[1m^[22m[39m[31m[1m^[22m[3
9m[31m[1m^[22m[39m
[31m[1m>[22m[39m[90m 39 |[39m   
[33mTelegram[39m
 [90m    |[39m [31m[1m^[22m[39m[31m
[1m^[22m[39m[31m[1m^[22m[39m[31m[1m
^[22m[39m[31m[1m^[22m[39m[31m[1m^[
22m[39m[31m[1m^[22m[39m[31m[1m^[22m
[39m[31m[1m^[22m[39m[31m[1m^[22m[3
9m[31m[1m^[22m[39m
[31m[1m>[22m[39m[90m 40 |[39m } 
[36mfrom[39m 
[32m'lucide-react'[39m[33m;[39m
 [90m    |[39m [31m[1m^[22m[39m[31m
[1m^[22m[39m[31m[1m^[22m[39m[31m[1m
^[22m[39m[31m[1m^[22m[39m[31m[1m^[
22m[39m[31m[1m^[22m[39m[31m[1m^[22m
[39m[31m[1m^[22m[39m[31m[1m^[22m[3
9m[31m[1m^[22m[39m[31m[1m^[22m[39m
[31m[1m^[22m[39m[31m[1m^[22m[39m[31
m[1m^[22m[39m[31m[1m^[22m[39m[31m[
1m^[22m[39m[31m[1m^[22m[39m[31m[1m^
[22m[39m[31m[1m^[22m[39m[31m[1m^[2
2m[39m[31m[1m^[22m[39m[31m[1m^[22m
[39m
 [90m 41 |[39m
 [90m 42 |[39m [90m// Import DnD for 
reordering[39m
 [90m 43 |[39m [36mimport[39m {[0m

The export Pinterest was not found in 
module [project]/karsaaz-qr-frontend-nextjs
/node_modules/lucide-react/dist/esm/lucide-
react.js [app-client] (ecmascript).
Did you mean to import Printer?
All exports of the module are statically 
known (It doesn't have dynamic exports). 
So it's known statically that the 
requested export doesn't exist.

Import traces:
  Client Component Browser:
    ./karsaaz-qr-frontend-nextjs/src/compon
ents/qr/biolinks/blocks/SocialLinksBlock.ts
x [Client Component Browser]
    ./karsaaz-qr-frontend-nextjs/src/compon
ents/qr/biolinks/block-registry.ts [Client 
Component Browser]
    ./karsaaz-qr-frontend-nextjs/src/compon
ents/qr/biolinks/BlockEditor.tsx [Client 
Component Browser]
    ./karsaaz-qr-frontend-nextjs/src/compon
ents/qr/biolinks/BiolinkDesigner.tsx 
[Client Component Browser]
    ./karsaaz-qr-frontend-nextjs/src/app/(d
ashboard)/dashboard/qrcodes/new/[type]/page
.tsx [Client Component Browser]
    ./karsaaz-qr-frontend-nextjs/src/app/(d
ashboard)/dashboard/qrcodes/new/[type]/page
.tsx [Server Component]

  Client Component SSR:
    ./karsaaz-qr-frontend-nextjs/src/compon
ents/qr/biolinks/blocks/SocialLinksBlock.ts
x [Client Component SSR]
    ./karsaaz-qr-frontend-nextjs/src/compon
ents/qr/biolinks/block-registry.ts [Client 
Component SSR]
    ./karsaaz-qr-frontend-nextjs/src/compon
ents/qr/biolinks/BlockEditor.tsx [Client 
Component SSR]
    ./karsaaz-qr-frontend-nextjs/src/compon
ents/qr/biolinks/BiolinkDesigner.tsx 
[Client Component SSR]
    ./karsaaz-qr-frontend-nextjs/src/app/(d
ashboard)/dashboard/qrcodes/new/[type]/page
.tsx [Client Component SSR]
    ./karsaaz-qr-frontend-nextjs/src/app/(d
ashboard)/dashboard/qrcodes/new/[type]/page
.tsx [Server Component]


./karsaaz-qr-frontend-nextjs/src/components
/qr/biolinks/blocks/SocialLinksBlock.tsx:22
:1
Export Pinterest doesn't exist in target 
module
[0m [90m 20 |[39m   [33mMapPin[39m
 [90m 21 |[39m } [36mfrom[39m 
[32m'lucide-react'[39m[33m;[39m
[31m[1m>[22m[39m[90m 22 |[39m 
[36mimport[39m {
 [90m    |[39m [31m[1m^[22m[39m[31m
[1m^[22m[39m[31m[1m^[22m[39m[31m[1m
^[22m[39m[31m[1m^[22m[39m[31m[1m^[
22m[39m[31m[1m^[22m[39m[31m[1m^[22m
[39m
[31m[1m>[22m[39m[90m 23 |[39m   
[33mFacebook[39m[33m,[39m
 [90m    |[39m [31m[1m^[22m[39m[31m
[1m^[22m[39m[31m[1m^[22m[39m[31m[1m
^[22m[39m[31m[1m^[22m[39m[31m[1m^[
22m[39m[31m[1m^[22m[39m[31m[1m^[22m
[39m[31m[1m^[22m[39m[31m[1m^[22m[3
9m[31m[1m^[22m[39m
[31m[1m>[22m[39m[90m 24 |[39m   
[33mTwitter[39m[33m,[39m
 [90m    |[39m [31m[1m^[22m[39m[31m
[1m^[22m[39m[31m[1m^[22m[39m[31m[1m
^[22m[39m[31m[1m^[22m[39m[31m[1m^[
22m[39m[31m[1m^[22m[39m[31m[1m^[22m
[39m[31m[1m^[22m[39m[31m[1m^[22m[3
9m[31m[1m^[22m[39m
[31m[1m>[22m[39m[90m 25 |[39m   
[33mInstagram[39m[33m,[39m
 [90m    |[39m [31m[1m^[22m[39m[31m
[1m^[22m[39m[31m[1m^[22m[39m[31m[1m
^[22m[39m[31m[1m^[22m[39m[31m[1m^[
22m[39m[31m[1m^[22m[39m[31m[1m^[22m
[39m[31m[1m^[22m[39m[31m[1m^[22m[3
9m[31m[1m^[22m[39m
[31m[1m>[22m[39m[90m 26 |[39m   
[33mLinkedin[39m[33m,[39m
 [90m    |[39m [31m[1m^[22m[39m[31m
[1m^[22m[39m[31m[1m^[22m[39m[31m[1m
^[22m[39m[31m[1m^[22m[39m[31m[1m^[
22m[39m[31m[1m^[22m[39m[31m[1m^[22m
[39m[31m[1m^[22m[39m[31m[1m^[22m[3
9m[31m[1m^[22m[39m
[31m[1m>[22m[39m[90m 27 |[39m   
[33mYoutube[39m[33m,[39m
 [90m    |[39m [31m[1m^[22m[39m[31m
[1m^[22m[39m[31m[1m^[22m[39m[31m[1m
^[22m[39m[31m[1m^[22m[39m[31m[1m^[
22m[39m[31m[1m^[22m[39m[31m[1m^[22m
[39m[31m[1m^[22m[39m[31m[1m^[22m[3
9m[31m[1m^[22m[39m
[31m[1m>[22m[39m[90m 28 |[39m   
[33mTiktok[39m[33m,[39m
 [90m    |[39m [31m[1m^[22m[39m[31m
[1m^[22m[39m[31m[1m^[22m[39m[31m[1m
^[22m[39m[31m[1m^[22m[39m[31m[1m^[
22m[39m[31m[1m^[22m[39m[31m[1m^[22m
[39m[31m[1m^[22m[39m[31m[1m^[22m[3
9m[31m[1m^[22m[39m
[31m[1m>[22m[39m[90m 29 |[39m   
[33mGithub[39m[33m,[39m
 [90m    |[39m [31m[1m^[22m[39m[31m
[1m^[22m[39m[31m[1m^[22m[39m[31m[1m
^[22m[39m[31m[1m^[22m[39m[31m[1m^[
22m[39m[31m[1m^[22m[39m[31m[1m^[22m
[39m[31m[1m^[22m[39m[31m[1m^[22m[3
9m[31m[1m^[22m[39m
[31m[1m>[22m[39m[90m 30 |[39m   
[33mDribbble[39m[33m,[39m
 [90m    |[39m [31m[1m^[22m[39m[31m
[1m^[22m[39m[31m[1m^[22m[39m[31m[1m
^[22m[39m[31m[1m^[22m[39m[31m[1m^[
22m[39m[31m[1m^[22m[39m[31m[1m^[22m
[39m[31m[1m^[22m[39m[31m[1m^[22m[3
9m[31m[1m^[22m[39m
[31m[1m>[22m[39m[90m 31 |[39m   
[33mBehance[39m[33m,[39m
 [90m    |[39m [31m[1m^[22m[39m[31m
[1m^[22m[39m[31m[1m^[22m[39m[31m[1m
^[22m[39m[31m[1m^[22m[39m[31m[1m^[
22m[39m[31m[1m^[22m[39m[31m[1m^[22m
[39m[31m[1m^[22m[39m[31m[1m^[22m[3
9m[31m[1m^[22m[39m
[31m[1m>[22m[39m[90m 32 |[39m   
[33mPinterest[39m[33m,[39m
 [90m    |[39m [31m[1m^[22m[39m[31m
[1m^[22m[39m[31m[1m^[22m[39m[31m[1m
^[22m[39m[31m[1m^[22m[39m[31m[1m^[
22m[39m[31m[1m^[22m[39m[31m[1m^[22m
[39m[31m[1m^[22m[39m[31m[1m^[22m[3
9m[31m[1m^[22m[39m
[31m[1m>[22m[39m[90m 33 |[39m   
[33mSpotify[39m[33m,[39m
 [90m    |[39m [31m[1m^[22m[39m[31m
[1m^[22m[39m[31m[1m^[22m[39m[31m[1m
^[22m[39m[31m[1m^[22m[39m[31m[1m^[
22m[39m[31m[1m^[22m[39m[31m[1m^[22m
[39m[31m[1m^[22m[39m[31m[1m^[22m[3
9m[31m[1m^[22m[39m
[31m[1m>[22m[39m[90m 34 |[39m   
[33mApple[39m[33m,[39m
 [90m    |[39m [31m[1m^[22m[39m[31m
[1m^[22m[39m[31m[1m^[22m[39m[31m[1m
^[22m[39m[31m[1m^[22m[39m[31m[1m^[
22m[39m[31m[1m^[22m[39m[31m[1m^[22m
[39m[31m[1m^[22m[39m[31m[1m^[22m[3
9m[31m[1m^[22m[39m
[31m[1m>[22m[39m[90m 35 |[39m   
[33mDiscord[39m[33m,[39m
 [90m    |[39m [31m[1m^[22m[39m[31m
[1m^[22m[39m[31m[1m^[22m[39m[31m[1m
^[22m[39m[31m[1m^[22m[39m[31m[1m^[
22m[39m[31m[1m^[22m[39m[31m[1m^[22m
[39m[31m[1m^[22m[39m[31m[1m^[22m[3
9m[31m[1m^[22m[39m
[31m[1m>[22m[39m[90m 36 |[39m   
[33mTwitch[39m[33m,[39m
 [90m    |[39m [31m[1m^[22m[39m[31m
[1m^[22m[39m[31m[1m^[22m[39m[31m[1m
^[22m[39m[31m[1m^[22m[39m[31m[1m^[
22m[39m[31m[1m^[22m[39m[31m[1m^[22m
[39m[31m[1m^[22m[39m[31m[1m^[22m[3
9m[31m[1m^[22m[39m
[31m[1m>[22m[39m[90m 37 |[39m   
[33mSnapchat[39m[33m,[39m
 [90m    |[39m [31m[1m^[22m[39m[31m
[1m^[22m[39m[31m[1m^[22m[39m[31m[1m
^[22m[39m[31m[1m^[22m[39m[31m[1m^[
22m[39m[31m[1m^[22m[39m[31m[1m^[22m
[39m[31m[1m^[22m[39m[31m[1m^[22m[3
9m[31m[1m^[22m[39m
[31m[1m>[22m[39m[90m 38 |[39m   
[33mWhatsapp[39m[33m,[39m
 [90m    |[39m [31m[1m^[22m[39m[31m
[1m^[22m[39m[31m[1m^[22m[39m[31m[1m
^[22m[39m[31m[1m^[22m[39m[31m[1m^[
22m[39m[31m[1m^[22m[39m[31m[1m^[22m
[39m[31m[1m^[22m[39m[31m[1m^[22m[3
9m[31m[1m^[22m[39m
[31m[1m>[22m[39m[90m 39 |[39m   
[33mTelegram[39m
 [90m    |[39m [31m[1m^[22m[39m[31m
[1m^[22m[39m[31m[1m^[22m[39m[31m[1m
^[22m[39m[31m[1m^[22m[39m[31m[1m^[
22m[39m[31m[1m^[22m[39m[31m[1m^[22m
[39m[31m[1m^[22m[39m[31m[1m^[22m[3
9m[31m[1m^[22m[39m
[31m[1m>[22m[39m[90m 40 |[39m } 
[36mfrom[39m 
[32m'lucide-react'[39m[33m;[39m
 [90m    |[39m [31m[1m^[22m[39m[31m
[1m^[22m[39m[31m[1m^[22m[39m[31m[1m
^[22m[39m[31m[1m^[22m[39m[31m[1m^[
22m[39m[31m[1m^[22m[39m[31m[1m^[22m
[39m[31m[1m^[22m[39m[31m[1m^[22m[3
9m[31m[1m^[22m[39m[31m[1m^[22m[39m
[31m[1m^[22m[39m[31m[1m^[22m[39m[31
m[1m^[22m[39m[31m[1m^[22m[39m[31m[
1m^[22m[39m[31m[1m^[22m[39m[31m[1m^
[22m[39m[31m[1m^[22m[39m[31m[1m^[2
2m[39m[31m[1m^[22m[39m[31m[1m^[22m
[39m
 [90m 41 |[39m
 [90m 42 |[39m [90m// Import DnD for 
reordering[39m
 [90m 43 |[39m [36mimport[39m {[0m

The export Pinterest was not found in 
module [project]/karsaaz-qr-frontend-nextjs
/node_modules/lucide-react/dist/esm/lucide-
react.js [app-ssr] (ecmascript).
Did you mean to import Printer?
All exports of the module are statically 
known (It doesn't have dynamic exports). 
So it's known statically that the 
requested export doesn't exist.

Import traces:
  Client Component Browser:
    ./karsaaz-qr-frontend-nextjs/src/compon
ents/qr/biolinks/blocks/SocialLinksBlock.ts
x [Client Component Browser]
    ./karsaaz-qr-frontend-nextjs/src/compon
ents/qr/biolinks/block-registry.ts [Client 
Component Browser]
    ./karsaaz-qr-frontend-nextjs/src/compon
ents/qr/biolinks/BlockEditor.tsx [Client 
Component Browser]
    ./karsaaz-qr-frontend-nextjs/src/compon
ents/qr/biolinks/BiolinkDesigner.tsx 
[Client Component Browser]
    ./karsaaz-qr-frontend-nextjs/src/app/(d
ashboard)/dashboard/qrcodes/new/[type]/page
.tsx [Client Component Browser]
    ./karsaaz-qr-frontend-nextjs/src/app/(d
ashboard)/dashboard/qrcodes/new/[type]/page
.tsx [Server Component]

  Client Component SSR:
    ./karsaaz-qr-frontend-nextjs/src/compon
ents/qr/biolinks/blocks/SocialLinksBlock.ts
x [Client Component SSR]
    ./karsaaz-qr-frontend-nextjs/src/compon
ents/qr/biolinks/block-registry.ts [Client 
Component SSR]
    ./karsaaz-qr-frontend-nextjs/src/compon
ents/qr/biolinks/BlockEditor.tsx [Client 
Component SSR]
    ./karsaaz-qr-frontend-nextjs/src/compon
ents/qr/biolinks/BiolinkDesigner.tsx 
[Client Component SSR]
    ./karsaaz-qr-frontend-nextjs/src/app/(d
ashboard)/dashboard/qrcodes/new/[type]/page
.tsx [Client Component SSR]
    ./karsaaz-qr-frontend-nextjs/src/app/(d
ashboard)/dashboard/qrcodes/new/[type]/page
.tsx [Server Component]


./karsaaz-qr-frontend-nextjs/src/components
/qr/biolinks/blocks/SocialLinksBlock.tsx:22
:1
Export Snapchat doesn't exist in target 
module
[0m [90m 20 |[39m   [33mMapPin[39m
 [90m 21 |[39m } [36mfrom[39m 
[32m'lucide-react'[39m[33m;[39m
[31m[1m>[22m[39m[90m 22 |[39m 
[36mimport[39m {
 [90m    |[39m [31m[1m^[22m[39m[31m
[1m^[22m[39m[31m[1m^[22m[39m[31m[1m
^[22m[39m[31m[1m^[22m[39m[31m[1m^[
22m[39m[31m[1m^[22m[39m[31m[1m^[22m
[39m
[31m[1m>[22m[39m[90m 23 |[39m   
[33mFacebook[39m[33m,[39m
 [90m    |[39m [31m[1m^[22m[39m[31m
[1m^[22m[39m[31m[1m^[22m[39m[31m[1m
^[22m[39m[31m[1m^[22m[39m[31m[1m^[
22m[39m[31m[1m^[22m[39m[31m[1m^[22m
[39m[31m[1m^[22m[39m[31m[1m^[22m[3
9m[31m[1m^[22m[39m
[31m[1m>[22m[39m[90m 24 |[39m   
[33mTwitter[39m[33m,[39m
 [90m    |[39m [31m[1m^[22m[39m[31m
[1m^[22m[39m[31m[1m^[22m[39m[31m[1m
^[22m[39m[31m[1m^[22m[39m[31m[1m^[
22m[39m[31m[1m^[22m[39m[31m[1m^[22m
[39m[31m[1m^[22m[39m[31m[1m^[22m[3
9m[31m[1m^[22m[39m
[31m[1m>[22m[39m[90m 25 |[39m   
[33mInstagram[39m[33m,[39m
 [90m    |[39m [31m[1m^[22m[39m[31m
[1m^[22m[39m[31m[1m^[22m[39m[31m[1m
^[22m[39m[31m[1m^[22m[39m[31m[1m^[
22m[39m[31m[1m^[22m[39m[31m[1m^[22m
[39m[31m[1m^[22m[39m[31m[1m^[22m[3
9m[31m[1m^[22m[39m
[31m[1m>[22m[39m[90m 26 |[39m   
[33mLinkedin[39m[33m,[39m
 [90m    |[39m [31m[1m^[22m[39m[31m
[1m^[22m[39m[31m[1m^[22m[39m[31m[1m
^[22m[39m[31m[1m^[22m[39m[31m[1m^[
22m[39m[31m[1m^[22m[39m[31m[1m^[22m
[39m[31m[1m^[22m[39m[31m[1m^[22m[3
9m[31m[1m^[22m[39m
[31m[1m>[22m[39m[90m 27 |[39m   
[33mYoutube[39m[33m,[39m
 [90m    |[39m [31m[1m^[22m[39m[31m
[1m^[22m[39m[31m[1m^[22m[39m[31m[1m
^[22m[39m[31m[1m^[22m[39m[31m[1m^[
22m[39m[31m[1m^[22m[39m[31m[1m^[22m
[39m[31m[1m^[22m[39m[31m[1m^[22m[3
9m[31m[1m^[22m[39m
[31m[1m>[22m[39m[90m 28 |[39m   
[33mTiktok[39m[33m,[39m
 [90m    |[39m [31m[1m^[22m[39m[31m
[1m^[22m[39m[31m[1m^[22m[39m[31m[1m
^[22m[39m[31m[1m^[22m[39m[31m[1m^[
22m[39m[31m[1m^[22m[39m[31m[1m^[22m
[39m[31m[1m^[22m[39m[31m[1m^[22m[3
9m[31m[1m^[22m[39m
[31m[1m>[22m[39m[90m 29 |[39m   
[33mGithub[39m[33m,[39m
 [90m    |[39m [31m[1m^[22m[39m[31m
[1m^[22m[39m[31m[1m^[22m[39m[31m[1m
^[22m[39m[31m[1m^[22m[39m[31m[1m^[
22m[39m[31m[1m^[22m[39m[31m[1m^[22m
[39m[31m[1m^[22m[39m[31m[1m^[22m[3
9m[31m[1m^[22m[39m
[31m[1m>[22m[39m[90m 30 |[39m   
[33mDribbble[39m[33m,[39m
 [90m    |[39m [31m[1m^[22m[39m[31m
[1m^[22m[39m[31m[1m^[22m[39m[31m[1m
^[22m[39m[31m[1m^[22m[39m[31m[1m^[
22m[39m[31m[1m^[22m[39m[31m[1m^[22m
[39m[31m[1m^[22m[39m[31m[1m^[22m[3
9m[31m[1m^[22m[39m
[31m[1m>[22m[39m[90m 31 |[39m   
[33mBehance[39m[33m,[39m
 [90m    |[39m [31m[1m^[22m[39m[31m
[1m^[22m[39m[31m[1m^[22m[39m[31m[1m
^[22m[39m[31m[1m^[22m[39m[31m[1m^[
22m[39m[31m[1m^[22m[39m[31m[1m^[22m
[39m[31m[1m^[22m[39m[31m[1m^[22m[3
9m[31m[1m^[22m[39m
[31m[1m>[22m[39m[90m 32 |[39m   
[33mPinterest[39m[33m,[39m
 [90m    |[39m [31m[1m^[22m[39m[31m
[1m^[22m[39m[31m[1m^[22m[39m[31m[1m
^[22m[39m[31m[1m^[22m[39m[31m[1m^[
22m[39m[31m[1m^[22m[39m[31m[1m^[22m
[39m[31m[1m^[22m[39m[31m[1m^[22m[3
9m[31m[1m^[22m[39m
[31m[1m>[22m[39m[90m 33 |[39m   
[33mSpotify[39m[33m,[39m
 [90m    |[39m [31m[1m^[22m[39m[31m
[1m^[22m[39m[31m[1m^[22m[39m[31m[1m
^[22m[39m[31m[1m^[22m[39m[31m[1m^[
22m[39m[31m[1m^[22m[39m[31m[1m^[22m
[39m[31m[1m^[22m[39m[31m[1m^[22m[3
9m[31m[1m^[22m[39m
[31m[1m>[22m[39m[90m 34 |[39m   
[33mApple[39m[33m,[39m
 [90m    |[39m [31m[1m^[22m[39m[31m
[1m^[22m[39m[31m[1m^[22m[39m[31m[1m
^[22m[39m[31m[1m^[22m[39m[31m[1m^[
22m[39m[31m[1m^[22m[39m[31m[1m^[22m
[39m[31m[1m^[22m[39m[31m[1m^[22m[3
9m[31m[1m^[22m[39m
[31m[1m>[22m[39m[90m 35 |[39m   
[33mDiscord[39m[33m,[39m
 [90m    |[39m [31m[1m^[22m[39m[31m
[1m^[22m[39m[31m[1m^[22m[39m[31m[1m
^[22m[39m[31m[1m^[22m[39m[31m[1m^[
22m[39m[31m[1m^[22m[39m[31m[1m^[22m
[39m[31m[1m^[22m[39m[31m[1m^[22m[3
9m[31m[1m^[22m[39m
[31m[1m>[22m[39m[90m 36 |[39m   
[33mTwitch[39m[33m,[39m
 [90m    |[39m [31m[1m^[22m[39m[31m
[1m^[22m[39m[31m[1m^[22m[39m[31m[1m
^[22m[39m[31m[1m^[22m[39m[31m[1m^[
22m[39m[31m[1m^[22m[39m[31m[1m^[22m
[39m[31m[1m^[22m[39m[31m[1m^[22m[3
9m[31m[1m^[22m[39m
[31m[1m>[22m[39m[90m 37 |[39m   
[33mSnapchat[39m[33m,[39m
 [90m    |[39m [31m[1m^[22m[39m[31m
[1m^[22m[39m[31m[1m^[22m[39m[31m[1m
^[22m[39m[31m[1m^[22m[39m[31m[1m^[
22m[39m[31m[1m^[22m[39m[31m[1m^[22m
[39m[31m[1m^[22m[39m[31m[1m^[22m[3
9m[31m[1m^[22m[39m
[31m[1m>[22m[39m[90m 38 |[39m   
[33mWhatsapp[39m[33m,[39m
 [90m    |[39m [31m[1m^[22m[39m[31m
[1m^[22m[39m[31m[1m^[22m[39m[31m[1m
^[22m[39m[31m[1m^[22m[39m[31m[1m^[
22m[39m[31m[1m^[22m[39m[31m[1m^[22m
[39m[31m[1m^[22m[39m[31m[1m^[22m[3
9m[31m[1m^[22m[39m
[31m[1m>[22m[39m[90m 39 |[39m   
[33mTelegram[39m
 [90m    |[39m [31m[1m^[22m[39m[31m
[1m^[22m[39m[31m[1m^[22m[39m[31m[1m
^[22m[39m[31m[1m^[22m[39m[31m[1m^[
22m[39m[31m[1m^[22m[39m[31m[1m^[22m
[39m[31m[1m^[22m[39m[31m[1m^[22m[3
9m[31m[1m^[22m[39m
[31m[1m>[22m[39m[90m 40 |[39m } 
[36mfrom[39m 
[32m'lucide-react'[39m[33m;[39m
 [90m    |[39m [31m[1m^[22m[39m[31m
[1m^[22m[39m[31m[1m^[22m[39m[31m[1m
^[22m[39m[31m[1m^[22m[39m[31m[1m^[
22m[39m[31m[1m^[22m[39m[31m[1m^[22m
[39m[31m[1m^[22m[39m[31m[1m^[22m[3
9m[31m[1m^[22m[39m[31m[1m^[22m[39m
[31m[1m^[22m[39m[31m[1m^[22m[39m[31
m[1m^[22m[39m[31m[1m^[22m[39m[31m[
1m^[22m[39m[31m[1m^[22m[39m[31m[1m^
[22m[39m[31m[1m^[22m[39m[31m[1m^[2
2m[39m[31m[1m^[22m[39m[31m[1m^[22m
[39m
 [90m 41 |[39m
 [90m 42 |[39m [90m// Import DnD for 
reordering[39m
 [90m 43 |[39m [36mimport[39m {[0m

The export Snapchat was not found in 
module [project]/karsaaz-qr-frontend-nextjs
/node_modules/lucide-react/dist/esm/lucide-
react.js [app-client] (ecmascript).
Did you mean to import ScanHeart?
All exports of the module are statically 
known (It doesn't have dynamic exports). 
So it's known statically that the 
requested export doesn't exist.

Import traces:
  Client Component Browser:
    ./karsaaz-qr-frontend-nextjs/src/compon
ents/qr/biolinks/blocks/SocialLinksBlock.ts
x [Client Component Browser]
    ./karsaaz-qr-frontend-nextjs/src/compon
ents/qr/biolinks/block-registry.ts [Client 
Component Browser]
    ./karsaaz-qr-frontend-nextjs/src/compon
ents/qr/biolinks/BlockEditor.tsx [Client 
Component Browser]
    ./karsaaz-qr-frontend-nextjs/src/compon
ents/qr/biolinks/BiolinkDesigner.tsx 
[Client Component Browser]
    ./karsaaz-qr-frontend-nextjs/src/app/(d
ashboard)/dashboard/qrcodes/new/[type]/page
.tsx [Client Component Browser]
    ./karsaaz-qr-frontend-nextjs/src/app/(d
ashboard)/dashboard/qrcodes/new/[type]/page
.tsx [Server Component]

  Client Component SSR:
    ./karsaaz-qr-frontend-nextjs/src/compon
ents/qr/biolinks/blocks/SocialLinksBlock.ts
x [Client Component SSR]
    ./karsaaz-qr-frontend-nextjs/src/compon
ents/qr/biolinks/block-registry.ts [Client 
Component SSR]
    ./karsaaz-qr-frontend-nextjs/src/compon
ents/qr/biolinks/BlockEditor.tsx [Client 
Component SSR]
    ./karsaaz-qr-frontend-nextjs/src/compon
ents/qr/biolinks/BiolinkDesigner.tsx 
[Client Component SSR]
    ./karsaaz-qr-frontend-nextjs/src/app/(d
ashboard)/dashboard/qrcodes/new/[type]/page
.tsx [Client Component SSR]
    ./karsaaz-qr-frontend-nextjs/src/app/(d
ashboard)/dashboard/qrcodes/new/[type]/page
.tsx [Server Component]


./karsaaz-qr-frontend-nextjs/src/components
/qr/biolinks/blocks/SocialLinksBlock.tsx:22
:1
Export Snapchat doesn't exist in target 
module
[0m [90m 20 |[39m   [33mMapPin[39m
 [90m 21 |[39m } [36mfrom[39m 
[32m'lucide-react'[39m[33m;[39m
[31m[1m>[22m[39m[90m 22 |[39m 
[36mimport[39m {
 [90m    |[39m [31m[1m^[22m[39m[31m
[1m^[22m[39m[31m[1m^[22m[39m[31m[1m
^[22m[39m[31m[1m^[22m[39m[31m[1m^[
22m[39m[31m[1m^[22m[39m[31m[1m^[22m
[39m
[31m[1m>[22m[39m[90m 23 |[39m   
[33mFacebook[39m[33m,[39m
 [90m    |[39m [31m[1m^[22m[39m[31m
[1m^[22m[39m[31m[1m^[22m[39m[31m[1m
^[22m[39m[31m[1m^[22m[39m[31m[1m^[
22m[39m[31m[1m^[22m[39m[31m[1m^[22m
[39m[31m[1m^[22m[39m[31m[1m^[22m[3
9m[31m[1m^[22m[39m
[31m[1m>[22m[39m[90m 24 |[39m   
[33mTwitter[39m[33m,[39m
 [90m    |[39m [31m[1m^[22m[39m[31m
[1m^[22m[39m[31m[1m^[22m[39m[31m[1m
^[22m[39m[31m[1m^[22m[39m[31m[1m^[
22m[39m[31m[1m^[22m[39m[31m[1m^[22m
[39m[31m[1m^[22m[39m[31m[1m^[22m[3
9m[31m[1m^[22m[39m
[31m[1m>[22m[39m[90m 25 |[39m   
[33mInstagram[39m[33m,[39m
 [90m    |[39m [31m[1m^[22m[39m[31m
[1m^[22m[39m[31m[1m^[22m[39m[31m[1m
^[22m[39m[31m[1m^[22m[39m[31m[1m^[
22m[39m[31m[1m^[22m[39m[31m[1m^[22m
[39m[31m[1m^[22m[39m[31m[1m^[22m[3
9m[31m[1m^[22m[39m
[31m[1m>[22m[39m[90m 26 |[39m   
[33mLinkedin[39m[33m,[39m
 [90m    |[39m [31m[1m^[22m[39m[31m
[1m^[22m[39m[31m[1m^[22m[39m[31m[1m
^[22m[39m[31m[1m^[22m[39m[31m[1m^[
22m[39m[31m[1m^[22m[39m[31m[1m^[22m
[39m[31m[1m^[22m[39m[31m[1m^[22m[3
9m[31m[1m^[22m[39m
[31m[1m>[22m[39m[90m 27 |[39m   
[33mYoutube[39m[33m,[39m
 [90m    |[39m [31m[1m^[22m[39m[31m
[1m^[22m[39m[31m[1m^[22m[39m[31m[1m
^[22m[39m[31m[1m^[22m[39m[31m[1m^[
22m[39m[31m[1m^[22m[39m[31m[1m^[22m
[39m[31m[1m^[22m[39m[31m[1m^[22m[3
9m[31m[1m^[22m[39m
[31m[1m>[22m[39m[90m 28 |[39m   
[33mTiktok[39m[33m,[39m
 [90m    |[39m [31m[1m^[22m[39m[31m
[1m^[22m[39m[31m[1m^[22m[39m[31m[1m
^[22m[39m[31m[1m^[22m[39m[31m[1m^[
22m[39m[31m[1m^[22m[39m[31m[1m^[22m
[39m[31m[1m^[22m[39m[31m[1m^[22m[3
9m[31m[1m^[22m[39m
[31m[1m>[22m[39m[90m 29 |[39m   
[33mGithub[39m[33m,[39m
 [90m    |[39m [31m[1m^[22m[39m[31m
[1m^[22m[39m[31m[1m^[22m[39m[31m[1m
^[22m[39m[31m[1m^[22m[39m[31m[1m^[
22m[39m[31m[1m^[22m[39m[31m[1m^[22m
[39m[31m[1m^[22m[39m[31m[1m^[22m[3
9m[31m[1m^[22m[39m
[31m[1m>[22m[39m[90m 30 |[39m   
[33mDribbble[39m[33m,[39m
 [90m    |[39m [31m[1m^[22m[39m[31m
[1m^[22m[39m[31m[1m^[22m[39m[31m[1m
^[22m[39m[31m[1m^[22m[39m[31m[1m^[
22m[39m[31m[1m^[22m[39m[31m[1m^[22m
[39m[31m[1m^[22m[39m[31m[1m^[22m[3
9m[31m[1m^[22m[39m
[31m[1m>[22m[39m[90m 31 |[39m   
[33mBehance[39m[33m,[39m
 [90m    |[39m [31m[1m^[22m[39m[31m
[1m^[22m[39m[31m[1m^[22m[39m[31m[1m
^[22m[39m[31m[1m^[22m[39m[31m[1m^[
22m[39m[31m[1m^[22m[39m[31m[1m^[22m
[39m[31m[1m^[22m[39m[31m[1m^[22m[3
9m[31m[1m^[22m[39m
[31m[1m>[22m[39m[90m 32 |[39m   
[33mPinterest[39m[33m,[39m
 [90m    |[39m [31m[1m^[22m[39m[31m
[1m^[22m[39m[31m[1m^[22m[39m[31m[1m
^[22m[39m[31m[1m^[22m[39m[31m[1m^[
22m[39m[31m[1m^[22m[39m[31m[1m^[22m
[39m[31m[1m^[22m[39m[31m[1m^[22m[3
9m[31m[1m^[22m[39m
[31m[1m>[22m[39m[90m 33 |[39m   
[33mSpotify[39m[33m,[39m
 [90m    |[39m [31m[1m^[22m[39m[31m
[1m^[22m[39m[31m[1m^[22m[39m[31m[1m
^[22m[39m[31m[1m^[22m[39m[31m[1m^[
22m[39m[31m[1m^[22m[39m[31m[1m^[22m
[39m[31m[1m^[22m[39m[31m[1m^[22m[3
9m[31m[1m^[22m[39m
[31m[1m>[22m[39m[90m 34 |[39m   
[33mApple[39m[33m,[39m
 [90m    |[39m [31m[1m^[22m[39m[31m
[1m^[22m[39m[31m[1m^[22m[39m[31m[1m
^[22m[39m[31m[1m^[22m[39m[31m[1m^[
22m[39m[31m[1m^[22m[39m[31m[1m^[22m
[39m[31m[1m^[22m[39m[31m[1m^[22m[3
9m[31m[1m^[22m[39m
[31m[1m>[22m[39m[90m 35 |[39m   
[33mDiscord[39m[33m,[39m
 [90m    |[39m [31m[1m^[22m[39m[31m
[1m^[22m[39m[31m[1m^[22m[39m[31m[1m
^[22m[39m[31m[1m^[22m[39m[31m[1m^[
22m[39m[31m[1m^[22m[39m[31m[1m^[22m
[39m[31m[1m^[22m[39m[31m[1m^[22m[3
9m[31m[1m^[22m[39m
[31m[1m>[22m[39m[90m 36 |[39m   
[33mTwitch[39m[33m,[39m
 [90m    |[39m [31m[1m^[22m[39m[31m
[1m^[22m[39m[31m[1m^[22m[39m[31m[1m
^[22m[39m[31m[1m^[22m[39m[31m[1m^[
22m[39m[31m[1m^[22m[39m[31m[1m^[22m
[39m[31m[1m^[22m[39m[31m[1m^[22m[3
9m[31m[1m^[22m[39m
[31m[1m>[22m[39m[90m 37 |[39m   
[33mSnapchat[39m[33m,[39m
 [90m    |[39m [31m[1m^[22m[39m[31m
[1m^[22m[39m[31m[1m^[22m[39m[31m[1m
^[22m[39m[31m[1m^[22m[39m[31m[1m^[
22m[39m[31m[1m^[22m[39m[31m[1m^[22m
[39m[31m[1m^[22m[39m[31m[1m^[22m[3
9m[31m[1m^[22m[39m
[31m[1m>[22m[39m[90m 38 |[39m   
[33mWhatsapp[39m[33m,[39m
 [90m    |[39m [31m[1m^[22m[39m[31m
[1m^[22m[39m[31m[1m^[22m[39m[31m[1m
^[22m[39m[31m[1m^[22m[39m[31m[1m^[
22m[39m[31m[1m^[22m[39m[31m[1m^[22m
[39m[31m[1m^[22m[39m[31m[1m^[22m[3
9m[31m[1m^[22m[39m
[31m[1m>[22m[39m[90m 39 |[39m   
[33mTelegram[39m
 [90m    |[39m [31m[1m^[22m[39m[31m
[1m^[22m[39m[31m[1m^[22m[39m[31m[1m
^[22m[39m[31m[1m^[22m[39m[31m[1m^[
22m[39m[31m[1m^[22m[39m[31m[1m^[22m
[39m[31m[1m^[22m[39m[31m[1m^[22m[3
9m[31m[1m^[22m[39m
[31m[1m>[22m[39m[90m 40 |[39m } 
[36mfrom[39m 
[32m'lucide-react'[39m[33m;[39m
 [90m    |[39m [31m[1m^[22m[39m[31m
[1m^[22m[39m[31m[1m^[22m[39m[31m[1m
^[22m[39m[31m[1m^[22m[39m[31m[1m^[
22m[39m[31m[1m^[22m[39m[31m[1m^[22m
[39m[31m[1m^[22m[39m[31m[1m^[22m[3
9m[31m[1m^[22m[39m[31m[1m^[22m[39m
[31m[1m^[22m[39m[31m[1m^[22m[39m[31
m[1m^[22m[39m[31m[1m^[22m[39m[31m[
1m^[22m[39m[31m[1m^[22m[39m[31m[1m^
[22m[39m[31m[1m^[22m[39m[31m[1m^[2
2m[39m[31m[1m^[22m[39m[31m[1m^[22m
[39m
 [90m 41 |[39m
 [90m 42 |[39m [90m// Import DnD for 
reordering[39m
 [90m 43 |[39m [36mimport[39m {[0m

The export Snapchat was not found in 
module [project]/karsaaz-qr-frontend-nextjs
/node_modules/lucide-react/dist/esm/lucide-
react.js [app-ssr] (ecmascript).
Did you mean to import ScanHeart?
All exports of the module are statically 
known (It doesn't have dynamic exports). 
So it's known statically that the 
requested export doesn't exist.

Import traces:
  Client Component Browser:
    ./karsaaz-qr-frontend-nextjs/src/compon
ents/qr/biolinks/blocks/SocialLinksBlock.ts
x [Client Component Browser]
    ./karsaaz-qr-frontend-nextjs/src/compon
ents/qr/biolinks/block-registry.ts [Client 
Component Browser]
    ./karsaaz-qr-frontend-nextjs/src/compon
ents/qr/biolinks/BlockEditor.tsx [Client 
Component Browser]
    ./karsaaz-qr-frontend-nextjs/src/compon
ents/qr/biolinks/BiolinkDesigner.tsx 
[Client Component Browser]
    ./karsaaz-qr-frontend-nextjs/src/app/(d
ashboard)/dashboard/qrcodes/new/[type]/page
.tsx [Client Component Browser]
    ./karsaaz-qr-frontend-nextjs/src/app/(d
ashboard)/dashboard/qrcodes/new/[type]/page
.tsx [Server Component]

  Client Component SSR:
    ./karsaaz-qr-frontend-nextjs/src/compon
ents/qr/biolinks/blocks/SocialLinksBlock.ts
x [Client Component SSR]
    ./karsaaz-qr-frontend-nextjs/src/compon
ents/qr/biolinks/block-registry.ts [Client 
Component SSR]
    ./karsaaz-qr-frontend-nextjs/src/compon
ents/qr/biolinks/BlockEditor.tsx [Client 
Component SSR]
    ./karsaaz-qr-frontend-nextjs/src/compon
ents/qr/biolinks/BiolinkDesigner.tsx 
[Client Component SSR]
    ./karsaaz-qr-frontend-nextjs/src/app/(d
ashboard)/dashboard/qrcodes/new/[type]/page
.tsx [Client Component SSR]
    ./karsaaz-qr-frontend-nextjs/src/app/(d
ashboard)/dashboard/qrcodes/new/[type]/page
.tsx [Server Component]


./karsaaz-qr-frontend-nextjs/src/components
/qr/biolinks/blocks/SocialLinksBlock.tsx:22
:1
Export Spotify doesn't exist in target 
module
[0m [90m 20 |[39m   [33mMapPin[39m
 [90m 21 |[39m } [36mfrom[39m 
[32m'lucide-react'[39m[33m;[39m
[31m[1m>[22m[39m[90m 22 |[39m 
[36mimport[39m {
 [90m    |[39m [31m[1m^[22m[39m[31m
[1m^[22m[39m[31m[1m^[22m[39m[31m[1m
^[22m[39m[31m[1m^[22m[39m[31m[1m^[
22m[39m[31m[1m^[22m[39m[31m[1m^[22m
[39m
[31m[1m>[22m[39m[90m 23 |[39m   
[33mFacebook[39m[33m,[39m
 [90m    |[39m [31m[1m^[22m[39m[31m
[1m^[22m[39m[31m[1m^[22m[39m[31m[1m
^[22m[39m[31m[1m^[22m[39m[31m[1m^[
22m[39m[31m[1m^[22m[39m[31m[1m^[22m
[39m[31m[1m^[22m[39m[31m[1m^[22m[3
9m[31m[1m^[22m[39m
[31m[1m>[22m[39m[90m 24 |[39m   
[33mTwitter[39m[33m,[39m
 [90m    |[39m [31m[1m^[22m[39m[31m
[1m^[22m[39m[31m[1m^[22m[39m[31m[1m
^[22m[39m[31m[1m^[22m[39m[31m[1m^[
22m[39m[31m[1m^[22m[39m[31m[1m^[22m
[39m[31m[1m^[22m[39m[31m[1m^[22m[3
9m[31m[1m^[22m[39m
[31m[1m>[22m[39m[90m 25 |[39m   
[33mInstagram[39m[33m,[39m
 [90m    |[39m [31m[1m^[22m[39m[31m
[1m^[22m[39m[31m[1m^[22m[39m[31m[1m
^[22m[39m[31m[1m^[22m[39m[31m[1m^[
22m[39m[31m[1m^[22m[39m[31m[1m^[22m
[39m[31m[1m^[22m[39m[31m[1m^[22m[3
9m[31m[1m^[22m[39m
[31m[1m>[22m[39m[90m 26 |[39m   
[33mLinkedin[39m[33m,[39m
 [90m    |[39m [31m[1m^[22m[39m[31m
[1m^[22m[39m[31m[1m^[22m[39m[31m[1m
^[22m[39m[31m[1m^[22m[39m[31m[1m^[
22m[39m[31m[1m^[22m[39m[31m[1m^[22m
[39m[31m[1m^[22m[39m[31m[1m^[22m[3
9m[31m[1m^[22m[39m
[31m[1m>[22m[39m[90m 27 |[39m   
[33mYoutube[39m[33m,[39m
 [90m    |[39m [31m[1m^[22m[39m[31m
[1m^[22m[39m[31m[1m^[22m[39m[31m[1m
^[22m[39m[31m[1m^[22m[39m[31m[1m^[
22m[39m[31m[1m^[22m[39m[31m[1m^[22m
[39m[31m[1m^[22m[39m[31m[1m^[22m[3
9m[31m[1m^[22m[39m
[31m[1m>[22m[39m[90m 28 |[39m   
[33mTiktok[39m[33m,[39m
 [90m    |[39m [31m[1m^[22m[39m[31m
[1m^[22m[39m[31m[1m^[22m[39m[31m[1m
^[22m[39m[31m[1m^[22m[39m[31m[1m^[
22m[39m[31m[1m^[22m[39m[31m[1m^[22m
[39m[31m[1m^[22m[39m[31m[1m^[22m[3
9m[31m[1m^[22m[39m
[31m[1m>[22m[39m[90m 29 |[39m   
[33mGithub[39m[33m,[39m
 [90m    |[39m [31m[1m^[22m[39m[31m
[1m^[22m[39m[31m[1m^[22m[39m[31m[1m
^[22m[39m[31m[1m^[22m[39m[31m[1m^[
22m[39m[31m[1m^[22m[39m[31m[1m^[22m
[39m[31m[1m^[22m[39m[31m[1m^[22m[3
9m[31m[1m^[22m[39m
[31m[1m>[22m[39m[90m 30 |[39m   
[33mDribbble[39m[33m,[39m
 [90m    |[39m [31m[1m^[22m[39m[31m
[1m^[22m[39m[31m[1m^[22m[39m[31m[1m
^[22m[39m[31m[1m^[22m[39m[31m[1m^[
22m[39m[31m[1m^[22m[39m[31m[1m^[22m
[39m[31m[1m^[22m[39m[31m[1m^[22m[3
9m[31m[1m^[22m[39m
[31m[1m>[22m[39m[90m 31 |[39m   
[33mBehance[39m[33m,[39m
 [90m    |[39m [31m[1m^[22m[39m[31m
[1m^[22m[39m[31m[1m^[22m[39m[31m[1m
^[22m[39m[31m[1m^[22m[39m[31m[1m^[
22m[39m[31m[1m^[22m[39m[31m[1m^[22m
[39m[31m[1m^[22m[39m[31m[1m^[22m[3
9m[31m[1m^[22m[39m
[31m[1m>[22m[39m[90m 32 |[39m   
[33mPinterest[39m[33m,[39m
 [90m    |[39m [31m[1m^[22m[39m[31m
[1m^[22m[39m[31m[1m^[22m[39m[31m[1m
^[22m[39m[31m[1m^[22m[39m[31m[1m^[
22m[39m[31m[1m^[22m[39m[31m[1m^[22m
[39m[31m[1m^[22m[39m[31m[1m^[22m[3
9m[31m[1m^[22m[39m
[31m[1m>[22m[39m[90m 33 |[39m   
[33mSpotify[39m[33m,[39m
 [90m    |[39m [31m[1m^[22m[39m[31m
[1m^[22m[39m[31m[1m^[22m[39m[31m[1m
^[22m[39m[31m[1m^[22m[39m[31m[1m^[
22m[39m[31m[1m^[22m[39m[31m[1m^[22m
[39m[31m[1m^[22m[39m[31m[1m^[22m[3
9m[31m[1m^[22m[39m
[31m[1m>[22m[39m[90m 34 |[39m   
[33mApple[39m[33m,[39m
 [90m    |[39m [31m[1m^[22m[39m[31m
[1m^[22m[39m[31m[1m^[22m[39m[31m[1m
^[22m[39m[31m[1m^[22m[39m[31m[1m^[
22m[39m[31m[1m^[22m[39m[31m[1m^[22m
[39m[31m[1m^[22m[39m[31m[1m^[22m[3
9m[31m[1m^[22m[39m
[31m[1m>[22m[39m[90m 35 |[39m   
[33mDiscord[39m[33m,[39m
 [90m    |[39m [31m[1m^[22m[39m[31m
[1m^[22m[39m[31m[1m^[22m[39m[31m[1m
^[22m[39m[31m[1m^[22m[39m[31m[1m^[
22m[39m[31m[1m^[22m[39m[31m[1m^[22m
[39m[31m[1m^[22m[39m[31m[1m^[22m[3
9m[31m[1m^[22m[39m
[31m[1m>[22m[39m[90m 36 |[39m   
[33mTwitch[39m[33m,[39m
 [90m    |[39m [31m[1m^[22m[39m[31m
[1m^[22m[39m[31m[1m^[22m[39m[31m[1m
^[22m[39m[31m[1m^[22m[39m[31m[1m^[
22m[39m[31m[1m^[22m[39m[31m[1m^[22m
[39m[31m[1m^[22m[39m[31m[1m^[22m[3
9m[31m[1m^[22m[39m
[31m[1m>[22m[39m[90m 37 |[39m   
[33mSnapchat[39m[33m,[39m
 [90m    |[39m [31m[1m^[22m[39m[31m
[1m^[22m[39m[31m[1m^[22m[39m[31m[1m
^[22m[39m[31m[1m^[22m[39m[31m[1m^[
22m[39m[31m[1m^[22m[39m[31m[1m^[22m
[39m[31m[1m^[22m[39m[31m[1m^[22m[3
9m[31m[1m^[22m[39m
[31m[1m>[22m[39m[90m 38 |[39m   
[33mWhatsapp[39m[33m,[39m
 [90m    |[39m [31m[1m^[22m[39m[31m
[1m^[22m[39m[31m[1m^[22m[39m[31m[1m
^[22m[39m[31m[1m^[22m[39m[31m[1m^[
22m[39m[31m[1m^[22m[39m[31m[1m^[22m
[39m[31m[1m^[22m[39m[31m[1m^[22m[3
9m[31m[1m^[22m[39m
[31m[1m>[22m[39m[90m 39 |[39m   
[33mTelegram[39m
 [90m    |[39m [31m[1m^[22m[39m[31m
[1m^[22m[39m[31m[1m^[22m[39m[31m[1m
^[22m[39m[31m[1m^[22m[39m[31m[1m^[
22m[39m[31m[1m^[22m[39m[31m[1m^[22m
[39m[31m[1m^[22m[39m[31m[1m^[22m[3
9m[31m[1m^[22m[39m
[31m[1m>[22m[39m[90m 40 |[39m } 
[36mfrom[39m 
[32m'lucide-react'[39m[33m;[39m
 [90m    |[39m [31m[1m^[22m[39m[31m
[1m^[22m[39m[31m[1m^[22m[39m[31m[1m
^[22m[39m[31m[1m^[22m[39m[31m[1m^[
22m[39m[31m[1m^[22m[39m[31m[1m^[22m
[39m[31m[1m^[22m[39m[31m[1m^[22m[3
9m[31m[1m^[22m[39m[31m[1m^[22m[39m
[31m[1m^[22m[39m[31m[1m^[22m[39m[31
m[1m^[22m[39m[31m[1m^[22m[39m[31m[
1m^[22m[39m[31m[1m^[22m[39m[31m[1m^
[22m[39m[31m[1m^[22m[39m[31m[1m^[2
2m[39m[31m[1m^[22m[39m[31m[1m^[22m
[39m
 [90m 41 |[39m
 [90m 42 |[39m [90m// Import DnD for 
reordering[39m
 [90m 43 |[39m [36mimport[39m {[0m

The export Spotify was not found in module 
[project]/karsaaz-qr-frontend-nextjs/node_m
odules/lucide-react/dist/esm/lucide-react.j
s [app-client] (ecmascript).
Did you mean to import Spotlight?
All exports of the module are statically 
known (It doesn't have dynamic exports). 
So it's known statically that the 
requested export doesn't exist.

Import traces:
  Client Component Browser:
    ./karsaaz-qr-frontend-nextjs/src/compon
ents/qr/biolinks/blocks/SocialLinksBlock.ts
x [Client Component Browser]
    ./karsaaz-qr-frontend-nextjs/src/compon
ents/qr/biolinks/block-registry.ts [Client 
Component Browser]
    ./karsaaz-qr-frontend-nextjs/src/compon
ents/qr/biolinks/BlockEditor.tsx [Client 
Component Browser]
    ./karsaaz-qr-frontend-nextjs/src/compon
ents/qr/biolinks/BiolinkDesigner.tsx 
[Client Component Browser]
    ./karsaaz-qr-frontend-nextjs/src/app/(d
ashboard)/dashboard/qrcodes/new/[type]/page
.tsx [Client Component Browser]
    ./karsaaz-qr-frontend-nextjs/src/app/(d
ashboard)/dashboard/qrcodes/new/[type]/page
.tsx [Server Component]

  Client Component SSR:
    ./karsaaz-qr-frontend-nextjs/src/compon
ents/qr/biolinks/blocks/SocialLinksBlock.ts
x [Client Component SSR]
    ./karsaaz-qr-frontend-nextjs/src/compon
ents/qr/biolinks/block-registry.ts [Client 
Component SSR]
    ./karsaaz-qr-frontend-nextjs/src/compon
ents/qr/biolinks/BlockEditor.tsx [Client 
Component SSR]
    ./karsaaz-qr-frontend-nextjs/src/compon
ents/qr/biolinks/BiolinkDesigner.tsx 
[Client Component SSR]
    ./karsaaz-qr-frontend-nextjs/src/app/(d
ashboard)/dashboard/qrcodes/new/[type]/page
.tsx [Client Component SSR]
    ./karsaaz-qr-frontend-nextjs/src/app/(d
ashboard)/dashboard/qrcodes/new/[type]/page
.tsx [Server Component]


./karsaaz-qr-frontend-nextjs/src/components
/qr/biolinks/blocks/SocialLinksBlock.tsx:22
:1
Export Spotify doesn't exist in target 
module
[0m [90m 20 |[39m   [33mMapPin[39m
 [90m 21 |[39m } [36mfrom[39m 
[32m'lucide-react'[39m[33m;[39m
[31m[1m>[22m[39m[90m 22 |[39m 
[36mimport[39m {
 [90m    |[39m [31m[1m^[22m[39m[31m
[1m^[22m[39m[31m[1m^[22m[39m[31m[1m
^[22m[39m[31m[1m^[22m[39m[31m[1m^[
22m[39m[31m[1m^[22m[39m[31m[1m^[22m
[39m
[31m[1m>[22m[39m[90m 23 |[39m   
[33mFacebook[39m[33m,[39m
 [90m    |[39m [31m[1m^[22m[39m[31m
[1m^[22m[39m[31m[1m^[22m[39m[31m[1m
^[22m[39m[31m[1m^[22m[39m[31m[1m^[
22m[39m[31m[1m^[22m[39m[31m[1m^[22m
[39m[31m[1m^[22m[39m[31m[1m^[22m[3
9m[31m[1m^[22m[39m
[31m[1m>[22m[39m[90m 24 |[39m   
[33mTwitter[39m[33m,[39m
 [90m    |[39m [31m[1m^[22m[39m[31m
[1m^[22m[39m[31m[1m^[22m[39m[31m[1m
^[22m[39m[31m[1m^[22m[39m[31m[1m^[
22m[39m[31m[1m^[22m[39m[31m[1m^[22m
[39m[31m[1m^[22m[39m[31m[1m^[22m[3
9m[31m[1m^[22m[39m
[31m[1m>[22m[39m[90m 25 |[39m   
[33mInstagram[39m[33m,[39m
 [90m    |[39m [31m[1m^[22m[39m[31m
[1m^[22m[39m[31m[1m^[22m[39m[31m[1m
^[22m[39m[31m[1m^[22m[39m[31m[1m^[
22m[39m[31m[1m^[22m[39m[31m[1m^[22m
[39m[31m[1m^[22m[39m[31m[1m^[22m[3
9m[31m[1m^[22m[39m
[31m[1m>[22m[39m[90m 26 |[39m   
[33mLinkedin[39m[33m,[39m
 [90m    |[39m [31m[1m^[22m[39m[31m
[1m^[22m[39m[31m[1m^[22m[39m[31m[1m
^[22m[39m[31m[1m^[22m[39m[31m[1m^[
22m[39m[31m[1m^[22m[39m[31m[1m^[22m
[39m[31m[1m^[22m[39m[31m[1m^[22m[3
9m[31m[1m^[22m[39m
[31m[1m>[22m[39m[90m 27 |[39m   
[33mYoutube[39m[33m,[39m
 [90m    |[39m [31m[1m^[22m[39m[31m
[1m^[22m[39m[31m[1m^[22m[39m[31m[1m
^[22m[39m[31m[1m^[22m[39m[31m[1m^[
22m[39m[31m[1m^[22m[39m[31m[1m^[22m
[39m[31m[1m^[22m[39m[31m[1m^[22m[3
9m[31m[1m^[22m[39m
[31m[1m>[22m[39m[90m 28 |[39m   
[33mTiktok[39m[33m,[39m
 [90m    |[39m [31m[1m^[22m[39m[31m
[1m^[22m[39m[31m[1m^[22m[39m[31m[1m
^[22m[39m[31m[1m^[22m[39m[31m[1m^[
22m[39m[31m[1m^[22m[39m[31m[1m^[22m
[39m[31m[1m^[22m[39m[31m[1m^[22m[3
9m[31m[1m^[22m[39m
[31m[1m>[22m[39m[90m 29 |[39m   
[33mGithub[39m[33m,[39m
 [90m    |[39m [31m[1m^[22m[39m[31m
[1m^[22m[39m[31m[1m^[22m[39m[31m[1m
^[22m[39m[31m[1m^[22m[39m[31m[1m^[
22m[39m[31m[1m^[22m[39m[31m[1m^[22m
[39m[31m[1m^[22m[39m[31m[1m^[22m[3
9m[31m[1m^[22m[39m
[31m[1m>[22m[39m[90m 30 |[39m   
[33mDribbble[39m[33m,[39m
 [90m    |[39m [31m[1m^[22m[39m[31m
[1m^[22m[39m[31m[1m^[22m[39m[31m[1m
^[22m[39m[31m[1m^[22m[39m[31m[1m^[
22m[39m[31m[1m^[22m[39m[31m[1m^[22m
[39m[31m[1m^[22m[39m[31m[1m^[22m[3
9m[31m[1m^[22m[39m
[31m[1m>[22m[39m[90m 31 |[39m   
[33mBehance[39m[33m,[39m
 [90m    |[39m [31m[1m^[22m[39m[31m
[1m^[22m[39m[31m[1m^[22m[39m[31m[1m
^[22m[39m[31m[1m^[22m[39m[31m[1m^[
22m[39m[31m[1m^[22m[39m[31m[1m^[22m
[39m[31m[1m^[22m[39m[31m[1m^[22m[3
9m[31m[1m^[22m[39m
[31m[1m>[22m[39m[90m 32 |[39m   
[33mPinterest[39m[33m,[39m
 [90m    |[39m [31m[1m^[22m[39m[31m
[1m^[22m[39m[31m[1m^[22m[39m[31m[1m
^[22m[39m[31m[1m^[22m[39m[31m[1m^[
22m[39m[31m[1m^[22m[39m[31m[1m^[22m
[39m[31m[1m^[22m[39m[31m[1m^[22m[3
9m[31m[1m^[22m[39m
[31m[1m>[22m[39m[90m 33 |[39m   
[33mSpotify[39m[33m,[39m
 [90m    |[39m [31m[1m^[22m[39m[31m
[1m^[22m[39m[31m[1m^[22m[39m[31m[1m
^[22m[39m[31m[1m^[22m[39m[31m[1m^[
22m[39m[31m[1m^[22m[39m[31m[1m^[22m
[39m[31m[1m^[22m[39m[31m[1m^[22m[3
9m[31m[1m^[22m[39m
[31m[1m>[22m[39m[90m 34 |[39m   
[33mApple[39m[33m,[39m
 [90m    |[39m [31m[1m^[22m[39m[31m
[1m^[22m[39m[31m[1m^[22m[39m[31m[1m
^[22m[39m[31m[1m^[22m[39m[31m[1m^[
22m[39m[31m[1m^[22m[39m[31m[1m^[22m
[39m[31m[1m^[22m[39m[31m[1m^[22m[3
9m[31m[1m^[22m[39m
[31m[1m>[22m[39m[90m 35 |[39m   
[33mDiscord[39m[33m,[39m
 [90m    |[39m [31m[1m^[22m[39m[31m
[1m^[22m[39m[31m[1m^[22m[39m[31m[1m
^[22m[39m[31m[1m^[22m[39m[31m[1m^[
22m[39m[31m[1m^[22m[39m[31m[1m^[22m
[39m[31m[1m^[22m[39m[31m[1m^[22m[3
9m[31m[1m^[22m[39m
[31m[1m>[22m[39m[90m 36 |[39m   
[33mTwitch[39m[33m,[39m
 [90m    |[39m [31m[1m^[22m[39m[31m
[1m^[22m[39m[31m[1m^[22m[39m[31m[1m
^[22m[39m[31m[1m^[22m[39m[31m[1m^[
22m[39m[31m[1m^[22m[39m[31m[1m^[22m
[39m[31m[1m^[22m[39m[31m[1m^[22m[3
9m[31m[1m^[22m[39m
[31m[1m>[22m[39m[90m 37 |[39m   
[33mSnapchat[39m[33m,[39m
 [90m    |[39m [31m[1m^[22m[39m[31m
[1m^[22m[39m[31m[1m^[22m[39m[31m[1m
^[22m[39m[31m[1m^[22m[39m[31m[1m^[
22m[39m[31m[1m^[22m[39m[31m[1m^[22m
[39m[31m[1m^[22m[39m[31m[1m^[22m[3
9m[31m[1m^[22m[39m
[31m[1m>[22m[39m[90m 38 |[39m   
[33mWhatsapp[39m[33m,[39m
 [90m    |[39m [31m[1m^[22m[39m[31m
[1m^[22m[39m[31m[1m^[22m[39m[31m[1m
^[22m[39m[31m[1m^[22m[39m[31m[1m^[
22m[39m[31m[1m^[22m[39m[31m[1m^[22m
[39m[31m[1m^[22m[39m[31m[1m^[22m[3
9m[31m[1m^[22m[39m
[31m[1m>[22m[39m[90m 39 |[39m   
[33mTelegram[39m
 [90m    |[39m [31m[1m^[22m[39m[31m
[1m^[22m[39m[31m[1m^[22m[39m[31m[1m
^[22m[39m[31m[1m^[22m[39m[31m[1m^[
22m[39m[31m[1m^[22m[39m[31m[1m^[22m
[39m[31m[1m^[22m[39m[31m[1m^[22m[3
9m[31m[1m^[22m[39m
[31m[1m>[22m[39m[90m 40 |[39m } 
[36mfrom[39m 
[32m'lucide-react'[39m[33m;[39m
 [90m    |[39m [31m[1m^[22m[39m[31m
[1m^[22m[39m[31m[1m^[22m[39m[31m[1m
^[22m[39m[31m[1m^[22m[39m[31m[1m^[
22m[39m[31m[1m^[22m[39m[31m[1m^[22m
[39m[31m[1m^[22m[39m[31m[1m^[22m[3
9m[31m[1m^[22m[39m[31m[1m^[22m[39m
[31m[1m^[22m[39m[31m[1m^[22m[39m[31
m[1m^[22m[39m[31m[1m^[22m[39m[31m[
1m^[22m[39m[31m[1m^[22m[39m[31m[1m^
[22m[39m[31m[1m^[22m[39m[31m[1m^[2
2m[39m[31m[1m^[22m[39m[31m[1m^[22m
[39m
 [90m 41 |[39m
 [90m 42 |[39m [90m// Import DnD for 
reordering[39m
 [90m 43 |[39m [36mimport[39m {[0m

The export Spotify was not found in module 
[project]/karsaaz-qr-frontend-nextjs/node_m
odules/lucide-react/dist/esm/lucide-react.j
s [app-ssr] (ecmascript).
Did you mean to import Spotlight?
All exports of the module are statically 
known (It doesn't have dynamic exports). 
So it's known statically that the 
requested export doesn't exist.

Import traces:
  Client Component Browser:
    ./karsaaz-qr-frontend-nextjs/src/compon
ents/qr/biolinks/blocks/SocialLinksBlock.ts
x [Client Component Browser]
    ./karsaaz-qr-frontend-nextjs/src/compon
ents/qr/biolinks/block-registry.ts [Client 
Component Browser]
    ./karsaaz-qr-frontend-nextjs/src/compon
ents/qr/biolinks/BlockEditor.tsx [Client 
Component Browser]
    ./karsaaz-qr-frontend-nextjs/src/compon
ents/qr/biolinks/BiolinkDesigner.tsx 
[Client Component Browser]
    ./karsaaz-qr-frontend-nextjs/src/app/(d
ashboard)/dashboard/qrcodes/new/[type]/page
.tsx [Client Component Browser]
    ./karsaaz-qr-frontend-nextjs/src/app/(d
ashboard)/dashboard/qrcodes/new/[type]/page
.tsx [Server Component]

  Client Component SSR:
    ./karsaaz-qr-frontend-nextjs/src/compon
ents/qr/biolinks/blocks/SocialLinksBlock.ts
x [Client Component SSR]
    ./karsaaz-qr-frontend-nextjs/src/compon
ents/qr/biolinks/block-registry.ts [Client 
Component SSR]
    ./karsaaz-qr-frontend-nextjs/src/compon
ents/qr/biolinks/BlockEditor.tsx [Client 
Component SSR]
    ./karsaaz-qr-frontend-nextjs/src/compon
ents/qr/biolinks/BiolinkDesigner.tsx 
[Client Component SSR]
    ./karsaaz-qr-frontend-nextjs/src/app/(d
ashboard)/dashboard/qrcodes/new/[type]/page
.tsx [Client Component SSR]
    ./karsaaz-qr-frontend-nextjs/src/app/(d
ashboard)/dashboard/qrcodes/new/[type]/page
.tsx [Server Component]


./karsaaz-qr-frontend-nextjs/src/components
/qr/biolinks/blocks/SocialLinksBlock.tsx:22
:1
Export Telegram doesn't exist in target 
module
[0m [90m 20 |[39m   [33mMapPin[39m
 [90m 21 |[39m } [36mfrom[39m 
[32m'lucide-react'[39m[33m;[39m
[31m[1m>[22m[39m[90m 22 |[39m 
[36mimport[39m {
 [90m    |[39m [31m[1m^[22m[39m[31m
[1m^[22m[39m[31m[1m^[22m[39m[31m[1m
^[22m[39m[31m[1m^[22m[39m[31m[1m^[
22m[39m[31m[1m^[22m[39m[31m[1m^[22m
[39m
[31m[1m>[22m[39m[90m 23 |[39m   
[33mFacebook[39m[33m,[39m
 [90m    |[39m [31m[1m^[22m[39m[31m
[1m^[22m[39m[31m[1m^[22m[39m[31m[1m
^[22m[39m[31m[1m^[22m[39m[31m[1m^[
22m[39m[31m[1m^[22m[39m[31m[1m^[22m
[39m[31m[1m^[22m[39m[31m[1m^[22m[3
9m[31m[1m^[22m[39m
[31m[1m>[22m[39m[90m 24 |[39m   
[33mTwitter[39m[33m,[39m
 [90m    |[39m [31m[1m^[22m[39m[31m
[1m^[22m[39m[31m[1m^[22m[39m[31m[1m
^[22m[39m[31m[1m^[22m[39m[31m[1m^[
22m[39m[31m[1m^[22m[39m[31m[1m^[22m
[39m[31m[1m^[22m[39m[31m[1m^[22m[3
9m[31m[1m^[22m[39m
[31m[1m>[22m[39m[90m 25 |[39m   
[33mInstagram[39m[33m,[39m
 [90m    |[39m [31m[1m^[22m[39m[31m
[1m^[22m[39m[31m[1m^[22m[39m[31m[1m
^[22m[39m[31m[1m^[22m[39m[31m[1m^[
22m[39m[31m[1m^[22m[39m[31m[1m^[22m
[39m[31m[1m^[22m[39m[31m[1m^[22m[3
9m[31m[1m^[22m[39m
[31m[1m>[22m[39m[90m 26 |[39m   
[33mLinkedin[39m[33m,[39m
 [90m    |[39m [31m[1m^[22m[39m[31m
[1m^[22m[39m[31m[1m^[22m[39m[31m[1m
^[22m[39m[31m[1m^[22m[39m[31m[1m^[
22m[39m[31m[1m^[22m[39m[31m[1m^[22m
[39m[31m[1m^[22m[39m[31m[1m^[22m[3
9m[31m[1m^[22m[39m
[31m[1m>[22m[39m[90m 27 |[39m   
[33mYoutube[39m[33m,[39m
 [90m    |[39m [31m[1m^[22m[39m[31m
[1m^[22m[39m[31m[1m^[22m[39m[31m[1m
^[22m[39m[31m[1m^[22m[39m[31m[1m^[
22m[39m[31m[1m^[22m[39m[31m[1m^[22m
[39m[31m[1m^[22m[39m[31m[1m^[22m[3
9m[31m[1m^[22m[39m
[31m[1m>[22m[39m[90m 28 |[39m   
[33mTiktok[39m[33m,[39m
 [90m    |[39m [31m[1m^[22m[39m[31m
[1m^[22m[39m[31m[1m^[22m[39m[31m[1m
^[22m[39m[31m[1m^[22m[39m[31m[1m^[
22m[39m[31m[1m^[22m[39m[31m[1m^[22m
[39m[31m[1m^[22m[39m[31m[1m^[22m[3
9m[31m[1m^[22m[39m
[31m[1m>[22m[39m[90m 29 |[39m   
[33mGithub[39m[33m,[39m
 [90m    |[39m [31m[1m^[22m[39m[31m
[1m^[22m[39m[31m[1m^[22m[39m[31m[1m
^[22m[39m[31m[1m^[22m[39m[31m[1m^[
22m[39m[31m[1m^[22m[39m[31m[1m^[22m
[39m[31m[1m^[22m[39m[31m[1m^[22m[3
9m[31m[1m^[22m[39m
[31m[1m>[22m[39m[90m 30 |[39m   
[33mDribbble[39m[33m,[39m
 [90m    |[39m [31m[1m^[22m[39m[31m
[1m^[22m[39m[31m[1m^[22m[39m[31m[1m
^[22m[39m[31m[1m^[22m[39m[31m[1m^[
22m[39m[31m[1m^[22m[39m[31m[1m^[22m
[39m[31m[1m^[22m[39m[31m[1m^[22m[3
9m[31m[1m^[22m[39m
[31m[1m>[22m[39m[90m 31 |[39m   
[33mBehance[39m[33m,[39m
 [90m    |[39m [31m[1m^[22m[39m[31m
[1m^[22m[39m[31m[1m^[22m[39m[31m[1m
^[22m[39m[31m[1m^[22m[39m[31m[1m^[
22m[39m[31m[1m^[22m[39m[31m[1m^[22m
[39m[31m[1m^[22m[39m[31m[1m^[22m[3
9m[31m[1m^[22m[39m
[31m[1m>[22m[39m[90m 32 |[39m   
[33mPinterest[39m[33m,[39m
 [90m    |[39m [31m[1m^[22m[39m[31m
[1m^[22m[39m[31m[1m^[22m[39m[31m[1m
^[22m[39m[31m[1m^[22m[39m[31m[1m^[
22m[39m[31m[1m^[22m[39m[31m[1m^[22m
[39m[31m[1m^[22m[39m[31m[1m^[22m[3
9m[31m[1m^[22m[39m
[31m[1m>[22m[39m[90m 33 |[39m   
[33mSpotify[39m[33m,[39m
 [90m    |[39m [31m[1m^[22m[39m[31m
[1m^[22m[39m[31m[1m^[22m[39m[31m[1m
^[22m[39m[31m[1m^[22m[39m[31m[1m^[
22m[39m[31m[1m^[22m[39m[31m[1m^[22m
[39m[31m[1m^[22m[39m[31m[1m^[22m[3
9m[31m[1m^[22m[39m
[31m[1m>[22m[39m[90m 34 |[39m   
[33mApple[39m[33m,[39m
 [90m    |[39m [31m[1m^[22m[39m[31m
[1m^[22m[39m[31m[1m^[22m[39m[31m[1m
^[22m[39m[31m[1m^[22m[39m[31m[1m^[
22m[39m[31m[1m^[22m[39m[31m[1m^[22m
[39m[31m[1m^[22m[39m[31m[1m^[22m[3
9m[31m[1m^[22m[39m
[31m[1m>[22m[39m[90m 35 |[39m   
[33mDiscord[39m[33m,[39m
 [90m    |[39m [31m[1m^[22m[39m[31m
[1m^[22m[39m[31m[1m^[22m[39m[31m[1m
^[22m[39m[31m[1m^[22m[39m[31m[1m^[
22m[39m[31m[1m^[22m[39m[31m[1m^[22m
[39m[31m[1m^[22m[39m[31m[1m^[22m[3
9m[31m[1m^[22m[39m
[31m[1m>[22m[39m[90m 36 |[39m   
[33mTwitch[39m[33m,[39m
 [90m    |[39m [31m[1m^[22m[39m[31m
[1m^[22m[39m[31m[1m^[22m[39m[31m[1m
^[22m[39m[31m[1m^[22m[39m[31m[1m^[
22m[39m[31m[1m^[22m[39m[31m[1m^[22m
[39m[31m[1m^[22m[39m[31m[1m^[22m[3
9m[31m[1m^[22m[39m
[31m[1m>[22m[39m[90m 37 |[39m   
[33mSnapchat[39m[33m,[39m
 [90m    |[39m [31m[1m^[22m[39m[31m
[1m^[22m[39m[31m[1m^[22m[39m[31m[1m
^[22m[39m[31m[1m^[22m[39m[31m[1m^[
22m[39m[31m[1m^[22m[39m[31m[1m^[22m
[39m[31m[1m^[22m[39m[31m[1m^[22m[3
9m[31m[1m^[22m[39m
[31m[1m>[22m[39m[90m 38 |[39m   
[33mWhatsapp[39m[33m,[39m
 [90m    |[39m [31m[1m^[22m[39m[31m
[1m^[22m[39m[31m[1m^[22m[39m[31m[1m
^[22m[39m[31m[1m^[22m[39m[31m[1m^[
22m[39m[31m[1m^[22m[39m[31m[1m^[22m
[39m[31m[1m^[22m[39m[31m[1m^[22m[3
9m[31m[1m^[22m[39m
[31m[1m>[22m[39m[90m 39 |[39m   
[33mTelegram[39m
 [90m    |[39m [31m[1m^[22m[39m[31m
[1m^[22m[39m[31m[1m^[22m[39m[31m[1m
^[22m[39m[31m[1m^[22m[39m[31m[1m^[
22m[39m[31m[1m^[22m[39m[31m[1m^[22m
[39m[31m[1m^[22m[39m[31m[1m^[22m[3
9m[31m[1m^[22m[39m
[31m[1m>[22m[39m[90m 40 |[39m } 
[36mfrom[39m 
[32m'lucide-react'[39m[33m;[39m
 [90m    |[39m [31m[1m^[22m[39m[31m
[1m^[22m[39m[31m[1m^[22m[39m[31m[1m
^[22m[39m[31m[1m^[22m[39m[31m[1m^[
22m[39m[31m[1m^[22m[39m[31m[1m^[22m
[39m[31m[1m^[22m[39m[31m[1m^[22m[3
9m[31m[1m^[22m[39m[31m[1m^[22m[39m
[31m[1m^[22m[39m[31m[1m^[22m[39m[31
m[1m^[22m[39m[31m[1m^[22m[39m[31m[
1m^[22m[39m[31m[1m^[22m[39m[31m[1m^
[22m[39m[31m[1m^[22m[39m[31m[1m^[2
2m[39m[31m[1m^[22m[39m[31m[1m^[22m
[39m
 [90m 41 |[39m
 [90m 42 |[39m [90m// Import DnD for 
reordering[39m
 [90m 43 |[39m [36mimport[39m {[0m

The export Telegram was not found in 
module [project]/karsaaz-qr-frontend-nextjs
/node_modules/lucide-react/dist/esm/lucide-
react.js [app-client] (ecmascript).
Did you mean to import TreePalm?
All exports of the module are statically 
known (It doesn't have dynamic exports). 
So it's known statically that the 
requested export doesn't exist.

Import traces:
  Client Component Browser:
    ./karsaaz-qr-frontend-nextjs/src/compon
ents/qr/biolinks/blocks/SocialLinksBlock.ts
x [Client Component Browser]
    ./karsaaz-qr-frontend-nextjs/src/compon
ents/qr/biolinks/block-registry.ts [Client 
Component Browser]
    ./karsaaz-qr-frontend-nextjs/src/compon
ents/qr/biolinks/BlockEditor.tsx [Client 
Component Browser]
    ./karsaaz-qr-frontend-nextjs/src/compon
ents/qr/biolinks/BiolinkDesigner.tsx 
[Client Component Browser]
    ./karsaaz-qr-frontend-nextjs/src/app/(d
ashboard)/dashboard/qrcodes/new/[type]/page
.tsx [Client Component Browser]
    ./karsaaz-qr-frontend-nextjs/src/app/(d
ashboard)/dashboard/qrcodes/new/[type]/page
.tsx [Server Component]

  Client Component SSR:
    ./karsaaz-qr-frontend-nextjs/src/compon
ents/qr/biolinks/blocks/SocialLinksBlock.ts
x [Client Component SSR]
    ./karsaaz-qr-frontend-nextjs/src/compon
ents/qr/biolinks/block-registry.ts [Client 
Component SSR]
    ./karsaaz-qr-frontend-nextjs/src/compon
ents/qr/biolinks/BlockEditor.tsx [Client 
Component SSR]
    ./karsaaz-qr-frontend-nextjs/src/compon
ents/qr/biolinks/BiolinkDesigner.tsx 
[Client Component SSR]
    ./karsaaz-qr-frontend-nextjs/src/app/(d
ashboard)/dashboard/qrcodes/new/[type]/page
.tsx [Client Component SSR]
    ./karsaaz-qr-frontend-nextjs/src/app/(d
ashboard)/dashboard/qrcodes/new/[type]/page
.tsx [Server Component]


./karsaaz-qr-frontend-nextjs/src/components
/qr/biolinks/blocks/SocialLinksBlock.tsx:22
:1
Export Telegram doesn't exist in target 
module
[0m [90m 20 |[39m   [33mMapPin[39m
 [90m 21 |[39m } [36mfrom[39m 
[32m'lucide-react'[39m[33m;[39m
[31m[1m>[22m[39m[90m 22 |[39m 
[36mimport[39m {
 [90m    |[39m [31m[1m^[22m[39m[31m
[1m^[22m[39m[31m[1m^[22m[39m[31m[1m
^[22m[39m[31m[1m^[22m[39m[31m[1m^[
22m[39m[31m[1m^[22m[39m[31m[1m^[22m
[39m
[31m[1m>[22m[39m[90m 23 |[39m   
[33mFacebook[39m[33m,[39m
 [90m    |[39m [31m[1m^[22m[39m[31m
[1m^[22m[39m[31m[1m^[22m[39m[31m[1m
^[22m[39m[31m[1m^[22m[39m[31m[1m^[
22m[39m[31m[1m^[22m[39m[31m[1m^[22m
[39m[31m[1m^[22m[39m[31m[1m^[22m[3
9m[31m[1m^[22m[39m
[31m[1m>[22m[39m[90m 24 |[39m   
[33mTwitter[39m[33m,[39m
 [90m    |[39m [31m[1m^[22m[39m[31m
[1m^[22m[39m[31m[1m^[22m[39m[31m[1m
^[22m[39m[31m[1m^[22m[39m[31m[1m^[
22m[39m[31m[1m^[22m[39m[31m[1m^[22m
[39m[31m[1m^[22m[39m[31m[1m^[22m[3
9m[31m[1m^[22m[39m
[31m[1m>[22m[39m[90m 25 |[39m   
[33mInstagram[39m[33m,[39m
 [90m    |[39m [31m[1m^[22m[39m[31m
[1m^[22m[39m[31m[1m^[22m[39m[31m[1m
^[22m[39m[31m[1m^[22m[39m[31m[1m^[
22m[39m[31m[1m^[22m[39m[31m[1m^[22m
[39m[31m[1m^[22m[39m[31m[1m^[22m[3
9m[31m[1m^[22m[39m
[31m[1m>[22m[39m[90m 26 |[39m   
[33mLinkedin[39m[33m,[39m
 [90m    |[39m [31m[1m^[22m[39m[31m
[1m^[22m[39m[31m[1m^[22m[39m[31m[1m
^[22m[39m[31m[1m^[22m[39m[31m[1m^[
22m[39m[31m[1m^[22m[39m[31m[1m^[22m
[39m[31m[1m^[22m[39m[31m[1m^[22m[3
9m[31m[1m^[22m[39m
[31m[1m>[22m[39m[90m 27 |[39m   
[33mYoutube[39m[33m,[39m
 [90m    |[39m [31m[1m^[22m[39m[31m
[1m^[22m[39m[31m[1m^[22m[39m[31m[1m
^[22m[39m[31m[1m^[22m[39m[31m[1m^[
22m[39m[31m[1m^[22m[39m[31m[1m^[22m
[39m[31m[1m^[22m[39m[31m[1m^[22m[3
9m[31m[1m^[22m[39m
[31m[1m>[22m[39m[90m 28 |[39m   
[33mTiktok[39m[33m,[39m
 [90m    |[39m [31m[1m^[22m[39m[31m
[1m^[22m[39m[31m[1m^[22m[39m[31m[1m
^[22m[39m[31m[1m^[22m[39m[31m[1m^[
22m[39m[31m[1m^[22m[39m[31m[1m^[22m
[39m[31m[1m^[22m[39m[31m[1m^[22m[3
9m[31m[1m^[22m[39m
[31m[1m>[22m[39m[90m 29 |[39m   
[33mGithub[39m[33m,[39m
 [90m    |[39m [31m[1m^[22m[39m[31m
[1m^[22m[39m[31m[1m^[22m[39m[31m[1m
^[22m[39m[31m[1m^[22m[39m[31m[1m^[
22m[39m[31m[1m^[22m[39m[31m[1m^[22m
[39m[31m[1m^[22m[39m[31m[1m^[22m[3
9m[31m[1m^[22m[39m
[31m[1m>[22m[39m[90m 30 |[39m   
[33mDribbble[39m[33m,[39m
 [90m    |[39m [31m[1m^[22m[39m[31m
[1m^[22m[39m[31m[1m^[22m[39m[31m[1m
^[22m[39m[31m[1m^[22m[39m[31m[1m^[
22m[39m[31m[1m^[22m[39m[31m[1m^[22m
[39m[31m[1m^[22m[39m[31m[1m^[22m[3
9m[31m[1m^[22m[39m
[31m[1m>[22m[39m[90m 31 |[39m   
[33mBehance[39m[33m,[39m
 [90m    |[39m [31m[1m^[22m[39m[31m
[1m^[22m[39m[31m[1m^[22m[39m[31m[1m
^[22m[39m[31m[1m^[22m[39m[31m[1m^[
22m[39m[31m[1m^[22m[39m[31m[1m^[22m
[39m[31m[1m^[22m[39m[31m[1m^[22m[3
9m[31m[1m^[22m[39m
[31m[1m>[22m[39m[90m 32 |[39m   
[33mPinterest[39m[33m,[39m
 [90m    |[39m [31m[1m^[22m[39m[31m
[1m^[22m[39m[31m[1m^[22m[39m[31m[1m
^[22m[39m[31m[1m^[22m[39m[31m[1m^[
22m[39m[31m[1m^[22m[39m[31m[1m^[22m
[39m[31m[1m^[22m[39m[31m[1m^[22m[3
9m[31m[1m^[22m[39m
[31m[1m>[22m[39m[90m 33 |[39m   
[33mSpotify[39m[33m,[39m
 [90m    |[39m [31m[1m^[22m[39m[31m
[1m^[22m[39m[31m[1m^[22m[39m[31m[1m
^[22m[39m[31m[1m^[22m[39m[31m[1m^[
22m[39m[31m[1m^[22m[39m[31m[1m^[22m
[39m[31m[1m^[22m[39m[31m[1m^[22m[3
9m[31m[1m^[22m[39m
[31m[1m>[22m[39m[90m 34 |[39m   
[33mApple[39m[33m,[39m
 [90m    |[39m [31m[1m^[22m[39m[31m
[1m^[22m[39m[31m[1m^[22m[39m[31m[1m
^[22m[39m[31m[1m^[22m[39m[31m[1m^[
22m[39m[31m[1m^[22m[39m[31m[1m^[22m
[39m[31m[1m^[22m[39m[31m[1m^[22m[3
9m[31m[1m^[22m[39m
[31m[1m>[22m[39m[90m 35 |[39m   
[33mDiscord[39m[33m,[39m
 [90m    |[39m [31m[1m^[22m[39m[31m
[1m^[22m[39m[31m[1m^[22m[39m[31m[1m
^[22m[39m[31m[1m^[22m[39m[31m[1m^[
22m[39m[31m[1m^[22m[39m[31m[1m^[22m
[39m[31m[1m^[22m[39m[31m[1m^[22m[3
9m[31m[1m^[22m[39m
[31m[1m>[22m[39m[90m 36 |[39m   
[33mTwitch[39m[33m,[39m
 [90m    |[39m [31m[1m^[22m[39m[31m
[1m^[22m[39m[31m[1m^[22m[39m[31m[1m
^[22m[39m[31m[1m^[22m[39m[31m[1m^[
22m[39m[31m[1m^[22m[39m[31m[1m^[22m
[39m[31m[1m^[22m[39m[31m[1m^[22m[3
9m[31m[1m^[22m[39m
[31m[1m>[22m[39m[90m 37 |[39m   
[33mSnapchat[39m[33m,[39m
 [90m    |[39m [31m[1m^[22m[39m[31m
[1m^[22m[39m[31m[1m^[22m[39m[31m[1m
^[22m[39m[31m[1m^[22m[39m[31m[1m^[
22m[39m[31m[1m^[22m[39m[31m[1m^[22m
[39m[31m[1m^[22m[39m[31m[1m^[22m[3
9m[31m[1m^[22m[39m
[31m[1m>[22m[39m[90m 38 |[39m   
[33mWhatsapp[39m[33m,[39m
 [90m    |[39m [31m[1m^[22m[39m[31m
[1m^[22m[39m[31m[1m^[22m[39m[31m[1m
^[22m[39m[31m[1m^[22m[39m[31m[1m^[
22m[39m[31m[1m^[22m[39m[31m[1m^[22m
[39m[31m[1m^[22m[39m[31m[1m^[22m[3
9m[31m[1m^[22m[39m
[31m[1m>[22m[39m[90m 39 |[39m   
[33mTelegram[39m
 [90m    |[39m [31m[1m^[22m[39m[31m
[1m^[22m[39m[31m[1m^[22m[39m[31m[1m
^[22m[39m[31m[1m^[22m[39m[31m[1m^[
22m[39m[31m[1m^[22m[39m[31m[1m^[22m
[39m[31m[1m^[22m[39m[31m[1m^[22m[3
9m[31m[1m^[22m[39m
[31m[1m>[22m[39m[90m 40 |[39m } 
[36mfrom[39m 
[32m'lucide-react'[39m[33m;[39m
 [90m    |[39m [31m[1m^[22m[39m[31m
[1m^[22m[39m[31m[1m^[22m[39m[31m[1m
^[22m[39m[31m[1m^[22m[39m[31m[1m^[
22m[39m[31m[1m^[22m[39m[31m[1m^[22m
[39m[31m[1m^[22m[39m[31m[1m^[22m[3
9m[31m[1m^[22m[39m[31m[1m^[22m[39m
[31m[1m^[22m[39m[31m[1m^[22m[39m[31
m[1m^[22m[39m[31m[1m^[22m[39m[31m[
1m^[22m[39m[31m[1m^[22m[39m[31m[1m^
[22m[39m[31m[1m^[22m[39m[31m[1m^[2
2m[39m[31m[1m^[22m[39m[31m[1m^[22m
[39m
 [90m 41 |[39m
 [90m 42 |[39m [90m// Import DnD for 
reordering[39m
 [90m 43 |[39m [36mimport[39m {[0m

The export Telegram was not found in 
module [project]/karsaaz-qr-frontend-nextjs
/node_modules/lucide-react/dist/esm/lucide-
react.js [app-ssr] (ecmascript).
Did you mean to import TreePalm?
All exports of the module are statically 
known (It doesn't have dynamic exports). 
So it's known statically that the 
requested export doesn't exist.

Import traces:
  Client Component Browser:
    ./karsaaz-qr-frontend-nextjs/src/compon
ents/qr/biolinks/blocks/SocialLinksBlock.ts
x [Client Component Browser]
    ./karsaaz-qr-frontend-nextjs/src/compon
ents/qr/biolinks/block-registry.ts [Client 
Component Browser]
    ./karsaaz-qr-frontend-nextjs/src/compon
ents/qr/biolinks/BlockEditor.tsx [Client 
Component Browser]
    ./karsaaz-qr-frontend-nextjs/src/compon
ents/qr/biolinks/BiolinkDesigner.tsx 
[Client Component Browser]
    ./karsaaz-qr-frontend-nextjs/src/app/(d
ashboard)/dashboard/qrcodes/new/[type]/page
.tsx [Client Component Browser]
    ./karsaaz-qr-frontend-nextjs/src/app/(d
ashboard)/dashboard/qrcodes/new/[type]/page
.tsx [Server Component]

  Client Component SSR:
    ./karsaaz-qr-frontend-nextjs/src/compon
ents/qr/biolinks/blocks/SocialLinksBlock.ts
x [Client Component SSR]
    ./karsaaz-qr-frontend-nextjs/src/compon
ents/qr/biolinks/block-registry.ts [Client 
Component SSR]
    ./karsaaz-qr-frontend-nextjs/src/compon
ents/qr/biolinks/BlockEditor.tsx [Client 
Component SSR]
    ./karsaaz-qr-frontend-nextjs/src/compon
ents/qr/biolinks/BiolinkDesigner.tsx 
[Client Component SSR]
    ./karsaaz-qr-frontend-nextjs/src/app/(d
ashboard)/dashboard/qrcodes/new/[type]/page
.tsx [Client Component SSR]
    ./karsaaz-qr-frontend-nextjs/src/app/(d
ashboard)/dashboard/qrcodes/new/[type]/page
.tsx [Server Component]


./karsaaz-qr-frontend-nextjs/src/components
/qr/biolinks/blocks/SocialLinksBlock.tsx:22
:1
Export Tiktok doesn't exist in target 
module
[0m [90m 20 |[39m   [33mMapPin[39m
 [90m 21 |[39m } [36mfrom[39m 
[32m'lucide-react'[39m[33m;[39m
[31m[1m>[22m[39m[90m 22 |[39m 
[36mimport[39m {
 [90m    |[39m [31m[1m^[22m[39m[31m
[1m^[22m[39m[31m[1m^[22m[39m[31m[1m
^[22m[39m[31m[1m^[22m[39m[31m[1m^[
22m[39m[31m[1m^[22m[39m[31m[1m^[22m
[39m
[31m[1m>[22m[39m[90m 23 |[39m   
[33mFacebook[39m[33m,[39m
 [90m    |[39m [31m[1m^[22m[39m[31m
[1m^[22m[39m[31m[1m^[22m[39m[31m[1m
^[22m[39m[31m[1m^[22m[39m[31m[1m^[
22m[39m[31m[1m^[22m[39m[31m[1m^[22m
[39m[31m[1m^[22m[39m[31m[1m^[22m[3
9m[31m[1m^[22m[39m
[31m[1m>[22m[39m[90m 24 |[39m   
[33mTwitter[39m[33m,[39m
 [90m    |[39m [31m[1m^[22m[39m[31m
[1m^[22m[39m[31m[1m^[22m[39m[31m[1m
^[22m[39m[31m[1m^[22m[39m[31m[1m^[
22m[39m[31m[1m^[22m[39m[31m[1m^[22m
[39m[31m[1m^[22m[39m[31m[1m^[22m[3
9m[31m[1m^[22m[39m
[31m[1m>[22m[39m[90m 25 |[39m   
[33mInstagram[39m[33m,[39m
 [90m    |[39m [31m[1m^[22m[39m[31m
[1m^[22m[39m[31m[1m^[22m[39m[31m[1m
^[22m[39m[31m[1m^[22m[39m[31m[1m^[
22m[39m[31m[1m^[22m[39m[31m[1m^[22m
[39m[31m[1m^[22m[39m[31m[1m^[22m[3
9m[31m[1m^[22m[39m
[31m[1m>[22m[39m[90m 26 |[39m   
[33mLinkedin[39m[33m,[39m
 [90m    |[39m [31m[1m^[22m[39m[31m
[1m^[22m[39m[31m[1m^[22m[39m[31m[1m
^[22m[39m[31m[1m^[22m[39m[31m[1m^[
22m[39m[31m[1m^[22m[39m[31m[1m^[22m
[39m[31m[1m^[22m[39m[31m[1m^[22m[3
9m[31m[1m^[22m[39m
[31m[1m>[22m[39m[90m 27 |[39m   
[33mYoutube[39m[33m,[39m
 [90m    |[39m [31m[1m^[22m[39m[31m
[1m^[22m[39m[31m[1m^[22m[39m[31m[1m
^[22m[39m[31m[1m^[22m[39m[31m[1m^[
22m[39m[31m[1m^[22m[39m[31m[1m^[22m
[39m[31m[1m^[22m[39m[31m[1m^[22m[3
9m[31m[1m^[22m[39m
[31m[1m>[22m[39m[90m 28 |[39m   
[33mTiktok[39m[33m,[39m
 [90m    |[39m [31m[1m^[22m[39m[31m
[1m^[22m[39m[31m[1m^[22m[39m[31m[1m
^[22m[39m[31m[1m^[22m[39m[31m[1m^[
22m[39m[31m[1m^[22m[39m[31m[1m^[22m
[39m[31m[1m^[22m[39m[31m[1m^[22m[3
9m[31m[1m^[22m[39m
[31m[1m>[22m[39m[90m 29 |[39m   
[33mGithub[39m[33m,[39m
 [90m    |[39m [31m[1m^[22m[39m[31m
[1m^[22m[39m[31m[1m^[22m[39m[31m[1m
^[22m[39m[31m[1m^[22m[39m[31m[1m^[
22m[39m[31m[1m^[22m[39m[31m[1m^[22m
[39m[31m[1m^[22m[39m[31m[1m^[22m[3
9m[31m[1m^[22m[39m
[31m[1m>[22m[39m[90m 30 |[39m   
[33mDribbble[39m[33m,[39m
 [90m    |[39m [31m[1m^[22m[39m[31m
[1m^[22m[39m[31m[1m^[22m[39m[31m[1m
^[22m[39m[31m[1m^[22m[39m[31m[1m^[
22m[39m[31m[1m^[22m[39m[31m[1m^[22m
[39m[31m[1m^[22m[39m[31m[1m^[22m[3
9m[31m[1m^[22m[39m
[31m[1m>[22m[39m[90m 31 |[39m   
[33mBehance[39m[33m,[39m
 [90m    |[39m [31m[1m^[22m[39m[31m
[1m^[22m[39m[31m[1m^[22m[39m[31m[1m
^[22m[39m[31m[1m^[22m[39m[31m[1m^[
22m[39m[31m[1m^[22m[39m[31m[1m^[22m
[39m[31m[1m^[22m[39m[31m[1m^[22m[3
9m[31m[1m^[22m[39m
[31m[1m>[22m[39m[90m 32 |[39m   
[33mPinterest[39m[33m,[39m
 [90m    |[39m [31m[1m^[22m[39m[31m
[1m^[22m[39m[31m[1m^[22m[39m[31m[1m
^[22m[39m[31m[1m^[22m[39m[31m[1m^[
22m[39m[31m[1m^[22m[39m[31m[1m^[22m
[39m[31m[1m^[22m[39m[31m[1m^[22m[3
9m[31m[1m^[22m[39m
[31m[1m>[22m[39m[90m 33 |[39m   
[33mSpotify[39m[33m,[39m
 [90m    |[39m [31m[1m^[22m[39m[31m
[1m^[22m[39m[31m[1m^[22m[39m[31m[1m
^[22m[39m[31m[1m^[22m[39m[31m[1m^[
22m[39m[31m[1m^[22m[39m[31m[1m^[22m
[39m[31m[1m^[22m[39m[31m[1m^[22m[3
9m[31m[1m^[22m[39m
[31m[1m>[22m[39m[90m 34 |[39m   
[33mApple[39m[33m,[39m
 [90m    |[39m [31m[1m^[22m[39m[31m
[1m^[22m[39m[31m[1m^[22m[39m[31m[1m
^[22m[39m[31m[1m^[22m[39m[31m[1m^[
22m[39m[31m[1m^[22m[39m[31m[1m^[22m
[39m[31m[1m^[22m[39m[31m[1m^[22m[3
9m[31m[1m^[22m[39m
[31m[1m>[22m[39m[90m 35 |[39m   
[33mDiscord[39m[33m,[39m
 [90m    |[39m [31m[1m^[22m[39m[31m
[1m^[22m[39m[31m[1m^[22m[39m[31m[1m
^[22m[39m[31m[1m^[22m[39m[31m[1m^[
22m[39m[31m[1m^[22m[39m[31m[1m^[22m
[39m[31m[1m^[22m[39m[31m[1m^[22m[3
9m[31m[1m^[22m[39m
[31m[1m>[22m[39m[90m 36 |[39m   
[33mTwitch[39m[33m,[39m
 [90m    |[39m [31m[1m^[22m[39m[31m
[1m^[22m[39m[31m[1m^[22m[39m[31m[1m
^[22m[39m[31m[1m^[22m[39m[31m[1m^[
22m[39m[31m[1m^[22m[39m[31m[1m^[22m
[39m[31m[1m^[22m[39m[31m[1m^[22m[3
9m[31m[1m^[22m[39m
[31m[1m>[22m[39m[90m 37 |[39m   
[33mSnapchat[39m[33m,[39m
 [90m    |[39m [31m[1m^[22m[39m[31m
[1m^[22m[39m[31m[1m^[22m[39m[31m[1m
^[22m[39m[31m[1m^[22m[39m[31m[1m^[
22m[39m[31m[1m^[22m[39m[31m[1m^[22m
[39m[31m[1m^[22m[39m[31m[1m^[22m[3
9m[31m[1m^[22m[39m
[31m[1m>[22m[39m[90m 38 |[39m   
[33mWhatsapp[39m[33m,[39m
 [90m    |[39m [31m[1m^[22m[39m[31m
[1m^[22m[39m[31m[1m^[22m[39m[31m[1m
^[22m[39m[31m[1m^[22m[39m[31m[1m^[
22m[39m[31m[1m^[22m[39m[31m[1m^[22m
[39m[31m[1m^[22m[39m[31m[1m^[22m[3
9m[31m[1m^[22m[39m
[31m[1m>[22m[39m[90m 39 |[39m   
[33mTelegram[39m
 [90m    |[39m [31m[1m^[22m[39m[31m
[1m^[22m[39m[31m[1m^[22m[39m[31m[1m
^[22m[39m[31m[1m^[22m[39m[31m[1m^[
22m[39m[31m[1m^[22m[39m[31m[1m^[22m
[39m[31m[1m^[22m[39m[31m[1m^[22m[3
9m[31m[1m^[22m[39m
[31m[1m>[22m[39m[90m 40 |[39m } 
[36mfrom[39m 
[32m'lucide-react'[39m[33m;[39m
 [90m    |[39m [31m[1m^[22m[39m[31m
[1m^[22m[39m[31m[1m^[22m[39m[31m[1m
^[22m[39m[31m[1m^[22m[39m[31m[1m^[
22m[39m[31m[1m^[22m[39m[31m[1m^[22m
[39m[31m[1m^[22m[39m[31m[1m^[22m[3
9m[31m[1m^[22m[39m[31m[1m^[22m[39m
[31m[1m^[22m[39m[31m[1m^[22m[39m[31
m[1m^[22m[39m[31m[1m^[22m[39m[31m[
1m^[22m[39m[31m[1m^[22m[39m[31m[1m^
[22m[39m[31m[1m^[22m[39m[31m[1m^[2
2m[39m[31m[1m^[22m[39m[31m[1m^[22m
[39m
 [90m 41 |[39m
 [90m 42 |[39m [90m// Import DnD for 
reordering[39m
 [90m 43 |[39m [36mimport[39m {[0m

The export Tiktok was not found in module [
project]/karsaaz-qr-frontend-nextjs/node_mo
dules/lucide-react/dist/esm/lucide-react.js
 [app-client] (ecmascript).
Did you mean to import TicketIcon?
All exports of the module are statically 
known (It doesn't have dynamic exports). 
So it's known statically that the 
requested export doesn't exist.

Import traces:
  Client Component Browser:
    ./karsaaz-qr-frontend-nextjs/src/compon
ents/qr/biolinks/blocks/SocialLinksBlock.ts
x [Client Component Browser]
    ./karsaaz-qr-frontend-nextjs/src/compon
ents/qr/biolinks/block-registry.ts [Client 
Component Browser]
    ./karsaaz-qr-frontend-nextjs/src/compon
ents/qr/biolinks/BlockEditor.tsx [Client 
Component Browser]
    ./karsaaz-qr-frontend-nextjs/src/compon
ents/qr/biolinks/BiolinkDesigner.tsx 
[Client Component Browser]
    ./karsaaz-qr-frontend-nextjs/src/app/(d
ashboard)/dashboard/qrcodes/new/[type]/page
.tsx [Client Component Browser]
    ./karsaaz-qr-frontend-nextjs/src/app/(d
ashboard)/dashboard/qrcodes/new/[type]/page
.tsx [Server Component]

  Client Component SSR:
    ./karsaaz-qr-frontend-nextjs/src/compon
ents/qr/biolinks/blocks/SocialLinksBlock.ts
x [Client Component SSR]
    ./karsaaz-qr-frontend-nextjs/src/compon
ents/qr/biolinks/block-registry.ts [Client 
Component SSR]
    ./karsaaz-qr-frontend-nextjs/src/compon
ents/qr/biolinks/BlockEditor.tsx [Client 
Component SSR]
    ./karsaaz-qr-frontend-nextjs/src/compon
ents/qr/biolinks/BiolinkDesigner.tsx 
[Client Component SSR]
    ./karsaaz-qr-frontend-nextjs/src/app/(d
ashboard)/dashboard/qrcodes/new/[type]/page
.tsx [Client Component SSR]
    ./karsaaz-qr-frontend-nextjs/src/app/(d
ashboard)/dashboard/qrcodes/new/[type]/page
.tsx [Server Component]


./karsaaz-qr-frontend-nextjs/src/components
/qr/biolinks/blocks/SocialLinksBlock.tsx:22
:1
Export Tiktok doesn't exist in target 
module
[0m [90m 20 |[39m   [33mMapPin[39m
 [90m 21 |[39m } [36mfrom[39m 
[32m'lucide-react'[39m[33m;[39m
[31m[1m>[22m[39m[90m 22 |[39m 
[36mimport[39m {
 [90m    |[39m [31m[1m^[22m[39m[31m
[1m^[22m[39m[31m[1m^[22m[39m[31m[1m
^[22m[39m[31m[1m^[22m[39m[31m[1m^[
22m[39m[31m[1m^[22m[39m[31m[1m^[22m
[39m
[31m[1m>[22m[39m[90m 23 |[39m   
[33mFacebook[39m[33m,[39m
 [90m    |[39m [31m[1m^[22m[39m[31m
[1m^[22m[39m[31m[1m^[22m[39m[31m[1m
^[22m[39m[31m[1m^[22m[39m[31m[1m^[
22m[39m[31m[1m^[22m[39m[31m[1m^[22m
[39m[31m[1m^[22m[39m[31m[1m^[22m[3
9m[31m[1m^[22m[39m
[31m[1m>[22m[39m[90m 24 |[39m   
[33mTwitter[39m[33m,[39m
 [90m    |[39m [31m[1m^[22m[39m[31m
[1m^[22m[39m[31m[1m^[22m[39m[31m[1m
^[22m[39m[31m[1m^[22m[39m[31m[1m^[
22m[39m[31m[1m^[22m[39m[31m[1m^[22m
[39m[31m[1m^[22m[39m[31m[1m^[22m[3
9m[31m[1m^[22m[39m
[31m[1m>[22m[39m[90m 25 |[39m   
[33mInstagram[39m[33m,[39m
 [90m    |[39m [31m[1m^[22m[39m[31m
[1m^[22m[39m[31m[1m^[22m[39m[31m[1m
^[22m[39m[31m[1m^[22m[39m[31m[1m^[
22m[39m[31m[1m^[22m[39m[31m[1m^[22m
[39m[31m[1m^[22m[39m[31m[1m^[22m[3
9m[31m[1m^[22m[39m
[31m[1m>[22m[39m[90m 26 |[39m   
[33mLinkedin[39m[33m,[39m
 [90m    |[39m [31m[1m^[22m[39m[31m
[1m^[22m[39m[31m[1m^[22m[39m[31m[1m
^[22m[39m[31m[1m^[22m[39m[31m[1m^[
22m[39m[31m[1m^[22m[39m[31m[1m^[22m
[39m[31m[1m^[22m[39m[31m[1m^[22m[3
9m[31m[1m^[22m[39m
[31m[1m>[22m[39m[90m 27 |[39m   
[33mYoutube[39m[33m,[39m
 [90m    |[39m [31m[1m^[22m[39m[31m
[1m^[22m[39m[31m[1m^[22m[39m[31m[1m
^[22m[39m[31m[1m^[22m[39m[31m[1m^[
22m[39m[31m[1m^[22m[39m[31m[1m^[22m
[39m[31m[1m^[22m[39m[31m[1m^[22m[3
9m[31m[1m^[22m[39m
[31m[1m>[22m[39m[90m 28 |[39m   
[33mTiktok[39m[33m,[39m
 [90m    |[39m [31m[1m^[22m[39m[31m
[1m^[22m[39m[31m[1m^[22m[39m[31m[1m
^[22m[39m[31m[1m^[22m[39m[31m[1m^[
22m[39m[31m[1m^[22m[39m[31m[1m^[22m
[39m[31m[1m^[22m[39m[31m[1m^[22m[3
9m[31m[1m^[22m[39m
[31m[1m>[22m[39m[90m 29 |[39m   
[33mGithub[39m[33m,[39m
 [90m    |[39m [31m[1m^[22m[39m[31m
[1m^[22m[39m[31m[1m^[22m[39m[31m[1m
^[22m[39m[31m[1m^[22m[39m[31m[1m^[
22m[39m[31m[1m^[22m[39m[31m[1m^[22m
[39m[31m[1m^[22m[39m[31m[1m^[22m[3
9m[31m[1m^[22m[39m
[31m[1m>[22m[39m[90m 30 |[39m   
[33mDribbble[39m[33m,[39m
 [90m    |[39m [31m[1m^[22m[39m[31m
[1m^[22m[39m[31m[1m^[22m[39m[31m[1m
^[22m[39m[31m[1m^[22m[39m[31m[1m^[
22m[39m[31m[1m^[22m[39m[31m[1m^[22m
[39m[31m[1m^[22m[39m[31m[1m^[22m[3
9m[31m[1m^[22m[39m
[31m[1m>[22m[39m[90m 31 |[39m   
[33mBehance[39m[33m,[39m
 [90m    |[39m [31m[1m^[22m[39m[31m
[1m^[22m[39m[31m[1m^[22m[39m[31m[1m
^[22m[39m[31m[1m^[22m[39m[31m[1m^[
22m[39m[31m[1m^[22m[39m[31m[1m^[22m
[39m[31m[1m^[22m[39m[31m[1m^[22m[3
9m[31m[1m^[22m[39m
[31m[1m>[22m[39m[90m 32 |[39m   
[33mPinterest[39m[33m,[39m
 [90m    |[39m [31m[1m^[22m[39m[31m
[1m^[22m[39m[31m[1m^[22m[39m[31m[1m
^[22m[39m[31m[1m^[22m[39m[31m[1m^[
22m[39m[31m[1m^[22m[39m[31m[1m^[22m
[39m[31m[1m^[22m[39m[31m[1m^[22m[3
9m[31m[1m^[22m[39m
[31m[1m>[22m[39m[90m 33 |[39m   
[33mSpotify[39m[33m,[39m
 [90m    |[39m [31m[1m^[22m[39m[31m
[1m^[22m[39m[31m[1m^[22m[39m[31m[1m
^[22m[39m[31m[1m^[22m[39m[31m[1m^[
22m[39m[31m[1m^[22m[39m[31m[1m^[22m
[39m[31m[1m^[22m[39m[31m[1m^[22m[3
9m[31m[1m^[22m[39m
[31m[1m>[22m[39m[90m 34 |[39m   
[33mApple[39m[33m,[39m
 [90m    |[39m [31m[1m^[22m[39m[31m
[1m^[22m[39m[31m[1m^[22m[39m[31m[1m
^[22m[39m[31m[1m^[22m[39m[31m[1m^[
22m[39m[31m[1m^[22m[39m[31m[1m^[22m
[39m[31m[1m^[22m[39m[31m[1m^[22m[3
9m[31m[1m^[22m[39m
[31m[1m>[22m[39m[90m 35 |[39m   
[33mDiscord[39m[33m,[39m
 [90m    |[39m [31m[1m^[22m[39m[31m
[1m^[22m[39m[31m[1m^[22m[39m[31m[1m
^[22m[39m[31m[1m^[22m[39m[31m[1m^[
22m[39m[31m[1m^[22m[39m[31m[1m^[22m
[39m[31m[1m^[22m[39m[31m[1m^[22m[3
9m[31m[1m^[22m[39m
[31m[1m>[22m[39m[90m 36 |[39m   
[33mTwitch[39m[33m,[39m
 [90m    |[39m [31m[1m^[22m[39m[31m
[1m^[22m[39m[31m[1m^[22m[39m[31m[1m
^[22m[39m[31m[1m^[22m[39m[31m[1m^[
22m[39m[31m[1m^[22m[39m[31m[1m^[22m
[39m[31m[1m^[22m[39m[31m[1m^[22m[3
9m[31m[1m^[22m[39m
[31m[1m>[22m[39m[90m 37 |[39m   
[33mSnapchat[39m[33m,[39m
 [90m    |[39m [31m[1m^[22m[39m[31m
[1m^[22m[39m[31m[1m^[22m[39m[31m[1m
^[22m[39m[31m[1m^[22m[39m[31m[1m^[
22m[39m[31m[1m^[22m[39m[31m[1m^[22m
[39m[31m[1m^[22m[39m[31m[1m^[22m[3
9m[31m[1m^[22m[39m
[31m[1m>[22m[39m[90m 38 |[39m   
[33mWhatsapp[39m[33m,[39m
 [90m    |[39m [31m[1m^[22m[39m[31m
[1m^[22m[39m[31m[1m^[22m[39m[31m[1m
^[22m[39m[31m[1m^[22m[39m[31m[1m^[
22m[39m[31m[1m^[22m[39m[31m[1m^[22m
[39m[31m[1m^[22m[39m[31m[1m^[22m[3
9m[31m[1m^[22m[39m
[31m[1m>[22m[39m[90m 39 |[39m   
[33mTelegram[39m
 [90m    |[39m [31m[1m^[22m[39m[31m
[1m^[22m[39m[31m[1m^[22m[39m[31m[1m
^[22m[39m[31m[1m^[22m[39m[31m[1m^[
22m[39m[31m[1m^[22m[39m[31m[1m^[22m
[39m[31m[1m^[22m[39m[31m[1m^[22m[3
9m[31m[1m^[22m[39m
[31m[1m>[22m[39m[90m 40 |[39m } 
[36mfrom[39m 
[32m'lucide-react'[39m[33m;[39m
 [90m    |[39m [31m[1m^[22m[39m[31m
[1m^[22m[39m[31m[1m^[22m[39m[31m[1m
^[22m[39m[31m[1m^[22m[39m[31m[1m^[
22m[39m[31m[1m^[22m[39m[31m[1m^[22m
[39m[31m[1m^[22m[39m[31m[1m^[22m[3
9m[31m[1m^[22m[39m[31m[1m^[22m[39m
[31m[1m^[22m[39m[31m[1m^[22m[39m[31
m[1m^[22m[39m[31m[1m^[22m[39m[31m[
1m^[22m[39m[31m[1m^[22m[39m[31m[1m^
[22m[39m[31m[1m^[22m[39m[31m[1m^[2
2m[39m[31m[1m^[22m[39m[31m[1m^[22m
[39m
 [90m 41 |[39m
 [90m 42 |[39m [90m// Import DnD for 
reordering[39m
 [90m 43 |[39m [36mimport[39m {[0m

The export Tiktok was not found in module [
project]/karsaaz-qr-frontend-nextjs/node_mo
dules/lucide-react/dist/esm/lucide-react.js
 [app-ssr] (ecmascript).
Did you mean to import TicketIcon?
All exports of the module are statically 
known (It doesn't have dynamic exports). 
So it's known statically that the 
requested export doesn't exist.

Import traces:
  Client Component Browser:
    ./karsaaz-qr-frontend-nextjs/src/compon
ents/qr/biolinks/blocks/SocialLinksBlock.ts
x [Client Component Browser]
    ./karsaaz-qr-frontend-nextjs/src/compon
ents/qr/biolinks/block-registry.ts [Client 
Component Browser]
    ./karsaaz-qr-frontend-nextjs/src/compon
ents/qr/biolinks/BlockEditor.tsx [Client 
Component Browser]
    ./karsaaz-qr-frontend-nextjs/src/compon
ents/qr/biolinks/BiolinkDesigner.tsx 
[Client Component Browser]
    ./karsaaz-qr-frontend-nextjs/src/app/(d
ashboard)/dashboard/qrcodes/new/[type]/page
.tsx [Client Component Browser]
    ./karsaaz-qr-frontend-nextjs/src/app/(d
ashboard)/dashboard/qrcodes/new/[type]/page
.tsx [Server Component]

  Client Component SSR:
    ./karsaaz-qr-frontend-nextjs/src/compon
ents/qr/biolinks/blocks/SocialLinksBlock.ts
x [Client Component SSR]
    ./karsaaz-qr-frontend-nextjs/src/compon
ents/qr/biolinks/block-registry.ts [Client 
Component SSR]
    ./karsaaz-qr-frontend-nextjs/src/compon
ents/qr/biolinks/BlockEditor.tsx [Client 
Component SSR]
    ./karsaaz-qr-frontend-nextjs/src/compon
ents/qr/biolinks/BiolinkDesigner.tsx 
[Client Component SSR]
    ./karsaaz-qr-frontend-nextjs/src/app/(d
ashboard)/dashboard/qrcodes/new/[type]/page
.tsx [Client Component SSR]
    ./karsaaz-qr-frontend-nextjs/src/app/(d
ashboard)/dashboard/qrcodes/new/[type]/page
.tsx [Server Component]


./karsaaz-qr-frontend-nextjs/src/components
/qr/biolinks/blocks/SocialLinksBlock.tsx:22
:1
Export Whatsapp doesn't exist in target 
module
[0m [90m 20 |[39m   [33mMapPin[39m
 [90m 21 |[39m } [36mfrom[39m 
[32m'lucide-react'[39m[33m;[39m
[31m[1m>[22m[39m[90m 22 |[39m 
[36mimport[39m {
 [90m    |[39m [31m[1m^[22m[39m[31m
[1m^[22m[39m[31m[1m^[22m[39m[31m[1m
^[22m[39m[31m[1m^[22m[39m[31m[1m^[
22m[39m[31m[1m^[22m[39m[31m[1m^[22m
[39m
[31m[1m>[22m[39m[90m 23 |[39m   
[33mFacebook[39m[33m,[39m
 [90m    |[39m [31m[1m^[22m[39m[31m
[1m^[22m[39m[31m[1m^[22m[39m[31m[1m
^[22m[39m[31m[1m^[22m[39m[31m[1m^[
22m[39m[31m[1m^[22m[39m[31m[1m^[22m
[39m[31m[1m^[22m[39m[31m[1m^[22m[3
9m[31m[1m^[22m[39m
[31m[1m>[22m[39m[90m 24 |[39m   
[33mTwitter[39m[33m,[39m
 [90m    |[39m [31m[1m^[22m[39m[31m
[1m^[22m[39m[31m[1m^[22m[39m[31m[1m
^[22m[39m[31m[1m^[22m[39m[31m[1m^[
22m[39m[31m[1m^[22m[39m[31m[1m^[22m
[39m[31m[1m^[22m[39m[31m[1m^[22m[3
9m[31m[1m^[22m[39m
[31m[1m>[22m[39m[90m 25 |[39m   
[33mInstagram[39m[33m,[39m
 [90m    |[39m [31m[1m^[22m[39m[31m
[1m^[22m[39m[31m[1m^[22m[39m[31m[1m
^[22m[39m[31m[1m^[22m[39m[31m[1m^[
22m[39m[31m[1m^[22m[39m[31m[1m^[22m
[39m[31m[1m^[22m[39m[31m[1m^[22m[3
9m[31m[1m^[22m[39m
[31m[1m>[22m[39m[90m 26 |[39m   
[33mLinkedin[39m[33m,[39m
 [90m    |[39m [31m[1m^[22m[39m[31m
[1m^[22m[39m[31m[1m^[22m[39m[31m[1m
^[22m[39m[31m[1m^[22m[39m[31m[1m^[
22m[39m[31m[1m^[22m[39m[31m[1m^[22m
[39m[31m[1m^[22m[39m[31m[1m^[22m[3
9m[31m[1m^[22m[39m
[31m[1m>[22m[39m[90m 27 |[39m   
[33mYoutube[39m[33m,[39m
 [90m    |[39m [31m[1m^[22m[39m[31m
[1m^[22m[39m[31m[1m^[22m[39m[31m[1m
^[22m[39m[31m[1m^[22m[39m[31m[1m^[
22m[39m[31m[1m^[22m[39m[31m[1m^[22m
[39m[31m[1m^[22m[39m[31m[1m^[22m[3
9m[31m[1m^[22m[39m
[31m[1m>[22m[39m[90m 28 |[39m   
[33mTiktok[39m[33m,[39m
 [90m    |[39m [31m[1m^[22m[39m[31m
[1m^[22m[39m[31m[1m^[22m[39m[31m[1m
^[22m[39m[31m[1m^[22m[39m[31m[1m^[
22m[39m[31m[1m^[22m[39m[31m[1m^[22m
[39m[31m[1m^[22m[39m[31m[1m^[22m[3
9m[31m[1m^[22m[39m
[31m[1m>[22m[39m[90m 29 |[39m   
[33mGithub[39m[33m,[39m
 [90m    |[39m [31m[1m^[22m[39m[31m
[1m^[22m[39m[31m[1m^[22m[39m[31m[1m
^[22m[39m[31m[1m^[22m[39m[31m[1m^[
22m[39m[31m[1m^[22m[39m[31m[1m^[22m
[39m[31m[1m^[22m[39m[31m[1m^[22m[3
9m[31m[1m^[22m[39m
[31m[1m>[22m[39m[90m 30 |[39m   
[33mDribbble[39m[33m,[39m
 [90m    |[39m [31m[1m^[22m[39m[31m
[1m^[22m[39m[31m[1m^[22m[39m[31m[1m
^[22m[39m[31m[1m^[22m[39m[31m[1m^[
22m[39m[31m[1m^[22m[39m[31m[1m^[22m
[39m[31m[1m^[22m[39m[31m[1m^[22m[3
9m[31m[1m^[22m[39m
[31m[1m>[22m[39m[90m 31 |[39m   
[33mBehance[39m[33m,[39m
 [90m    |[39m [31m[1m^[22m[39m[31m
[1m^[22m[39m[31m[1m^[22m[39m[31m[1m
^[22m[39m[31m[1m^[22m[39m[31m[1m^[
22m[39m[31m[1m^[22m[39m[31m[1m^[22m
[39m[31m[1m^[22m[39m[31m[1m^[22m[3
9m[31m[1m^[22m[39m
[31m[1m>[22m[39m[90m 32 |[39m   
[33mPinterest[39m[33m,[39m
 [90m    |[39m [31m[1m^[22m[39m[31m
[1m^[22m[39m[31m[1m^[22m[39m[31m[1m
^[22m[39m[31m[1m^[22m[39m[31m[1m^[
22m[39m[31m[1m^[22m[39m[31m[1m^[22m
[39m[31m[1m^[22m[39m[31m[1m^[22m[3
9m[31m[1m^[22m[39m
[31m[1m>[22m[39m[90m 33 |[39m   
[33mSpotify[39m[33m,[39m
 [90m    |[39m [31m[1m^[22m[39m[31m
[1m^[22m[39m[31m[1m^[22m[39m[31m[1m
^[22m[39m[31m[1m^[22m[39m[31m[1m^[
22m[39m[31m[1m^[22m[39m[31m[1m^[22m
[39m[31m[1m^[22m[39m[31m[1m^[22m[3
9m[31m[1m^[22m[39m
[31m[1m>[22m[39m[90m 34 |[39m   
[33mApple[39m[33m,[39m
 [90m    |[39m [31m[1m^[22m[39m[31m
[1m^[22m[39m[31m[1m^[22m[39m[31m[1m
^[22m[39m[31m[1m^[22m[39m[31m[1m^[
22m[39m[31m[1m^[22m[39m[31m[1m^[22m
[39m[31m[1m^[22m[39m[31m[1m^[22m[3
9m[31m[1m^[22m[39m
[31m[1m>[22m[39m[90m 35 |[39m   
[33mDiscord[39m[33m,[39m
 [90m    |[39m [31m[1m^[22m[39m[31m
[1m^[22m[39m[31m[1m^[22m[39m[31m[1m
^[22m[39m[31m[1m^[22m[39m[31m[1m^[
22m[39m[31m[1m^[22m[39m[31m[1m^[22m
[39m[31m[1m^[22m[39m[31m[1m^[22m[3
9m[31m[1m^[22m[39m
[31m[1m>[22m[39m[90m 36 |[39m   
[33mTwitch[39m[33m,[39m
 [90m    |[39m [31m[1m^[22m[39m[31m
[1m^[22m[39m[31m[1m^[22m[39m[31m[1m
^[22m[39m[31m[1m^[22m[39m[31m[1m^[
22m[39m[31m[1m^[22m[39m[31m[1m^[22m
[39m[31m[1m^[22m[39m[31m[1m^[22m[3
9m[31m[1m^[22m[39m
[31m[1m>[22m[39m[90m 37 |[39m   
[33mSnapchat[39m[33m,[39m
 [90m    |[39m [31m[1m^[22m[39m[31m
[1m^[22m[39m[31m[1m^[22m[39m[31m[1m
^[22m[39m[31m[1m^[22m[39m[31m[1m^[
22m[39m[31m[1m^[22m[39m[31m[1m^[22m
[39m[31m[1m^[22m[39m[31m[1m^[22m[3
9m[31m[1m^[22m[39m
[31m[1m>[22m[39m[90m 38 |[39m   
[33mWhatsapp[39m[33m,[39m
 [90m    |[39m [31m[1m^[22m[39m[31m
[1m^[22m[39m[31m[1m^[22m[39m[31m[1m
^[22m[39m[31m[1m^[22m[39m[31m[1m^[
22m[39m[31m[1m^[22m[39m[31m[1m^[22m
[39m[31m[1m^[22m[39m[31m[1m^[22m[3
9m[31m[1m^[22m[39m
[31m[1m>[22m[39m[90m 39 |[39m   
[33mTelegram[39m
 [90m    |[39m [31m[1m^[22m[39m[31m
[1m^[22m[39m[31m[1m^[22m[39m[31m[1m
^[22m[39m[31m[1m^[22m[39m[31m[1m^[
22m[39m[31m[1m^[22m[39m[31m[1m^[22m
[39m[31m[1m^[22m[39m[31m[1m^[22m[3
9m[31m[1m^[22m[39m
[31m[1m>[22m[39m[90m 40 |[39m } 
[36mfrom[39m 
[32m'lucide-react'[39m[33m;[39m
 [90m    |[39m [31m[1m^[22m[39m[31m
[1m^[22m[39m[31m[1m^[22m[39m[31m[1m
^[22m[39m[31m[1m^[22m[39m[31m[1m^[
22m[39m[31m[1m^[22m[39m[31m[1m^[22m
[39m[31m[1m^[22m[39m[31m[1m^[22m[3
9m[31m[1m^[22m[39m[31m[1m^[22m[39m
[31m[1m^[22m[39m[31m[1m^[22m[39m[31
m[1m^[22m[39m[31m[1m^[22m[39m[31m[
1m^[22m[39m[31m[1m^[22m[39m[31m[1m^
[22m[39m[31m[1m^[22m[39m[31m[1m^[2
2m[39m[31m[1m^[22m[39m[31m[1m^[22m
[39m
 [90m 41 |[39m
 [90m 42 |[39m [90m// Import DnD for 
reordering[39m
 [90m 43 |[39m [36mimport[39m {[0m

The export Whatsapp was not found in 
module [project]/karsaaz-qr-frontend-nextjs
/node_modules/lucide-react/dist/esm/lucide-
react.js [app-client] (ecmascript).
Did you mean to import Wheat?
All exports of the module are statically 
known (It doesn't have dynamic exports). 
So it's known statically that the 
requested export doesn't exist.

Import traces:
  Client Component Browser:
    ./karsaaz-qr-frontend-nextjs/src/compon
ents/qr/biolinks/blocks/SocialLinksBlock.ts
x [Client Component Browser]
    ./karsaaz-qr-frontend-nextjs/src/compon
ents/qr/biolinks/block-registry.ts [Client 
Component Browser]
    ./karsaaz-qr-frontend-nextjs/src/compon
ents/qr/biolinks/BlockEditor.tsx [Client 
Component Browser]
    ./karsaaz-qr-frontend-nextjs/src/compon
ents/qr/biolinks/BiolinkDesigner.tsx 
[Client Component Browser]
    ./karsaaz-qr-frontend-nextjs/src/app/(d
ashboard)/dashboard/qrcodes/new/[type]/page
.tsx [Client Component Browser]
    ./karsaaz-qr-frontend-nextjs/src/app/(d
ashboard)/dashboard/qrcodes/new/[type]/page
.tsx [Server Component]

  Client Component SSR:
    ./karsaaz-qr-frontend-nextjs/src/compon
ents/qr/biolinks/blocks/SocialLinksBlock.ts
x [Client Component SSR]
    ./karsaaz-qr-frontend-nextjs/src/compon
ents/qr/biolinks/block-registry.ts [Client 
Component SSR]
    ./karsaaz-qr-frontend-nextjs/src/compon
ents/qr/biolinks/BlockEditor.tsx [Client 
Component SSR]
    ./karsaaz-qr-frontend-nextjs/src/compon
ents/qr/biolinks/BiolinkDesigner.tsx 
[Client Component SSR]
    ./karsaaz-qr-frontend-nextjs/src/app/(d
ashboard)/dashboard/qrcodes/new/[type]/page
.tsx [Client Component SSR]
    ./karsaaz-qr-frontend-nextjs/src/app/(d
ashboard)/dashboard/qrcodes/new/[type]/page
.tsx [Server Component]


./karsaaz-qr-frontend-nextjs/src/components
/qr/biolinks/blocks/SocialLinksBlock.tsx:22
:1
Export Whatsapp doesn't exist in target 
module
[0m [90m 20 |[39m   [33mMapPin[39m
 [90m 21 |[39m } [36mfrom[39m 
[32m'lucide-react'[39m[33m;[39m
[31m[1m>[22m[39m[90m 22 |[39m 
[36mimport[39m {
 [90m    |[39m [31m[1m^[22m[39m[31m
[1m^[22m[39m[31m[1m^[22m[39m[31m[1m
^[22m[39m[31m[1m^[22m[39m[31m[1m^[
22m[39m[31m[1m^[22m[39m[31m[1m^[22m
[39m
[31m[1m>[22m[39m[90m 23 |[39m   
[33mFacebook[39m[33m,[39m
 [90m    |[39m [31m[1m^[22m[39m[31m
[1m^[22m[39m[31m[1m^[22m[39m[31m[1m
^[22m[39m[31m[1m^[22m[39m[31m[1m^[
22m[39m[31m[1m^[22m[39m[31m[1m^[22m
[39m[31m[1m^[22m[39m[31m[1m^[22m[3
9m[31m[1m^[22m[39m
[31m[1m>[22m[39m[90m 24 |[39m   
[33mTwitter[39m[33m,[39m
 [90m    |[39m [31m[1m^[22m[39m[31m
[1m^[22m[39m[31m[1m^[22m[39m[31m[1m
^[22m[39m[31m[1m^[22m[39m[31m[1m^[
22m[39m[31m[1m^[22m[39m[31m[1m^[22m
[39m[31m[1m^[22m[39m[31m[1m^[22m[3
9m[31m[1m^[22m[39m
[31m[1m>[22m[39m[90m 25 |[39m   
[33mInstagram[39m[33m,[39m
 [90m    |[39m [31m[1m^[22m[39m[31m
[1m^[22m[39m[31m[1m^[22m[39m[31m[1m
^[22m[39m[31m[1m^[22m[39m[31m[1m^[
22m[39m[31m[1m^[22m[39m[31m[1m^[22m
[39m[31m[1m^[22m[39m[31m[1m^[22m[3
9m[31m[1m^[22m[39m
[31m[1m>[22m[39m[90m 26 |[39m   
[33mLinkedin[39m[33m,[39m
 [90m    |[39m [31m[1m^[22m[39m[31m
[1m^[22m[39m[31m[1m^[22m[39m[31m[1m
^[22m[39m[31m[1m^[22m[39m[31m[1m^[
22m[39m[31m[1m^[22m[39m[31m[1m^[22m
[39m[31m[1m^[22m[39m[31m[1m^[22m[3
9m[31m[1m^[22m[39m
[31m[1m>[22m[39m[90m 27 |[39m   
[33mYoutube[39m[33m,[39m
 [90m    |[39m [31m[1m^[22m[39m[31m
[1m^[22m[39m[31m[1m^[22m[39m[31m[1m
^[22m[39m[31m[1m^[22m[39m[31m[1m^[
22m[39m[31m[1m^[22m[39m[31m[1m^[22m
[39m[31m[1m^[22m[39m[31m[1m^[22m[3
9m[31m[1m^[22m[39m
[31m[1m>[22m[39m[90m 28 |[39m   
[33mTiktok[39m[33m,[39m
 [90m    |[39m [31m[1m^[22m[39m[31m
[1m^[22m[39m[31m[1m^[22m[39m[31m[1m
^[22m[39m[31m[1m^[22m[39m[31m[1m^[
22m[39m[31m[1m^[22m[39m[31m[1m^[22m
[39m[31m[1m^[22m[39m[31m[1m^[22m[3
9m[31m[1m^[22m[39m
[31m[1m>[22m[39m[90m 29 |[39m   
[33mGithub[39m[33m,[39m
 [90m    |[39m [31m[1m^[22m[39m[31m
[1m^[22m[39m[31m[1m^[22m[39m[31m[1m
^[22m[39m[31m[1m^[22m[39m[31m[1m^[
22m[39m[31m[1m^[22m[39m[31m[1m^[22m
[39m[31m[1m^[22m[39m[31m[1m^[22m[3
9m[31m[1m^[22m[39m
[31m[1m>[22m[39m[90m 30 |[39m   
[33mDribbble[39m[33m,[39m
 [90m    |[39m [31m[1m^[22m[39m[31m
[1m^[22m[39m[31m[1m^[22m[39m[31m[1m
^[22m[39m[31m[1m^[22m[39m[31m[1m^[
22m[39m[31m[1m^[22m[39m[31m[1m^[22m
[39m[31m[1m^[22m[39m[31m[1m^[22m[3
9m[31m[1m^[22m[39m
[31m[1m>[22m[39m[90m 31 |[39m   
[33mBehance[39m[33m,[39m
 [90m    |[39m [31m[1m^[22m[39m[31m
[1m^[22m[39m[31m[1m^[22m[39m[31m[1m
^[22m[39m[31m[1m^[22m[39m[31m[1m^[
22m[39m[31m[1m^[22m[39m[31m[1m^[22m
[39m[31m[1m^[22m[39m[31m[1m^[22m[3
9m[31m[1m^[22m[39m
[31m[1m>[22m[39m[90m 32 |[39m   
[33mPinterest[39m[33m,[39m
 [90m    |[39m [31m[1m^[22m[39m[31m
[1m^[22m[39m[31m[1m^[22m[39m[31m[1m
^[22m[39m[31m[1m^[22m[39m[31m[1m^[
22m[39m[31m[1m^[22m[39m[31m[1m^[22m
[39m[31m[1m^[22m[39m[31m[1m^[22m[3
9m[31m[1m^[22m[39m
[31m[1m>[22m[39m[90m 33 |[39m   
[33mSpotify[39m[33m,[39m
 [90m    |[39m [31m[1m^[22m[39m[31m
[1m^[22m[39m[31m[1m^[22m[39m[31m[1m
^[22m[39m[31m[1m^[22m[39m[31m[1m^[
22m[39m[31m[1m^[22m[39m[31m[1m^[22m
[39m[31m[1m^[22m[39m[31m[1m^[22m[3
9m[31m[1m^[22m[39m
[31m[1m>[22m[39m[90m 34 |[39m   
[33mApple[39m[33m,[39m
 [90m    |[39m [31m[1m^[22m[39m[31m
[1m^[22m[39m[31m[1m^[22m[39m[31m[1m
^[22m[39m[31m[1m^[22m[39m[31m[1m^[
22m[39m[31m[1m^[22m[39m[31m[1m^[22m
[39m[31m[1m^[22m[39m[31m[1m^[22m[3
9m[31m[1m^[22m[39m
[31m[1m>[22m[39m[90m 35 |[39m   
[33mDiscord[39m[33m,[39m
 [90m    |[39m [31m[1m^[22m[39m[31m
[1m^[22m[39m[31m[1m^[22m[39m[31m[1m
^[22m[39m[31m[1m^[22m[39m[31m[1m^[
22m[39m[31m[1m^[22m[39m[31m[1m^[22m
[39m[31m[1m^[22m[39m[31m[1m^[22m[3
9m[31m[1m^[22m[39m
[31m[1m>[22m[39m[90m 36 |[39m   
[33mTwitch[39m[33m,[39m
 [90m    |[39m [31m[1m^[22m[39m[31m
[1m^[22m[39m[31m[1m^[22m[39m[31m[1m
^[22m[39m[31m[1m^[22m[39m[31m[1m^[
22m[39m[31m[1m^[22m[39m[31m[1m^[22m
[39m[31m[1m^[22m[39m[31m[1m^[22m[3
9m[31m[1m^[22m[39m
[31m[1m>[22m[39m[90m 37 |[39m   
[33mSnapchat[39m[33m,[39m
 [90m    |[39m [31m[1m^[22m[39m[31m
[1m^[22m[39m[31m[1m^[22m[39m[31m[1m
^[22m[39m[31m[1m^[22m[39m[31m[1m^[
22m[39m[31m[1m^[22m[39m[31m[1m^[22m
[39m[31m[1m^[22m[39m[31m[1m^[22m[3
9m[31m[1m^[22m[39m
[31m[1m>[22m[39m[90m 38 |[39m   
[33mWhatsapp[39m[33m,[39m
 [90m    |[39m [31m[1m^[22m[39m[31m
[1m^[22m[39m[31m[1m^[22m[39m[31m[1m
^[22m[39m[31m[1m^[22m[39m[31m[1m^[
22m[39m[31m[1m^[22m[39m[31m[1m^[22m
[39m[31m[1m^[22m[39m[31m[1m^[22m[3
9m[31m[1m^[22m[39m
[31m[1m>[22m[39m[90m 39 |[39m   
[33mTelegram[39m
 [90m    |[39m [31m[1m^[22m[39m[31m
[1m^[22m[39m[31m[1m^[22m[39m[31m[1m
^[22m[39m[31m[1m^[22m[39m[31m[1m^[
22m[39m[31m[1m^[22m[39m[31m[1m^[22m
[39m[31m[1m^[22m[39m[31m[1m^[22m[3
9m[31m[1m^[22m[39m
[31m[1m>[22m[39m[90m 40 |[39m } 
[36mfrom[39m 
[32m'lucide-react'[39m[33m;[39m
 [90m    |[39m [31m[1m^[22m[39m[31m
[1m^[22m[39m[31m[1m^[22m[39m[31m[1m
^[22m[39m[31m[1m^[22m[39m[31m[1m^[
22m[39m[31m[1m^[22m[39m[31m[1m^[22m
[39m[31m[1m^[22m[39m[31m[1m^[22m[3
9m[31m[1m^[22m[39m[31m[1m^[22m[39m
[31m[1m^[22m[39m[31m[1m^[22m[39m[31
m[1m^[22m[39m[31m[1m^[22m[39m[31m[
1m^[22m[39m[31m[1m^[22m[39m[31m[1m^
[22m[39m[31m[1m^[22m[39m[31m[1m^[2
2m[39m[31m[1m^[22m[39m[31m[1m^[22m
[39m
 [90m 41 |[39m
 [90m 42 |[39m [90m// Import DnD for 
reordering[39m
 [90m 43 |[39m [36mimport[39m {[0m

The export Whatsapp was not found in 
module [project]/karsaaz-qr-frontend-nextjs
/node_modules/lucide-react/dist/esm/lucide-
react.js [app-ssr] (ecmascript).
Did you mean to import Wheat?
All exports of the module are statically 
known (It doesn't have dynamic exports). 
So it's known statically that the 
requested export doesn't exist.

Import traces:
  Client Component Browser:
    ./karsaaz-qr-frontend-nextjs/src/compon
ents/qr/biolinks/blocks/SocialLinksBlock.ts
x [Client Component Browser]
    ./karsaaz-qr-frontend-nextjs/src/compon
ents/qr/biolinks/block-registry.ts [Client 
Component Browser]
    ./karsaaz-qr-frontend-nextjs/src/compon
ents/qr/biolinks/BlockEditor.tsx [Client 
Component Browser]
    ./karsaaz-qr-frontend-nextjs/src/compon
ents/qr/biolinks/BiolinkDesigner.tsx 
[Client Component Browser]
    ./karsaaz-qr-frontend-nextjs/src/app/(d
ashboard)/dashboard/qrcodes/new/[type]/page
.tsx [Client Component Browser]
    ./karsaaz-qr-frontend-nextjs/src/app/(d
ashboard)/dashboard/qrcodes/new/[type]/page
.tsx [Server Component]

  Client Component SSR:
    ./karsaaz-qr-frontend-nextjs/src/compon
ents/qr/biolinks/blocks/SocialLinksBlock.ts
x [Client Component SSR]
    ./karsaaz-qr-frontend-nextjs/src/compon
ents/qr/biolinks/block-registry.ts [Client 
Component SSR]
    ./karsaaz-qr-frontend-nextjs/src/compon
ents/qr/biolinks/BlockEditor.tsx [Client 
Component SSR]
    ./karsaaz-qr-frontend-nextjs/src/compon
ents/qr/biolinks/BiolinkDesigner.tsx 
[Client Component SSR]
    ./karsaaz-qr-frontend-nextjs/src/app/(d
ashboard)/dashboard/qrcodes/new/[type]/page
.tsx [Client Component SSR]
    ./karsaaz-qr-frontend-nextjs/src/app/(d
ashboard)/dashboard/qrcodes/new/[type]/page
.tsx [Server Component]


./karsaaz-qr-frontend-nextjs/src/components
/qr/biolinks/BiolinkDesigner.tsx:14:1
Export biolinkBlockDefinitions doesn't 
exist in target module
[0m [90m 12 |[39m [36mimport[39m { 
useFieldArray[33m,[39m useFormContext } 
[36mfrom[39m 
[32m"react-hook-form"[39m[33m;[39m
 [90m 13 |[39m [36mimport[39m { 
[33mBlockEditor[39m } [36mfrom[39m 
[32m"./BlockEditor"[39m[33m;[39m
[31m[1m>[22m[39m[90m 14 |[39m 
[36mimport[39m { 
[33mBiolinkBlock[39m[33m,[39m 
[33mBiolinkBlockType[39m[33m,[39m 
biolinkBlockDefinitions } [36mfrom[39m 
[32m"./types"[39m[33m;[39m
 [90m    |[39m [31m[1m^[22m[39m[31m
[1m^[22m[39m[31m[1m^[22m[39m[31m[1m
^[22m[39m[31m[1m^[22m[39m[31m[1m^[
22m[39m[31m[1m^[22m[39m[31m[1m^[22m
[39m[31m[1m^[22m[39m[31m[1m^[22m[3
9m[31m[1m^[22m[39m[31m[1m^[22m[39m
[31m[1m^[22m[39m[31m[1m^[22m[39m[31
m[1m^[22m[39m[31m[1m^[22m[39m[31m[
1m^[22m[39m[31m[1m^[22m[39m[31m[1m^
[22m[39m[31m[1m^[22m[39m[31m[1m^[2
2m[39m[31m[1m^[22m[39m[31m[1m^[22m
[39m[31m[1m^[22m[39m[31m[1m^[22m[39
m[31m[1m^[22m[39m[31m[1m^[22m[39m[
31m[1m^[22m[39m[31m[1m^[22m[39m[31m
[1m^[22m[39m[31m[1m^[22m[39m[31m[1
m^[22m[39m[31m[1m^[22m[39m[31m[1m^
[22m[39m[31m[1m^[22m[39m[31m[1m^[22
m[39m[31m[1m^[22m[39m[31m[1m^[22m[
39m[31m[1m^[22m[39m[31m[1m^[22m[39m
[31m[1m^[22m[39m[31m[1m^[22m[39m[3
1m[1m^[22m[39m[31m[1m^[22m[39m[31m
[1m^[22m[39m[31m[1m^[22m[39m[31m[1m
^[22m[39m[31m[1m^[22m[39m[31m[1m^[
22m[39m[31m[1m^[22m[39m[31m[1m^[22m
[39m[31m[1m^[22m[39m[31m[1m^[22m[3
9m[31m[1m^[22m[39m[31m[1m^[22m[39m
[31m[1m^[22m[39m[31m[1m^[22m[39m[31
m[1m^[22m[39m[31m[1m^[22m[39m[31m[
1m^[22m[39m[31m[1m^[22m[39m[31m[1m^
[22m[39m[31m[1m^[22m[39m[31m[1m^[2
2m[39m[31m[1m^[22m[39m[31m[1m^[22m
[39m[31m[1m^[22m[39m[31m[1m^[22m[39
m[31m[1m^[22m[39m[31m[1m^[22m[39m[
31m[1m^[22m[39m[31m[1m^[22m[39m[31m
[1m^[22m[39m[31m[1m^[22m[39m[31m[1
m^[22m[39m[31m[1m^[22m[39m[31m[1m^
[22m[39m[31m[1m^[22m[39m[31m[1m^[22
m[39m[31m[1m^[22m[39m[31m[1m^[22m[
39m[31m[1m^[22m[39m
 [90m 15 |[39m
 [90m 16 |[39m [36mexport[39m 
[36mfunction[39m 
[33mBiolinkDesigner[39m() {
 [90m 17 |[39m     [36mconst[39m { 
control } [33m=[39m 
useFormContext[33m<[39m{ data[33m:[39m 
{ blocks[33m:[39m 
[33mBiolinkBlock[39m[] } 
}[33m>[39m()[33m;[39m[0m

The export biolinkBlockDefinitions was not 
found in module [project]/karsaaz-qr-fronte
nd-nextjs/src/components/qr/biolinks/types.
ts [app-client] (ecmascript).
The module has no exports at all.
All exports of the module are statically 
known (It doesn't have dynamic exports). 
So it's known statically that the 
requested export doesn't exist.

Import traces:
  Client Component Browser:
    ./karsaaz-qr-frontend-nextjs/src/compon
ents/qr/biolinks/BiolinkDesigner.tsx 
[Client Component Browser]
    ./karsaaz-qr-frontend-nextjs/src/app/(d
ashboard)/dashboard/qrcodes/new/[type]/page
.tsx [Client Component Browser]
    ./karsaaz-qr-frontend-nextjs/src/app/(d
ashboard)/dashboard/qrcodes/new/[type]/page
.tsx [Server Component]

  Client Component SSR:
    ./karsaaz-qr-frontend-nextjs/src/compon
ents/qr/biolinks/BiolinkDesigner.tsx 
[Client Component SSR]
    ./karsaaz-qr-frontend-nextjs/src/app/(d
ashboard)/dashboard/qrcodes/new/[type]/page
.tsx [Client Component SSR]
    ./karsaaz-qr-frontend-nextjs/src/app/(d
ashboard)/dashboard/qrcodes/new/[type]/page
.tsx [Server Component]


./karsaaz-qr-frontend-nextjs/src/components
/qr/biolinks/BiolinkDesigner.tsx:14:1
Export biolinkBlockDefinitions doesn't 
exist in target module
[0m [90m 12 |[39m [36mimport[39m { 
useFieldArray[33m,[39m useFormContext } 
[36mfrom[39m 
[32m"react-hook-form"[39m[33m;[39m
 [90m 13 |[39m [36mimport[39m { 
[33mBlockEditor[39m } [36mfrom[39m 
[32m"./BlockEditor"[39m[33m;[39m
[31m[1m>[22m[39m[90m 14 |[39m 
[36mimport[39m { 
[33mBiolinkBlock[39m[33m,[39m 
[33mBiolinkBlockType[39m[33m,[39m 
biolinkBlockDefinitions } [36mfrom[39m 
[32m"./types"[39m[33m;[39m
 [90m    |[39m [31m[1m^[22m[39m[31m
[1m^[22m[39m[31m[1m^[22m[39m[31m[1m
^[22m[39m[31m[1m^[22m[39m[31m[1m^[
22m[39m[31m[1m^[22m[39m[31m[1m^[22m
[39m[31m[1m^[22m[39m[31m[1m^[22m[3
9m[31m[1m^[22m[39m[31m[1m^[22m[39m
[31m[1m^[22m[39m[31m[1m^[22m[39m[31
m[1m^[22m[39m[31m[1m^[22m[39m[31m[
1m^[22m[39m[31m[1m^[22m[39m[31m[1m^
[22m[39m[31m[1m^[22m[39m[31m[1m^[2
2m[39m[31m[1m^[22m[39m[31m[1m^[22m
[39m[31m[1m^[22m[39m[31m[1m^[22m[39
m[31m[1m^[22m[39m[31m[1m^[22m[39m[
31m[1m^[22m[39m[31m[1m^[22m[39m[31m
[1m^[22m[39m[31m[1m^[22m[39m[31m[1
m^[22m[39m[31m[1m^[22m[39m[31m[1m^
[22m[39m[31m[1m^[22m[39m[31m[1m^[22
m[39m[31m[1m^[22m[39m[31m[1m^[22m[
39m[31m[1m^[22m[39m[31m[1m^[22m[39m
[31m[1m^[22m[39m[31m[1m^[22m[39m[3
1m[1m^[22m[39m[31m[1m^[22m[39m[31m
[1m^[22m[39m[31m[1m^[22m[39m[31m[1m
^[22m[39m[31m[1m^[22m[39m[31m[1m^[
22m[39m[31m[1m^[22m[39m[31m[1m^[22m
[39m[31m[1m^[22m[39m[31m[1m^[22m[3
9m[31m[1m^[22m[39m[31m[1m^[22m[39m
[31m[1m^[22m[39m[31m[1m^[22m[39m[31
m[1m^[22m[39m[31m[1m^[22m[39m[31m[
1m^[22m[39m[31m[1m^[22m[39m[31m[1m^
[22m[39m[31m[1m^[22m[39m[31m[1m^[2
2m[39m[31m[1m^[22m[39m[31m[1m^[22m
[39m[31m[1m^[22m[39m[31m[1m^[22m[39
m[31m[1m^[22m[39m[31m[1m^[22m[39m[
31m[1m^[22m[39m[31m[1m^[22m[39m[31m
[1m^[22m[39m[31m[1m^[22m[39m[31m[1
m^[22m[39m[31m[1m^[22m[39m[31m[1m^
[22m[39m[31m[1m^[22m[39m[31m[1m^[22
m[39m[31m[1m^[22m[39m[31m[1m^[22m[
39m[31m[1m^[22m[39m
 [90m 15 |[39m
 [90m 16 |[39m [36mexport[39m 
[36mfunction[39m 
[33mBiolinkDesigner[39m() {
 [90m 17 |[39m     [36mconst[39m { 
control } [33m=[39m 
useFormContext[33m<[39m{ data[33m:[39m 
{ blocks[33m:[39m 
[33mBiolinkBlock[39m[] } 
}[33m>[39m()[33m;[39m[0m

The export biolinkBlockDefinitions was not 
found in module [project]/karsaaz-qr-fronte
nd-nextjs/src/components/qr/biolinks/types.
ts [app-ssr] (ecmascript).
The module has no exports at all.
All exports of the module are statically 
known (It doesn't have dynamic exports). 
So it's known statically that the 
requested export doesn't exist.

Import traces:
  Client Component Browser:
    ./karsaaz-qr-frontend-nextjs/src/compon
ents/qr/biolinks/BiolinkDesigner.tsx 
[Client Component Browser]
    ./karsaaz-qr-frontend-nextjs/src/app/(d
ashboard)/dashboard/qrcodes/new/[type]/page
.tsx [Client Component Browser]
    ./karsaaz-qr-frontend-nextjs/src/app/(d
ashboard)/dashboard/qrcodes/new/[type]/page
.tsx [Server Component]

  Client Component SSR:
    ./karsaaz-qr-frontend-nextjs/src/compon
ents/qr/biolinks/BiolinkDesigner.tsx 
[Client Component SSR]
    ./karsaaz-qr-frontend-nextjs/src/app/(d
ashboard)/dashboard/qrcodes/new/[type]/page
.tsx [Client Component SSR]
    ./karsaaz-qr-frontend-nextjs/src/app/(d
ashboard)/dashboard/qrcodes/new/[type]/page
.tsx [Server Component]


./karsaaz-qr-frontend-nextjs/src/components
/qr/biolinks/block-registry.ts:12:1
Export default doesn't exist in target 
module
[0m [90m 10 |[39m [36mimport[39m 
[33mLinkBlock[39m [36mfrom[39m 
[32m'./blocks/LinkBlock'[39m[33m;[39m
 [90m 11 |[39m [36mimport[39m 
[33mTextBlock[39m [36mfrom[39m 
[32m'./blocks/TextBlock'[39m[33m;[39m
[31m[1m>[22m[39m[90m 12 |[39m 
[36mimport[39m [33mImageBlock[39m 
[36mfrom[39m 
[32m'./blocks/ImageBlock'[39m[33m;[39m
 [90m    |[39m [31m[1m^[22m[39m[31m
[1m^[22m[39m[31m[1m^[22m[39m[31m[1m
^[22m[39m[31m[1m^[22m[39m[31m[1m^[
22m[39m[31m[1m^[22m[39m[31m[1m^[22m
[39m[31m[1m^[22m[39m[31m[1m^[22m[3
9m[31m[1m^[22m[39m[31m[1m^[22m[39m
[31m[1m^[22m[39m[31m[1m^[22m[39m[31
m[1m^[22m[39m[31m[1m^[22m[39m[31m[
1m^[22m[39m[31m[1m^[22m[39m[31m[1m^
[22m[39m[31m[1m^[22m[39m[31m[1m^[2
2m[39m[31m[1m^[22m[39m[31m[1m^[22m
[39m[31m[1m^[22m[39m[31m[1m^[22m[39
m[31m[1m^[22m[39m[31m[1m^[22m[39m[
31m[1m^[22m[39m[31m[1m^[22m[39m[31m
[1m^[22m[39m[31m[1m^[22m[39m[31m[1
m^[22m[39m[31m[1m^[22m[39m[31m[1m^
[22m[39m[31m[1m^[22m[39m[31m[1m^[22
m[39m[31m[1m^[22m[39m[31m[1m^[22m[
39m[31m[1m^[22m[39m[31m[1m^[22m[39m
[31m[1m^[22m[39m[31m[1m^[22m[39m[3
1m[1m^[22m[39m[31m[1m^[22m[39m[31m
[1m^[22m[39m
 [90m 13 |[39m [36mimport[39m 
[33mTitleBlock[39m [36mfrom[39m 
[32m'./blocks/TitleBlock'[39m[33m;[39m
 [90m 14 |[39m [36mimport[39m 
[33mParagraphBlock[39m [36mfrom[39m [3
2m'./blocks/ParagraphBlock'[39m[33m;[39m
 [90m 15 |[39m [36mimport[39m 
[33mVideoBlock[39m [36mfrom[39m [32m'.
/blocks/VideoBlock'[39m[33m;[39m[0m

The export default was not found in module 
[project]/karsaaz-qr-frontend-nextjs/src/co
mponents/qr/biolinks/blocks/ImageBlock.tsx 
[app-client] (ecmascript).
Did you mean to import ImageBlock?
All exports of the module are statically 
known (It doesn't have dynamic exports). 
So it's known statically that the 
requested export doesn't exist.

Import traces:
  Client Component Browser:
    ./karsaaz-qr-frontend-nextjs/src/compon
ents/qr/biolinks/block-registry.ts [Client 
Component Browser]
    ./karsaaz-qr-frontend-nextjs/src/compon
ents/qr/biolinks/BlockEditor.tsx [Client 
Component Browser]
    ./karsaaz-qr-frontend-nextjs/src/compon
ents/qr/biolinks/BiolinkDesigner.tsx 
[Client Component Browser]
    ./karsaaz-qr-frontend-nextjs/src/app/(d
ashboard)/dashboard/qrcodes/new/[type]/page
.tsx [Client Component Browser]
    ./karsaaz-qr-frontend-nextjs/src/app/(d
ashboard)/dashboard/qrcodes/new/[type]/page
.tsx [Server Component]

  Client Component SSR:
    ./karsaaz-qr-frontend-nextjs/src/compon
ents/qr/biolinks/block-registry.ts [Client 
Component SSR]
    ./karsaaz-qr-frontend-nextjs/src/compon
ents/qr/biolinks/BlockEditor.tsx [Client 
Component SSR]
    ./karsaaz-qr-frontend-nextjs/src/compon
ents/qr/biolinks/BiolinkDesigner.tsx 
[Client Component SSR]
    ./karsaaz-qr-frontend-nextjs/src/app/(d
ashboard)/dashboard/qrcodes/new/[type]/page
.tsx [Client Component SSR]
    ./karsaaz-qr-frontend-nextjs/src/app/(d
ashboard)/dashboard/qrcodes/new/[type]/page
.tsx [Server Component]


./karsaaz-qr-frontend-nextjs/src/components
/qr/biolinks/block-registry.ts:12:1
Export default doesn't exist in target 
module
[0m [90m 10 |[39m [36mimport[39m 
[33mLinkBlock[39m [36mfrom[39m 
[32m'./blocks/LinkBlock'[39m[33m;[39m
 [90m 11 |[39m [36mimport[39m 
[33mTextBlock[39m [36mfrom[39m 
[32m'./blocks/TextBlock'[39m[33m;[39m
[31m[1m>[22m[39m[90m 12 |[39m 
[36mimport[39m [33mImageBlock[39m 
[36mfrom[39m 
[32m'./blocks/ImageBlock'[39m[33m;[39m
 [90m    |[39m [31m[1m^[22m[39m[31m
[1m^[22m[39m[31m[1m^[22m[39m[31m[1m
^[22m[39m[31m[1m^[22m[39m[31m[1m^[
22m[39m[31m[1m^[22m[39m[31m[1m^[22m
[39m[31m[1m^[22m[39m[31m[1m^[22m[3
9m[31m[1m^[22m[39m[31m[1m^[22m[39m
[31m[1m^[22m[39m[31m[1m^[22m[39m[31
m[1m^[22m[39m[31m[1m^[22m[39m[31m[
1m^[22m[39m[31m[1m^[22m[39m[31m[1m^
[22m[39m[31m[1m^[22m[39m[31m[1m^[2
2m[39m[31m[1m^[22m[39m[31m[1m^[22m
[39m[31m[1m^[22m[39m[31m[1m^[22m[39
m[31m[1m^[22m[39m[31m[1m^[22m[39m[
31m[1m^[22m[39m[31m[1m^[22m[39m[31m
[1m^[22m[39m[31m[1m^[22m[39m[31m[1
m^[22m[39m[31m[1m^[22m[39m[31m[1m^
[22m[39m[31m[1m^[22m[39m[31m[1m^[22
m[39m[31m[1m^[22m[39m[31m[1m^[22m[
39m[31m[1m^[22m[39m[31m[1m^[22m[39m
[31m[1m^[22m[39m[31m[1m^[22m[39m[3
1m[1m^[22m[39m[31m[1m^[22m[39m[31m
[1m^[22m[39m
 [90m 13 |[39m [36mimport[39m 
[33mTitleBlock[39m [36mfrom[39m 
[32m'./blocks/TitleBlock'[39m[33m;[39m
 [90m 14 |[39m [36mimport[39m 
[33mParagraphBlock[39m [36mfrom[39m [3
2m'./blocks/ParagraphBlock'[39m[33m;[39m
 [90m 15 |[39m [36mimport[39m 
[33mVideoBlock[39m [36mfrom[39m [32m'.
/blocks/VideoBlock'[39m[33m;[39m[0m

The export default was not found in module 
[project]/karsaaz-qr-frontend-nextjs/src/co
mponents/qr/biolinks/blocks/ImageBlock.tsx 
[app-ssr] (ecmascript).
Did you mean to import ImageBlock?
All exports of the module are statically 
known (It doesn't have dynamic exports). 
So it's known statically that the 
requested export doesn't exist.

Import traces:
  Client Component Browser:
    ./karsaaz-qr-frontend-nextjs/src/compon
ents/qr/biolinks/block-registry.ts [Client 
Component Browser]
    ./karsaaz-qr-frontend-nextjs/src/compon
ents/qr/biolinks/BlockEditor.tsx [Client 
Component Browser]
    ./karsaaz-qr-frontend-nextjs/src/compon
ents/qr/biolinks/BiolinkDesigner.tsx 
[Client Component Browser]
    ./karsaaz-qr-frontend-nextjs/src/app/(d
ashboard)/dashboard/qrcodes/new/[type]/page
.tsx [Client Component Browser]
    ./karsaaz-qr-frontend-nextjs/src/app/(d
ashboard)/dashboard/qrcodes/new/[type]/page
.tsx [Server Component]

  Client Component SSR:
    ./karsaaz-qr-frontend-nextjs/src/compon
ents/qr/biolinks/block-registry.ts [Client 
Component SSR]
    ./karsaaz-qr-frontend-nextjs/src/compon
ents/qr/biolinks/BlockEditor.tsx [Client 
Component SSR]
    ./karsaaz-qr-frontend-nextjs/src/compon
ents/qr/biolinks/BiolinkDesigner.tsx 
[Client Component SSR]
    ./karsaaz-qr-frontend-nextjs/src/app/(d
ashboard)/dashboard/qrcodes/new/[type]/page
.tsx [Client Component SSR]
    ./karsaaz-qr-frontend-nextjs/src/app/(d
ashboard)/dashboard/qrcodes/new/[type]/page
.tsx [Server Component]


./karsaaz-qr-frontend-nextjs/src/components
/qr/biolinks/block-registry.ts:14:1
Export default doesn't exist in target 
module
[0m [90m 12 |[39m [36mimport[39m 
[33mImageBlock[39m [36mfrom[39m 
[32m'./blocks/ImageBlock'[39m[33m;[39m
 [90m 13 |[39m [36mimport[39m 
[33mTitleBlock[39m [36mfrom[39m 
[32m'./blocks/TitleBlock'[39m[33m;[39m
[31m[1m>[22m[39m[90m 14 |[39m 
[36mimport[39m [33mParagraphBlock[39m 
[36mfrom[39m [32m'./blocks/ParagraphBloc
k'[39m[33m;[39m
 [90m    |[39m [31m[1m^[22m[39m[31m
[1m^[22m[39m[31m[1m^[22m[39m[31m[1m
^[22m[39m[31m[1m^[22m[39m[31m[1m^[
22m[39m[31m[1m^[22m[39m[31m[1m^[22m
[39m[31m[1m^[22m[39m[31m[1m^[22m[3
9m[31m[1m^[22m[39m[31m[1m^[22m[39m
[31m[1m^[22m[39m[31m[1m^[22m[39m[31
m[1m^[22m[39m[31m[1m^[22m[39m[31m[
1m^[22m[39m[31m[1m^[22m[39m[31m[1m^
[22m[39m[31m[1m^[22m[39m[31m[1m^[2
2m[39m[31m[1m^[22m[39m[31m[1m^[22m
[39m[31m[1m^[22m[39m[31m[1m^[22m[39
m[31m[1m^[22m[39m[31m[1m^[22m[39m[
31m[1m^[22m[39m[31m[1m^[22m[39m[31m
[1m^[22m[39m[31m[1m^[22m[39m[31m[1
m^[22m[39m[31m[1m^[22m[39m[31m[1m^
[22m[39m[31m[1m^[22m[39m[31m[1m^[22
m[39m[31m[1m^[22m[39m[31m[1m^[22m[
39m[31m[1m^[22m[39m[31m[1m^[22m[39m
[31m[1m^[22m[39m[31m[1m^[22m[39m[3
1m[1m^[22m[39m[31m[1m^[22m[39m[31m
[1m^[22m[39m[31m[1m^[22m[39m[31m[1m
^[22m[39m[31m[1m^[22m[39m[31m[1m^[
22m[39m[31m[1m^[22m[39m[31m[1m^[22m
[39m[31m[1m^[22m[39m[31m[1m^[22m[3
9m
 [90m 15 |[39m [36mimport[39m 
[33mVideoBlock[39m [36mfrom[39m 
[32m'./blocks/VideoBlock'[39m[33m;[39m
 [90m 16 |[39m [36mimport[39m 
[33mDividerBlock[39m [36mfrom[39m [32m
'./blocks/DividerBlock'[39m[33m;[39m
 [90m 17 |[39m [36mimport[39m 
[33mFAQBlock[39m [36mfrom[39m [32m'./b
locks/FAQBlock'[39m[33m;[39m[0m

The export default was not found in module 
[project]/karsaaz-qr-frontend-nextjs/src/co
mponents/qr/biolinks/blocks/ParagraphBlock.
tsx [app-client] (ecmascript).
Did you mean to import ParagraphBlock?
All exports of the module are statically 
known (It doesn't have dynamic exports). 
So it's known statically that the 
requested export doesn't exist.

Import traces:
  Client Component Browser:
    ./karsaaz-qr-frontend-nextjs/src/compon
ents/qr/biolinks/block-registry.ts [Client 
Component Browser]
    ./karsaaz-qr-frontend-nextjs/src/compon
ents/qr/biolinks/BlockEditor.tsx [Client 
Component Browser]
    ./karsaaz-qr-frontend-nextjs/src/compon
ents/qr/biolinks/BiolinkDesigner.tsx 
[Client Component Browser]
    ./karsaaz-qr-frontend-nextjs/src/app/(d
ashboard)/dashboard/qrcodes/new/[type]/page
.tsx [Client Component Browser]
    ./karsaaz-qr-frontend-nextjs/src/app/(d
ashboard)/dashboard/qrcodes/new/[type]/page
.tsx [Server Component]

  Client Component SSR:
    ./karsaaz-qr-frontend-nextjs/src/compon
ents/qr/biolinks/block-registry.ts [Client 
Component SSR]
    ./karsaaz-qr-frontend-nextjs/src/compon
ents/qr/biolinks/BlockEditor.tsx [Client 
Component SSR]
    ./karsaaz-qr-frontend-nextjs/src/compon
ents/qr/biolinks/BiolinkDesigner.tsx 
[Client Component SSR]
    ./karsaaz-qr-frontend-nextjs/src/app/(d
ashboard)/dashboard/qrcodes/new/[type]/page
.tsx [Client Component SSR]
    ./karsaaz-qr-frontend-nextjs/src/app/(d
ashboard)/dashboard/qrcodes/new/[type]/page
.tsx [Server Component]


./karsaaz-qr-frontend-nextjs/src/components
/qr/biolinks/block-registry.ts:14:1
Export default doesn't exist in target 
module
[0m [90m 12 |[39m [36mimport[39m 
[33mImageBlock[39m [36mfrom[39m 
[32m'./blocks/ImageBlock'[39m[33m;[39m
 [90m 13 |[39m [36mimport[39m 
[33mTitleBlock[39m [36mfrom[39m 
[32m'./blocks/TitleBlock'[39m[33m;[39m
[31m[1m>[22m[39m[90m 14 |[39m 
[36mimport[39m [33mParagraphBlock[39m 
[36mfrom[39m [32m'./blocks/ParagraphBloc
k'[39m[33m;[39m
 [90m    |[39m [31m[1m^[22m[39m[31m
[1m^[22m[39m[31m[1m^[22m[39m[31m[1m
^[22m[39m[31m[1m^[22m[39m[31m[1m^[
22m[39m[31m[1m^[22m[39m[31m[1m^[22m
[39m[31m[1m^[22m[39m[31m[1m^[22m[3
9m[31m[1m^[22m[39m[31m[1m^[22m[39m
[31m[1m^[22m[39m[31m[1m^[22m[39m[31
m[1m^[22m[39m[31m[1m^[22m[39m[31m[
1m^[22m[39m[31m[1m^[22m[39m[31m[1m^
[22m[39m[31m[1m^[22m[39m[31m[1m^[2
2m[39m[31m[1m^[22m[39m[31m[1m^[22m
[39m[31m[1m^[22m[39m[31m[1m^[22m[39
m[31m[1m^[22m[39m[31m[1m^[22m[39m[
31m[1m^[22m[39m[31m[1m^[22m[39m[31m
[1m^[22m[39m[31m[1m^[22m[39m[31m[1
m^[22m[39m[31m[1m^[22m[39m[31m[1m^
[22m[39m[31m[1m^[22m[39m[31m[1m^[22
m[39m[31m[1m^[22m[39m[31m[1m^[22m[
39m[31m[1m^[22m[39m[31m[1m^[22m[39m
[31m[1m^[22m[39m[31m[1m^[22m[39m[3
1m[1m^[22m[39m[31m[1m^[22m[39m[31m
[1m^[22m[39m[31m[1m^[22m[39m[31m[1m
^[22m[39m[31m[1m^[22m[39m[31m[1m^[
22m[39m[31m[1m^[22m[39m[31m[1m^[22m
[39m[31m[1m^[22m[39m[31m[1m^[22m[3
9m
 [90m 15 |[39m [36mimport[39m 
[33mVideoBlock[39m [36mfrom[39m 
[32m'./blocks/VideoBlock'[39m[33m;[39m
 [90m 16 |[39m [36mimport[39m 
[33mDividerBlock[39m [36mfrom[39m [32m
'./blocks/DividerBlock'[39m[33m;[39m
 [90m 17 |[39m [36mimport[39m 
[33mFAQBlock[39m [36mfrom[39m [32m'./b
locks/FAQBlock'[39m[33m;[39m[0m

The export default was not found in module 
[project]/karsaaz-qr-frontend-nextjs/src/co
mponents/qr/biolinks/blocks/ParagraphBlock.
tsx [app-ssr] (ecmascript).
Did you mean to import ParagraphBlock?
All exports of the module are statically 
known (It doesn't have dynamic exports). 
So it's known statically that the 
requested export doesn't exist.

Import traces:
  Client Component Browser:
    ./karsaaz-qr-frontend-nextjs/src/compon
ents/qr/biolinks/block-registry.ts [Client 
Component Browser]
    ./karsaaz-qr-frontend-nextjs/src/compon
ents/qr/biolinks/BlockEditor.tsx [Client 
Component Browser]
    ./karsaaz-qr-frontend-nextjs/src/compon
ents/qr/biolinks/BiolinkDesigner.tsx 
[Client Component Browser]
    ./karsaaz-qr-frontend-nextjs/src/app/(d
ashboard)/dashboard/qrcodes/new/[type]/page
.tsx [Client Component Browser]
    ./karsaaz-qr-frontend-nextjs/src/app/(d
ashboard)/dashboard/qrcodes/new/[type]/page
.tsx [Server Component]

  Client Component SSR:
    ./karsaaz-qr-frontend-nextjs/src/compon
ents/qr/biolinks/block-registry.ts [Client 
Component SSR]
    ./karsaaz-qr-frontend-nextjs/src/compon
ents/qr/biolinks/BlockEditor.tsx [Client 
Component SSR]
    ./karsaaz-qr-frontend-nextjs/src/compon
ents/qr/biolinks/BiolinkDesigner.tsx 
[Client Component SSR]
    ./karsaaz-qr-frontend-nextjs/src/app/(d
ashboard)/dashboard/qrcodes/new/[type]/page
.tsx [Client Component SSR]
    ./karsaaz-qr-frontend-nextjs/src/app/(d
ashboard)/dashboard/qrcodes/new/[type]/page
.tsx [Server Component]


./karsaaz-qr-frontend-nextjs/src/components
/qr/biolinks/block-registry.ts:13:1
Export default doesn't exist in target 
module
[0m [90m 11 |[39m [36mimport[39m 
[33mTextBlock[39m [36mfrom[39m 
[32m'./blocks/TextBlock'[39m[33m;[39m
 [90m 12 |[39m [36mimport[39m 
[33mImageBlock[39m [36mfrom[39m 
[32m'./blocks/ImageBlock'[39m[33m;[39m
[31m[1m>[22m[39m[90m 13 |[39m 
[36mimport[39m [33mTitleBlock[39m 
[36mfrom[39m 
[32m'./blocks/TitleBlock'[39m[33m;[39m
 [90m    |[39m [31m[1m^[22m[39m[31m
[1m^[22m[39m[31m[1m^[22m[39m[31m[1m
^[22m[39m[31m[1m^[22m[39m[31m[1m^[
22m[39m[31m[1m^[22m[39m[31m[1m^[22m
[39m[31m[1m^[22m[39m[31m[1m^[22m[3
9m[31m[1m^[22m[39m[31m[1m^[22m[39m
[31m[1m^[22m[39m[31m[1m^[22m[39m[31
m[1m^[22m[39m[31m[1m^[22m[39m[31m[
1m^[22m[39m[31m[1m^[22m[39m[31m[1m^
[22m[39m[31m[1m^[22m[39m[31m[1m^[2
2m[39m[31m[1m^[22m[39m[31m[1m^[22m
[39m[31m[1m^[22m[39m[31m[1m^[22m[39
m[31m[1m^[22m[39m[31m[1m^[22m[39m[
31m[1m^[22m[39m[31m[1m^[22m[39m[31m
[1m^[22m[39m[31m[1m^[22m[39m[31m[1
m^[22m[39m[31m[1m^[22m[39m[31m[1m^
[22m[39m[31m[1m^[22m[39m[31m[1m^[22
m[39m[31m[1m^[22m[39m[31m[1m^[22m[
39m[31m[1m^[22m[39m[31m[1m^[22m[39m
[31m[1m^[22m[39m[31m[1m^[22m[39m[3
1m[1m^[22m[39m[31m[1m^[22m[39m[31m
[1m^[22m[39m
 [90m 14 |[39m [36mimport[39m 
[33mParagraphBlock[39m [36mfrom[39m [3
2m'./blocks/ParagraphBlock'[39m[33m;[39m
 [90m 15 |[39m [36mimport[39m 
[33mVideoBlock[39m [36mfrom[39m 
[32m'./blocks/VideoBlock'[39m[33m;[39m
 [90m 16 |[39m [36mimport[39m 
[33mDividerBlock[39m [36mfrom[39m [32m
'./blocks/DividerBlock'[39m[33m;[39m[0m

The export default was not found in module 
[project]/karsaaz-qr-frontend-nextjs/src/co
mponents/qr/biolinks/blocks/TitleBlock.tsx 
[app-client] (ecmascript).
Did you mean to import TitleBlock?
All exports of the module are statically 
known (It doesn't have dynamic exports). 
So it's known statically that the 
requested export doesn't exist.

Import traces:
  Client Component Browser:
    ./karsaaz-qr-frontend-nextjs/src/compon
ents/qr/biolinks/block-registry.ts [Client 
Component Browser]
    ./karsaaz-qr-frontend-nextjs/src/compon
ents/qr/biolinks/BlockEditor.tsx [Client 
Component Browser]
    ./karsaaz-qr-frontend-nextjs/src/compon
ents/qr/biolinks/BiolinkDesigner.tsx 
[Client Component Browser]
    ./karsaaz-qr-frontend-nextjs/src/app/(d
ashboard)/dashboard/qrcodes/new/[type]/page
.tsx [Client Component Browser]
    ./karsaaz-qr-frontend-nextjs/src/app/(d
ashboard)/dashboard/qrcodes/new/[type]/page
.tsx [Server Component]

  Client Component SSR:
    ./karsaaz-qr-frontend-nextjs/src/compon
ents/qr/biolinks/block-registry.ts [Client 
Component SSR]
    ./karsaaz-qr-frontend-nextjs/src/compon
ents/qr/biolinks/BlockEditor.tsx [Client 
Component SSR]
    ./karsaaz-qr-frontend-nextjs/src/compon
ents/qr/biolinks/BiolinkDesigner.tsx 
[Client Component SSR]
    ./karsaaz-qr-frontend-nextjs/src/app/(d
ashboard)/dashboard/qrcodes/new/[type]/page
.tsx [Client Component SSR]
    ./karsaaz-qr-frontend-nextjs/src/app/(d
ashboard)/dashboard/qrcodes/new/[type]/page
.tsx [Server Component]


./karsaaz-qr-frontend-nextjs/src/components
/qr/biolinks/block-registry.ts:13:1
Export default doesn't exist in target 
module
[0m [90m 11 |[39m [36mimport[39m 
[33mTextBlock[39m [36mfrom[39m 
[32m'./blocks/TextBlock'[39m[33m;[39m
 [90m 12 |[39m [36mimport[39m 
[33mImageBlock[39m [36mfrom[39m 
[32m'./blocks/ImageBlock'[39m[33m;[39m
[31m[1m>[22m[39m[90m 13 |[39m 
[36mimport[39m [33mTitleBlock[39m 
[36mfrom[39m 
[32m'./blocks/TitleBlock'[39m[33m;[39m
 [90m    |[39m [31m[1m^[22m[39m[31m
[1m^[22m[39m[31m[1m^[22m[39m[31m[1m
^[22m[39m[31m[1m^[22m[39m[31m[1m^[
22m[39m[31m[1m^[22m[39m[31m[1m^[22m
[39m[31m[1m^[22m[39m[31m[1m^[22m[3
9m[31m[1m^[22m[39m[31m[1m^[22m[39m
[31m[1m^[22m[39m[31m[1m^[22m[39m[31
m[1m^[22m[39m[31m[1m^[22m[39m[31m[
1m^[22m[39m[31m[1m^[22m[39m[31m[1m^
[22m[39m[31m[1m^[22m[39m[31m[1m^[2
2m[39m[31m[1m^[22m[39m[31m[1m^[22m
[39m[31m[1m^[22m[39m[31m[1m^[22m[39
m[31m[1m^[22m[39m[31m[1m^[22m[39m[
31m[1m^[22m[39m[31m[1m^[22m[39m[31m
[1m^[22m[39m[31m[1m^[22m[39m[31m[1
m^[22m[39m[31m[1m^[22m[39m[31m[1m^
[22m[39m[31m[1m^[22m[39m[31m[1m^[22
m[39m[31m[1m^[22m[39m[31m[1m^[22m[
39m[31m[1m^[22m[39m[31m[1m^[22m[39m
[31m[1m^[22m[39m[31m[1m^[22m[39m[3
1m[1m^[22m[39m[31m[1m^[22m[39m[31m
[1m^[22m[39m
 [90m 14 |[39m [36mimport[39m 
[33mParagraphBlock[39m [36mfrom[39m [3
2m'./blocks/ParagraphBlock'[39m[33m;[39m
 [90m 15 |[39m [36mimport[39m 
[33mVideoBlock[39m [36mfrom[39m 
[32m'./blocks/VideoBlock'[39m[33m;[39m
 [90m 16 |[39m [36mimport[39m 
[33mDividerBlock[39m [36mfrom[39m [32m
'./blocks/DividerBlock'[39m[33m;[39m[0m

The export default was not found in module 
[project]/karsaaz-qr-frontend-nextjs/src/co
mponents/qr/biolinks/blocks/TitleBlock.tsx 
[app-ssr] (ecmascript).
Did you mean to import TitleBlock?
All exports of the module are statically 
known (It doesn't have dynamic exports). 
So it's known statically that the 
requested export doesn't exist.

Import traces:
  Client Component Browser:
    ./karsaaz-qr-frontend-nextjs/src/compon
ents/qr/biolinks/block-registry.ts [Client 
Component Browser]
    ./karsaaz-qr-frontend-nextjs/src/compon
ents/qr/biolinks/BlockEditor.tsx [Client 
Component Browser]
    ./karsaaz-qr-frontend-nextjs/src/compon
ents/qr/biolinks/BiolinkDesigner.tsx 
[Client Component Browser]
    ./karsaaz-qr-frontend-nextjs/src/app/(d
ashboard)/dashboard/qrcodes/new/[type]/page
.tsx [Client Component Browser]
    ./karsaaz-qr-frontend-nextjs/src/app/(d
ashboard)/dashboard/qrcodes/new/[type]/page
.tsx [Server Component]

  Client Component SSR:
    ./karsaaz-qr-frontend-nextjs/src/compon
ents/qr/biolinks/block-registry.ts [Client 
Component SSR]
    ./karsaaz-qr-frontend-nextjs/src/compon
ents/qr/biolinks/BlockEditor.tsx [Client 
Component SSR]
    ./karsaaz-qr-frontend-nextjs/src/compon
ents/qr/biolinks/BiolinkDesigner.tsx 
[Client Component SSR]
    ./karsaaz-qr-frontend-nextjs/src/app/(d
ashboard)/dashboard/qrcodes/new/[type]/page
.tsx [Client Component SSR]
    ./karsaaz-qr-frontend-nextjs/src/app/(d
ashboard)/dashboard/qrcodes/new/[type]/page
.tsx [Server Component]


./karsaaz-qr-frontend-nextjs/src/components
/qr/biolinks/block-registry.ts:15:1
Export default doesn't exist in target 
module
[0m [90m 13 |[39m [36mimport[39m 
[33mTitleBlock[39m [36mfrom[39m 
[32m'./blocks/TitleBlock'[39m[33m;[39m
 [90m 14 |[39m [36mimport[39m 
[33mParagraphBlock[39m [36mfrom[39m [3
2m'./blocks/ParagraphBlock'[39m[33m;[39m
[31m[1m>[22m[39m[90m 15 |[39m 
[36mimport[39m [33mVideoBlock[39m 
[36mfrom[39m 
[32m'./blocks/VideoBlock'[39m[33m;[39m
 [90m    |[39m [31m[1m^[22m[39m[31m
[1m^[22m[39m[31m[1m^[22m[39m[31m[1m
^[22m[39m[31m[1m^[22m[39m[31m[1m^[
22m[39m[31m[1m^[22m[39m[31m[1m^[22m
[39m[31m[1m^[22m[39m[31m[1m^[22m[3
9m[31m[1m^[22m[39m[31m[1m^[22m[39m
[31m[1m^[22m[39m[31m[1m^[22m[39m[31
m[1m^[22m[39m[31m[1m^[22m[39m[31m[
1m^[22m[39m[31m[1m^[22m[39m[31m[1m^
[22m[39m[31m[1m^[22m[39m[31m[1m^[2
2m[39m[31m[1m^[22m[39m[31m[1m^[22m
[39m[31m[1m^[22m[39m[31m[1m^[22m[39
m[31m[1m^[22m[39m[31m[1m^[22m[39m[
31m[1m^[22m[39m[31m[1m^[22m[39m[31m
[1m^[22m[39m[31m[1m^[22m[39m[31m[1
m^[22m[39m[31m[1m^[22m[39m[31m[1m^
[22m[39m[31m[1m^[22m[39m[31m[1m^[22
m[39m[31m[1m^[22m[39m[31m[1m^[22m[
39m[31m[1m^[22m[39m[31m[1m^[22m[39m
[31m[1m^[22m[39m[31m[1m^[22m[39m[3
1m[1m^[22m[39m[31m[1m^[22m[39m[31m
[1m^[22m[39m
 [90m 16 |[39m [36mimport[39m 
[33mDividerBlock[39m [36mfrom[39m [32m
'./blocks/DividerBlock'[39m[33m;[39m
 [90m 17 |[39m [36mimport[39m 
[33mFAQBlock[39m [36mfrom[39m 
[32m'./blocks/FAQBlock'[39m[33m;[39m
 [90m 18 |[39m [36mimport[39m 
[33mListBlock[39m [36mfrom[39m [32m'./
blocks/ListBlock'[39m[33m;[39m[0m

The export default was not found in module 
[project]/karsaaz-qr-frontend-nextjs/src/co
mponents/qr/biolinks/blocks/VideoBlock.tsx 
[app-client] (ecmascript).
Did you mean to import VideoBlock?
All exports of the module are statically 
known (It doesn't have dynamic exports). 
So it's known statically that the 
requested export doesn't exist.

Import traces:
  Client Component Browser:
    ./karsaaz-qr-frontend-nextjs/src/compon
ents/qr/biolinks/block-registry.ts [Client 
Component Browser]
    ./karsaaz-qr-frontend-nextjs/src/compon
ents/qr/biolinks/BlockEditor.tsx [Client 
Component Browser]
    ./karsaaz-qr-frontend-nextjs/src/compon
ents/qr/biolinks/BiolinkDesigner.tsx 
[Client Component Browser]
    ./karsaaz-qr-frontend-nextjs/src/app/(d
ashboard)/dashboard/qrcodes/new/[type]/page
.tsx [Client Component Browser]
    ./karsaaz-qr-frontend-nextjs/src/app/(d
ashboard)/dashboard/qrcodes/new/[type]/page
.tsx [Server Component]

  Client Component SSR:
    ./karsaaz-qr-frontend-nextjs/src/compon
ents/qr/biolinks/block-registry.ts [Client 
Component SSR]
    ./karsaaz-qr-frontend-nextjs/src/compon
ents/qr/biolinks/BlockEditor.tsx [Client 
Component SSR]
    ./karsaaz-qr-frontend-nextjs/src/compon
ents/qr/biolinks/BiolinkDesigner.tsx 
[Client Component SSR]
    ./karsaaz-qr-frontend-nextjs/src/app/(d
ashboard)/dashboard/qrcodes/new/[type]/page
.tsx [Client Component SSR]
    ./karsaaz-qr-frontend-nextjs/src/app/(d
ashboard)/dashboard/qrcodes/new/[type]/page
.tsx [Server Component]


./karsaaz-qr-frontend-nextjs/src/components
/qr/biolinks/block-registry.ts:15:1
Export default doesn't exist in target 
module
[0m [90m 13 |[39m [36mimport[39m 
[33mTitleBlock[39m [36mfrom[39m 
[32m'./blocks/TitleBlock'[39m[33m;[39m
 [90m 14 |[39m [36mimport[39m 
[33mParagraphBlock[39m [36mfrom[39m [3
2m'./blocks/ParagraphBlock'[39m[33m;[39m
[31m[1m>[22m[39m[90m 15 |[39m 
[36mimport[39m [33mVideoBlock[39m 
[36mfrom[39m 
[32m'./blocks/VideoBlock'[39m[33m;[39m
 [90m    |[39m [31m[1m^[22m[39m[31m
[1m^[22m[39m[31m[1m^[22m[39m[31m[1m
^[22m[39m[31m[1m^[22m[39m[31m[1m^[
22m[39m[31m[1m^[22m[39m[31m[1m^[22m
[39m[31m[1m^[22m[39m[31m[1m^[22m[3
9m[31m[1m^[22m[39m[31m[1m^[22m[39m
[31m[1m^[22m[39m[31m[1m^[22m[39m[31
m[1m^[22m[39m[31m[1m^[22m[39m[31m[
1m^[22m[39m[31m[1m^[22m[39m[31m[1m^
[22m[39m[31m[1m^[22m[39m[31m[1m^[2
2m[39m[31m[1m^[22m[39m[31m[1m^[22m
[39m[31m[1m^[22m[39m[31m[1m^[22m[39
m[31m[1m^[22m[39m[31m[1m^[22m[39m[
31m[1m^[22m[39m[31m[1m^[22m[39m[31m
[1m^[22m[39m[31m[1m^[22m[39m[31m[1
m^[22m[39m[31m[1m^[22m[39m[31m[1m^
[22m[39m[31m[1m^[22m[39m[31m[1m^[22
m[39m[31m[1m^[22m[39m[31m[1m^[22m[
39m[31m[1m^[22m[39m[31m[1m^[22m[39m
[31m[1m^[22m[39m[31m[1m^[22m[39m[3
1m[1m^[22m[39m[31m[1m^[22m[39m[31m
[1m^[22m[39m
 [90m 16 |[39m [36mimport[39m 
[33mDividerBlock[39m [36mfrom[39m [32m
'./blocks/DividerBlock'[39m[33m;[39m
 [90m 17 |[39m [36mimport[39m 
[33mFAQBlock[39m [36mfrom[39m 
[32m'./blocks/FAQBlock'[39m[33m;[39m
 [90m 18 |[39m [36mimport[39m 
[33mListBlock[39m [36mfrom[39m [32m'./
blocks/ListBlock'[39m[33m;[39m[0m

The export default was not found in module 
[project]/karsaaz-qr-frontend-nextjs/src/co
mponents/qr/biolinks/blocks/VideoBlock.tsx 
[app-ssr] (ecmascript).
Did you mean to import VideoBlock?
All exports of the module are statically 
known (It doesn't have dynamic exports). 
So it's known statically that the 
requested export doesn't exist.

Import traces:
  Client Component Browser:
    ./karsaaz-qr-frontend-nextjs/src/compon
ents/qr/biolinks/block-registry.ts [Client 
Component Browser]
    ./karsaaz-qr-frontend-nextjs/src/compon
ents/qr/biolinks/BlockEditor.tsx [Client 
Component Browser]
    ./karsaaz-qr-frontend-nextjs/src/compon
ents/qr/biolinks/BiolinkDesigner.tsx 
[Client Component Browser]
    ./karsaaz-qr-frontend-nextjs/src/app/(d
ashboard)/dashboard/qrcodes/new/[type]/page
.tsx [Client Component Browser]
    ./karsaaz-qr-frontend-nextjs/src/app/(d
ashboard)/dashboard/qrcodes/new/[type]/page
.tsx [Server Component]

  Client Component SSR:
    ./karsaaz-qr-frontend-nextjs/src/compon
ents/qr/biolinks/block-registry.ts [Client 
Component SSR]
    ./karsaaz-qr-frontend-nextjs/src/compon
ents/qr/biolinks/BlockEditor.tsx [Client 
Component SSR]
    ./karsaaz-qr-frontend-nextjs/src/compon
ents/qr/biolinks/BiolinkDesigner.tsx 
[Client Component SSR]
    ./karsaaz-qr-frontend-nextjs/src/app/(d
ashboard)/dashboard/qrcodes/new/[type]/page
.tsx [Client Component SSR]
    ./karsaaz-qr-frontend-nextjs/src/app/(d
ashboard)/dashboard/qrcodes/new/[type]/page
.tsx [Server Component]


./karsaaz-qr-frontend-nextjs/src/components
/qr/wizard/steps/ColorSelection.tsx:7:1
Export default doesn't exist in target 
module
[0m [90m  5 |[39m [36mimport[39m { 
useState[33m,[39m useCallback } 
[36mfrom[39m [32m"react"[39m[33m;[39m
 [90m  6 |[39m [36mimport[39m { 
[33mChevronDown[39m[33m,[39m 
[33mUpload[39m } [36mfrom[39m 
[32m"lucide-react"[39m[33m;[39m
[31m[1m>[22m[39m[90m  7 |[39m 
[36mimport[39m [33mQRPreview[39m 
[36mfrom[39m [32m"@/components/qr/QRPrev
iew"[39m[33m;[39m
 [90m    |[39m [31m[1m^[22m[39m[31m
[1m^[22m[39m[31m[1m^[22m[39m[31m[1m
^[22m[39m[31m[1m^[22m[39m[31m[1m^[
22m[39m[31m[1m^[22m[39m[31m[1m^[22m
[39m[31m[1m^[22m[39m[31m[1m^[22m[3
9m[31m[1m^[22m[39m[31m[1m^[22m[39m
[31m[1m^[22m[39m[31m[1m^[22m[39m[31
m[1m^[22m[39m[31m[1m^[22m[39m[31m[
1m^[22m[39m[31m[1m^[22m[39m[31m[1m^
[22m[39m[31m[1m^[22m[39m[31m[1m^[2
2m[39m[31m[1m^[22m[39m[31m[1m^[22m
[39m[31m[1m^[22m[39m[31m[1m^[22m[39
m[31m[1m^[22m[39m[31m[1m^[22m[39m[
31m[1m^[22m[39m[31m[1m^[22m[39m[31m
[1m^[22m[39m[31m[1m^[22m[39m[31m[1
m^[22m[39m[31m[1m^[22m[39m[31m[1m^
[22m[39m[31m[1m^[22m[39m[31m[1m^[22
m[39m[31m[1m^[22m[39m[31m[1m^[22m[
39m[31m[1m^[22m[39m[31m[1m^[22m[39m
[31m[1m^[22m[39m[31m[1m^[22m[39m[3
1m[1m^[22m[39m[31m[1m^[22m[39m[31m
[1m^[22m[39m[31m[1m^[22m[39m[31m[1m
^[22m[39m[31m[1m^[22m[39m[31m[1m^[
22m[39m[31m[1m^[22m[39m
 [90m  8 |[39m
 [90m  9 |[39m type [33mFillType[39m 
[33m=[39m [32m"solid"[39m [33m|[39m 
[32m"gradient"[39m [33m|[39m 
[32m"image"[39m[33m;[39m
 [90m 10 |[39m type 
[33mGradientMode[39m [33m=[39m 
[32m"Linear"[39m [33m|[39m 
[32m"Radial"[39m [33m|[39m 
[32m"Angular"[39m [33m|[39m 
[32m"Diamond"[39m[33m;[39m[0m

The export default was not found in module 
[project]/karsaaz-qr-frontend-nextjs/src/co
mponents/qr/QRPreview.tsx [app-client] 
(ecmascript).
Did you mean to import QRPreview?
All exports of the module are statically 
known (It doesn't have dynamic exports). 
So it's known statically that the 
requested export doesn't exist.

Import traces:
  Client Component Browser:
    ./karsaaz-qr-frontend-nextjs/src/compon
ents/qr/wizard/steps/ColorSelection.tsx 
[Client Component Browser]
    ./karsaaz-qr-frontend-nextjs/src/app/(d
ashboard)/dashboard/qrcodes/new/page.tsx 
[Client Component Browser]
    ./karsaaz-qr-frontend-nextjs/src/app/(d
ashboard)/dashboard/qrcodes/new/page.tsx 
[Server Component]

  Client Component SSR:
    ./karsaaz-qr-frontend-nextjs/src/compon
ents/qr/wizard/steps/ColorSelection.tsx 
[Client Component SSR]
    ./karsaaz-qr-frontend-nextjs/src/app/(d
ashboard)/dashboard/qrcodes/new/page.tsx 
[Client Component SSR]
    ./karsaaz-qr-frontend-nextjs/src/app/(d
ashboard)/dashboard/qrcodes/new/page.tsx 
[Server Component]


./karsaaz-qr-frontend-nextjs/src/components
/qr/wizard/steps/ColorSelection.tsx:7:1
Export default doesn't exist in target 
module
[0m [90m  5 |[39m [36mimport[39m { 
useState[33m,[39m useCallback } 
[36mfrom[39m [32m"react"[39m[33m;[39m
 [90m  6 |[39m [36mimport[39m { 
[33mChevronDown[39m[33m,[39m 
[33mUpload[39m } [36mfrom[39m 
[32m"lucide-react"[39m[33m;[39m
[31m[1m>[22m[39m[90m  7 |[39m 
[36mimport[39m [33mQRPreview[39m 
[36mfrom[39m [32m"@/components/qr/QRPrev
iew"[39m[33m;[39m
 [90m    |[39m [31m[1m^[22m[39m[31m
[1m^[22m[39m[31m[1m^[22m[39m[31m[1m
^[22m[39m[31m[1m^[22m[39m[31m[1m^[
22m[39m[31m[1m^[22m[39m[31m[1m^[22m
[39m[31m[1m^[22m[39m[31m[1m^[22m[3
9m[31m[1m^[22m[39m[31m[1m^[22m[39m
[31m[1m^[22m[39m[31m[1m^[22m[39m[31
m[1m^[22m[39m[31m[1m^[22m[39m[31m[
1m^[22m[39m[31m[1m^[22m[39m[31m[1m^
[22m[39m[31m[1m^[22m[39m[31m[1m^[2
2m[39m[31m[1m^[22m[39m[31m[1m^[22m
[39m[31m[1m^[22m[39m[31m[1m^[22m[39
m[31m[1m^[22m[39m[31m[1m^[22m[39m[
31m[1m^[22m[39m[31m[1m^[22m[39m[31m
[1m^[22m[39m[31m[1m^[22m[39m[31m[1
m^[22m[39m[31m[1m^[22m[39m[31m[1m^
[22m[39m[31m[1m^[22m[39m[31m[1m^[22
m[39m[31m[1m^[22m[39m[31m[1m^[22m[
39m[31m[1m^[22m[39m[31m[1m^[22m[39m
[31m[1m^[22m[39m[31m[1m^[22m[39m[3
1m[1m^[22m[39m[31m[1m^[22m[39m[31m
[1m^[22m[39m[31m[1m^[22m[39m[31m[1m
^[22m[39m[31m[1m^[22m[39m[31m[1m^[
22m[39m[31m[1m^[22m[39m
 [90m  8 |[39m
 [90m  9 |[39m type [33mFillType[39m 
[33m=[39m [32m"solid"[39m [33m|[39m 
[32m"gradient"[39m [33m|[39m 
[32m"image"[39m[33m;[39m
 [90m 10 |[39m type 
[33mGradientMode[39m [33m=[39m 
[32m"Linear"[39m [33m|[39m 
[32m"Radial"[39m [33m|[39m 
[32m"Angular"[39m [33m|[39m 
[32m"Diamond"[39m[33m;[39m[0m

The export default was not found in module 
[project]/karsaaz-qr-frontend-nextjs/src/co
mponents/qr/QRPreview.tsx [app-ssr] 
(ecmascript).
Did you mean to import QRPreview?
All exports of the module are statically 
known (It doesn't have dynamic exports). 
So it's known statically that the 
requested export doesn't exist.

Import traces:
  Client Component Browser:
    ./karsaaz-qr-frontend-nextjs/src/compon
ents/qr/wizard/steps/ColorSelection.tsx 
[Client Component Browser]
    ./karsaaz-qr-frontend-nextjs/src/app/(d
ashboard)/dashboard/qrcodes/new/page.tsx 
[Client Component Browser]
    ./karsaaz-qr-frontend-nextjs/src/app/(d
ashboard)/dashboard/qrcodes/new/page.tsx 
[Server Component]

  Client Component SSR:
    ./karsaaz-qr-frontend-nextjs/src/compon
ents/qr/wizard/steps/ColorSelection.tsx 
[Client Component SSR]
    ./karsaaz-qr-frontend-nextjs/src/app/(d
ashboard)/dashboard/qrcodes/new/page.tsx 
[Client Component SSR]
    ./karsaaz-qr-frontend-nextjs/src/app/(d
ashboard)/dashboard/qrcodes/new/page.tsx 
[Server Component]


./karsaaz-qr-frontend-nextjs/src/components
/qr/wizard/steps/DownloadPreview.tsx:6:1
Export default doesn't exist in target 
module
[0m [90m 4 |[39m [36mimport[39m { 
useState } [36mfrom[39m 
[32m"react"[39m[33m;[39m
 [90m 5 |[39m [36mimport[39m { 
[33mDownload[39m } [36mfrom[39m 
[32m"lucide-react"[39m[33m;[39m
[31m[1m>[22m[39m[90m 6 |[39m 
[36mimport[39m [33mQRPreview[39m 
[36mfrom[39m [32m"@/components/qr/QRPrev
iew"[39m[33m;[39m
 [90m   |[39m [31m[1m^[22m[39m[31m[
1m^[22m[39m[31m[1m^[22m[39m[31m[1m^
[22m[39m[31m[1m^[22m[39m[31m[1m^[2
2m[39m[31m[1m^[22m[39m[31m[1m^[22m
[39m[31m[1m^[22m[39m[31m[1m^[22m[39
m[31m[1m^[22m[39m[31m[1m^[22m[39m[
31m[1m^[22m[39m[31m[1m^[22m[39m[31m
[1m^[22m[39m[31m[1m^[22m[39m[31m[1
m^[22m[39m[31m[1m^[22m[39m[31m[1m^
[22m[39m[31m[1m^[22m[39m[31m[1m^[22
m[39m[31m[1m^[22m[39m[31m[1m^[22m[
39m[31m[1m^[22m[39m[31m[1m^[22m[39m
[31m[1m^[22m[39m[31m[1m^[22m[39m[3
1m[1m^[22m[39m[31m[1m^[22m[39m[31m
[1m^[22m[39m[31m[1m^[22m[39m[31m[1m
^[22m[39m[31m[1m^[22m[39m[31m[1m^[
22m[39m[31m[1m^[22m[39m[31m[1m^[22m
[39m[31m[1m^[22m[39m[31m[1m^[22m[3
9m[31m[1m^[22m[39m[31m[1m^[22m[39m
[31m[1m^[22m[39m[31m[1m^[22m[39m[31
m[1m^[22m[39m[31m[1m^[22m[39m[31m[
1m^[22m[39m[31m[1m^[22m[39m[31m[1m^
[22m[39m[31m[1m^[22m[39m[31m[1m^[2
2m[39m[31m[1m^[22m[39m
 [90m 7 |[39m
 [90m 8 |[39m [36mexport[39m 
[36mdefault[39m [36mfunction[39m 
[33mDownloadPreview[39m() {
 [90m 9 |[39m   [36mconst[39m { qrData 
} [33m=[39m useQRWizard()[33m;[39m[0m

The export default was not found in module 
[project]/karsaaz-qr-frontend-nextjs/src/co
mponents/qr/QRPreview.tsx [app-client] 
(ecmascript).
Did you mean to import QRPreview?
All exports of the module are statically 
known (It doesn't have dynamic exports). 
So it's known statically that the 
requested export doesn't exist.

Import traces:
  Client Component Browser:
    ./karsaaz-qr-frontend-nextjs/src/compon
ents/qr/wizard/steps/DownloadPreview.tsx 
[Client Component Browser]
    ./karsaaz-qr-frontend-nextjs/src/app/(d
ashboard)/dashboard/qrcodes/new/page.tsx 
[Client Component Browser]
    ./karsaaz-qr-frontend-nextjs/src/app/(d
ashboard)/dashboard/qrcodes/new/page.tsx 
[Server Component]

  Client Component SSR:
    ./karsaaz-qr-frontend-nextjs/src/compon
ents/qr/wizard/steps/DownloadPreview.tsx 
[Client Component SSR]
    ./karsaaz-qr-frontend-nextjs/src/app/(d
ashboard)/dashboard/qrcodes/new/page.tsx 
[Client Component SSR]
    ./karsaaz-qr-frontend-nextjs/src/app/(d
ashboard)/dashboard/qrcodes/new/page.tsx 
[Server Component]


./karsaaz-qr-frontend-nextjs/src/components
/qr/wizard/steps/DownloadPreview.tsx:6:1
Export default doesn't exist in target 
module
[0m [90m 4 |[39m [36mimport[39m { 
useState } [36mfrom[39m 
[32m"react"[39m[33m;[39m
 [90m 5 |[39m [36mimport[39m { 
[33mDownload[39m } [36mfrom[39m 
[32m"lucide-react"[39m[33m;[39m
[31m[1m>[22m[39m[90m 6 |[39m 
[36mimport[39m [33mQRPreview[39m 
[36mfrom[39m [32m"@/components/qr/QRPrev
iew"[39m[33m;[39m
 [90m   |[39m [31m[1m^[22m[39m[31m[
1m^[22m[39m[31m[1m^[22m[39m[31m[1m^
[22m[39m[31m[1m^[22m[39m[31m[1m^[2
2m[39m[31m[1m^[22m[39m[31m[1m^[22m
[39m[31m[1m^[22m[39m[31m[1m^[22m[39
m[31m[1m^[22m[39m[31m[1m^[22m[39m[
31m[1m^[22m[39m[31m[1m^[22m[39m[31m
[1m^[22m[39m[31m[1m^[22m[39m[31m[1
m^[22m[39m[31m[1m^[22m[39m[31m[1m^
[22m[39m[31m[1m^[22m[39m[31m[1m^[22
m[39m[31m[1m^[22m[39m[31m[1m^[22m[
39m[31m[1m^[22m[39m[31m[1m^[22m[39m
[31m[1m^[22m[39m[31m[1m^[22m[39m[3
1m[1m^[22m[39m[31m[1m^[22m[39m[31m
[1m^[22m[39m[31m[1m^[22m[39m[31m[1m
^[22m[39m[31m[1m^[22m[39m[31m[1m^[
22m[39m[31m[1m^[22m[39m[31m[1m^[22m
[39m[31m[1m^[22m[39m[31m[1m^[22m[3
9m[31m[1m^[22m[39m[31m[1m^[22m[39m
[31m[1m^[22m[39m[31m[1m^[22m[39m[31
m[1m^[22m[39m[31m[1m^[22m[39m[31m[
1m^[22m[39m[31m[1m^[22m[39m[31m[1m^
[22m[39m[31m[1m^[22m[39m[31m[1m^[2
2m[39m[31m[1m^[22m[39m
 [90m 7 |[39m
 [90m 8 |[39m [36mexport[39m 
[36mdefault[39m [36mfunction[39m 
[33mDownloadPreview[39m() {
 [90m 9 |[39m   [36mconst[39m { qrData 
} [33m=[39m useQRWizard()[33m;[39m[0m

The export default was not found in module 
[project]/karsaaz-qr-frontend-nextjs/src/co
mponents/qr/QRPreview.tsx [app-ssr] 
(ecmascript).
Did you mean to import QRPreview?
All exports of the module are statically 
known (It doesn't have dynamic exports). 
So it's known statically that the 
requested export doesn't exist.

Import traces:
  Client Component Browser:
    ./karsaaz-qr-frontend-nextjs/src/compon
ents/qr/wizard/steps/DownloadPreview.tsx 
[Client Component Browser]
    ./karsaaz-qr-frontend-nextjs/src/app/(d
ashboard)/dashboard/qrcodes/new/page.tsx 
[Client Component Browser]
    ./karsaaz-qr-frontend-nextjs/src/app/(d
ashboard)/dashboard/qrcodes/new/page.tsx 
[Server Component]

  Client Component SSR:
    ./karsaaz-qr-frontend-nextjs/src/compon
ents/qr/wizard/steps/DownloadPreview.tsx 
[Client Component SSR]
    ./karsaaz-qr-frontend-nextjs/src/app/(d
ashboard)/dashboard/qrcodes/new/page.tsx 
[Client Component SSR]
    ./karsaaz-qr-frontend-nextjs/src/app/(d
ashboard)/dashboard/qrcodes/new/page.tsx 
[Server Component]


./karsaaz-qr-frontend-nextjs/src/components
/qr/wizard/steps/LookAndFeel.tsx:6:1
Export default doesn't exist in target 
module
[0m [90m 4 |[39m [36mimport[39m { cn 
} [36mfrom[39m 
[32m"@/lib/utils"[39m[33m;[39m
 [90m 5 |[39m [36mimport[39m { 
useState } [36mfrom[39m 
[32m"react"[39m[33m;[39m
[31m[1m>[22m[39m[90m 6 |[39m 
[36mimport[39m [33mQRPreview[39m 
[36mfrom[39m [32m"@/components/qr/QRPrev
iew"[39m[33m;[39m
 [90m   |[39m [31m[1m^[22m[39m[31m[
1m^[22m[39m[31m[1m^[22m[39m[31m[1m^
[22m[39m[31m[1m^[22m[39m[31m[1m^[2
2m[39m[31m[1m^[22m[39m[31m[1m^[22m
[39m[31m[1m^[22m[39m[31m[1m^[22m[39
m[31m[1m^[22m[39m[31m[1m^[22m[39m[
31m[1m^[22m[39m[31m[1m^[22m[39m[31m
[1m^[22m[39m[31m[1m^[22m[39m[31m[1
m^[22m[39m[31m[1m^[22m[39m[31m[1m^
[22m[39m[31m[1m^[22m[39m[31m[1m^[22
m[39m[31m[1m^[22m[39m[31m[1m^[22m[
39m[31m[1m^[22m[39m[31m[1m^[22m[39m
[31m[1m^[22m[39m[31m[1m^[22m[39m[3
1m[1m^[22m[39m[31m[1m^[22m[39m[31m
[1m^[22m[39m[31m[1m^[22m[39m[31m[1m
^[22m[39m[31m[1m^[22m[39m[31m[1m^[
22m[39m[31m[1m^[22m[39m[31m[1m^[22m
[39m[31m[1m^[22m[39m[31m[1m^[22m[3
9m[31m[1m^[22m[39m[31m[1m^[22m[39m
[31m[1m^[22m[39m[31m[1m^[22m[39m[31
m[1m^[22m[39m[31m[1m^[22m[39m[31m[
1m^[22m[39m[31m[1m^[22m[39m[31m[1m^
[22m[39m[31m[1m^[22m[39m[31m[1m^[2
2m[39m[31m[1m^[22m[39m
 [90m 7 |[39m
 [90m 8 |[39m [90m/* Module patterns 
(body dots) */[39m
 [90m 9 |[39m [36mconst[39m 
[33mMODULES[39m [33m=[39m [[0m

The export default was not found in module 
[project]/karsaaz-qr-frontend-nextjs/src/co
mponents/qr/QRPreview.tsx [app-client] 
(ecmascript).
Did you mean to import QRPreview?
All exports of the module are statically 
known (It doesn't have dynamic exports). 
So it's known statically that the 
requested export doesn't exist.

Import traces:
  Client Component Browser:
    ./karsaaz-qr-frontend-nextjs/src/compon
ents/qr/wizard/steps/LookAndFeel.tsx 
[Client Component Browser]
    ./karsaaz-qr-frontend-nextjs/src/app/(d
ashboard)/dashboard/qrcodes/new/page.tsx 
[Client Component Browser]
    ./karsaaz-qr-frontend-nextjs/src/app/(d
ashboard)/dashboard/qrcodes/new/page.tsx 
[Server Component]

  Client Component SSR:
    ./karsaaz-qr-frontend-nextjs/src/compon
ents/qr/wizard/steps/LookAndFeel.tsx 
[Client Component SSR]
    ./karsaaz-qr-frontend-nextjs/src/app/(d
ashboard)/dashboard/qrcodes/new/page.tsx 
[Client Component SSR]
    ./karsaaz-qr-frontend-nextjs/src/app/(d
ashboard)/dashboard/qrcodes/new/page.tsx 
[Server Component]


./karsaaz-qr-frontend-nextjs/src/components
/qr/wizard/steps/LookAndFeel.tsx:6:1
Export default doesn't exist in target 
module
[0m [90m 4 |[39m [36mimport[39m { cn 
} [36mfrom[39m 
[32m"@/lib/utils"[39m[33m;[39m
 [90m 5 |[39m [36mimport[39m { 
useState } [36mfrom[39m 
[32m"react"[39m[33m;[39m
[31m[1m>[22m[39m[90m 6 |[39m 
[36mimport[39m [33mQRPreview[39m 
[36mfrom[39m [32m"@/components/qr/QRPrev
iew"[39m[33m;[39m
 [90m   |[39m [31m[1m^[22m[39m[31m[
1m^[22m[39m[31m[1m^[22m[39m[31m[1m^
[22m[39m[31m[1m^[22m[39m[31m[1m^[2
2m[39m[31m[1m^[22m[39m[31m[1m^[22m
[39m[31m[1m^[22m[39m[31m[1m^[22m[39
m[31m[1m^[22m[39m[31m[1m^[22m[39m[
31m[1m^[22m[39m[31m[1m^[22m[39m[31m
[1m^[22m[39m[31m[1m^[22m[39m[31m[1
m^[22m[39m[31m[1m^[22m[39m[31m[1m^
[22m[39m[31m[1m^[22m[39m[31m[1m^[22
m[39m[31m[1m^[22m[39m[31m[1m^[22m[
39m[31m[1m^[22m[39m[31m[1m^[22m[39m
[31m[1m^[22m[39m[31m[1m^[22m[39m[3
1m[1m^[22m[39m[31m[1m^[22m[39m[31m
[1m^[22m[39m[31m[1m^[22m[39m[31m[1m
^[22m[39m[31m[1m^[22m[39m[31m[1m^[
22m[39m[31m[1m^[22m[39m[31m[1m^[22m
[39m[31m[1m^[22m[39m[31m[1m^[22m[3
9m[31m[1m^[22m[39m[31m[1m^[22m[39m
[31m[1m^[22m[39m[31m[1m^[22m[39m[31
m[1m^[22m[39m[31m[1m^[22m[39m[31m[
1m^[22m[39m[31m[1m^[22m[39m[31m[1m^
[22m[39m[31m[1m^[22m[39m[31m[1m^[2
2m[39m[31m[1m^[22m[39m
 [90m 7 |[39m
 [90m 8 |[39m [90m/* Module patterns 
(body dots) */[39m
 [90m 9 |[39m [36mconst[39m 
[33mMODULES[39m [33m=[39m [[0m

The export default was not found in module 
[project]/karsaaz-qr-frontend-nextjs/src/co
mponents/qr/QRPreview.tsx [app-ssr] 
(ecmascript).
Did you mean to import QRPreview?
All exports of the module are statically 
known (It doesn't have dynamic exports). 
So it's known statically that the 
requested export doesn't exist.

Import traces:
  Client Component Browser:
    ./karsaaz-qr-frontend-nextjs/src/compon
ents/qr/wizard/steps/LookAndFeel.tsx 
[Client Component Browser]
    ./karsaaz-qr-frontend-nextjs/src/app/(d
ashboard)/dashboard/qrcodes/new/page.tsx 
[Client Component Browser]
    ./karsaaz-qr-frontend-nextjs/src/app/(d
ashboard)/dashboard/qrcodes/new/page.tsx 
[Server Component]

  Client Component SSR:
    ./karsaaz-qr-frontend-nextjs/src/compon
ents/qr/wizard/steps/LookAndFeel.tsx 
[Client Component SSR]
    ./karsaaz-qr-frontend-nextjs/src/app/(d
ashboard)/dashboard/qrcodes/new/page.tsx 
[Client Component SSR]
    ./karsaaz-qr-frontend-nextjs/src/app/(d
ashboard)/dashboard/qrcodes/new/page.tsx 
[Server Component]


./karsaaz-qr-frontend-nextjs/src/components
/qr/wizard/steps/StickerSelection.tsx:5:1
Export default doesn't exist in target 
module
[0m [90m 3 |[39m [36mimport[39m { 
useQRWizard } [36mfrom[39m [32m"@/store/
use-qr-wizard"[39m[33m;[39m
 [90m 4 |[39m [36mimport[39m { cn } 
[36mfrom[39m 
[32m"@/lib/utils"[39m[33m;[39m
[31m[1m>[22m[39m[90m 5 |[39m 
[36mimport[39m [33mQRPreview[39m 
[36mfrom[39m [32m"@/components/qr/QRPrev
iew"[39m[33m;[39m
 [90m   |[39m [31m[1m^[22m[39m[31m[
1m^[22m[39m[31m[1m^[22m[39m[31m[1m^
[22m[39m[31m[1m^[22m[39m[31m[1m^[2
2m[39m[31m[1m^[22m[39m[31m[1m^[22m
[39m[31m[1m^[22m[39m[31m[1m^[22m[39
m[31m[1m^[22m[39m[31m[1m^[22m[39m[
31m[1m^[22m[39m[31m[1m^[22m[39m[31m
[1m^[22m[39m[31m[1m^[22m[39m[31m[1
m^[22m[39m[31m[1m^[22m[39m[31m[1m^
[22m[39m[31m[1m^[22m[39m[31m[1m^[22
m[39m[31m[1m^[22m[39m[31m[1m^[22m[
39m[31m[1m^[22m[39m[31m[1m^[22m[39m
[31m[1m^[22m[39m[31m[1m^[22m[39m[3
1m[1m^[22m[39m[31m[1m^[22m[39m[31m
[1m^[22m[39m[31m[1m^[22m[39m[31m[1m
^[22m[39m[31m[1m^[22m[39m[31m[1m^[
22m[39m[31m[1m^[22m[39m[31m[1m^[22m
[39m[31m[1m^[22m[39m[31m[1m^[22m[3
9m[31m[1m^[22m[39m[31m[1m^[22m[39m
[31m[1m^[22m[39m[31m[1m^[22m[39m[31
m[1m^[22m[39m[31m[1m^[22m[39m[31m[
1m^[22m[39m[31m[1m^[22m[39m[31m[1m^
[22m[39m[31m[1m^[22m[39m[31m[1m^[2
2m[39m[31m[1m^[22m[39m
 [90m 6 |[39m
 [90m 7 |[39m [90m/* Sticker options - 
placeholder IDs, replace with actual 
sticker images */[39m
 [90m 8 |[39m [36mconst[39m 
[33mSTICKERS[39m [33m=[39m [[0m

The export default was not found in module 
[project]/karsaaz-qr-frontend-nextjs/src/co
mponents/qr/QRPreview.tsx [app-client] 
(ecmascript).
Did you mean to import QRPreview?
All exports of the module are statically 
known (It doesn't have dynamic exports). 
So it's known statically that the 
requested export doesn't exist.

Import traces:
  Client Component Browser:
    ./karsaaz-qr-frontend-nextjs/src/compon
ents/qr/wizard/steps/StickerSelection.tsx 
[Client Component Browser]
    ./karsaaz-qr-frontend-nextjs/src/app/(d
ashboard)/dashboard/qrcodes/new/page.tsx 
[Client Component Browser]
    ./karsaaz-qr-frontend-nextjs/src/app/(d
ashboard)/dashboard/qrcodes/new/page.tsx 
[Server Component]

  Client Component SSR:
    ./karsaaz-qr-frontend-nextjs/src/compon
ents/qr/wizard/steps/StickerSelection.tsx 
[Client Component SSR]
    ./karsaaz-qr-frontend-nextjs/src/app/(d
ashboard)/dashboard/qrcodes/new/page.tsx 
[Client Component SSR]
    ./karsaaz-qr-frontend-nextjs/src/app/(d
ashboard)/dashboard/qrcodes/new/page.tsx 
[Server Component]


./karsaaz-qr-frontend-nextjs/src/components
/qr/wizard/steps/StickerSelection.tsx:5:1
Export default doesn't exist in target 
module
[0m [90m 3 |[39m [36mimport[39m { 
useQRWizard } [36mfrom[39m [32m"@/store/
use-qr-wizard"[39m[33m;[39m
 [90m 4 |[39m [36mimport[39m { cn } 
[36mfrom[39m 
[32m"@/lib/utils"[39m[33m;[39m
[31m[1m>[22m[39m[90m 5 |[39m 
[36mimport[39m [33mQRPreview[39m 
[36mfrom[39m [32m"@/components/qr/QRPrev
iew"[39m[33m;[39m
 [90m   |[39m [31m[1m^[22m[39m[31m[
1m^[22m[39m[31m[1m^[22m[39m[31m[1m^
[22m[39m[31m[1m^[22m[39m[31m[1m^[2
2m[39m[31m[1m^[22m[39m[31m[1m^[22m
[39m[31m[1m^[22m[39m[31m[1m^[22m[39
m[31m[1m^[22m[39m[31m[1m^[22m[39m[
31m[1m^[22m[39m[31m[1m^[22m[39m[31m
[1m^[22m[39m[31m[1m^[22m[39m[31m[1
m^[22m[39m[31m[1m^[22m[39m[31m[1m^
[22m[39m[31m[1m^[22m[39m[31m[1m^[22
m[39m[31m[1m^[22m[39m[31m[1m^[22m[
39m[31m[1m^[22m[39m[31m[1m^[22m[39m
[31m[1m^[22m[39m[31m[1m^[22m[39m[3
1m[1m^[22m[39m[31m[1m^[22m[39m[31m
[1m^[22m[39m[31m[1m^[22m[39m[31m[1m
^[22m[39m[31m[1m^[22m[39m[31m[1m^[
22m[39m[31m[1m^[22m[39m[31m[1m^[22m
[39m[31m[1m^[22m[39m[31m[1m^[22m[3
9m[31m[1m^[22m[39m[31m[1m^[22m[39m
[31m[1m^[22m[39m[31m[1m^[22m[39m[31
m[1m^[22m[39m[31m[1m^[22m[39m[31m[
1m^[22m[39m[31m[1m^[22m[39m[31m[1m^
[22m[39m[31m[1m^[22m[39m[31m[1m^[2
2m[39m[31m[1m^[22m[39m
 [90m 6 |[39m
 [90m 7 |[39m [90m/* Sticker options - 
placeholder IDs, replace with actual 
sticker images */[39m
 [90m 8 |[39m [36mconst[39m 
[33mSTICKERS[39m [33m=[39m [[0m

The export default was not found in module 
[project]/karsaaz-qr-frontend-nextjs/src/co
mponents/qr/QRPreview.tsx [app-ssr] 
(ecmascript).
Did you mean to import QRPreview?
All exports of the module are statically 
known (It doesn't have dynamic exports). 
So it's known statically that the 
requested export doesn't exist.

Import traces:
  Client Component Browser:
    ./karsaaz-qr-frontend-nextjs/src/compon
ents/qr/wizard/steps/StickerSelection.tsx 
[Client Component Browser]
    ./karsaaz-qr-frontend-nextjs/src/app/(d
ashboard)/dashboard/qrcodes/new/page.tsx 
[Client Component Browser]
    ./karsaaz-qr-frontend-nextjs/src/app/(d
ashboard)/dashboard/qrcodes/new/page.tsx 
[Server Component]

  Client Component SSR:
    ./karsaaz-qr-frontend-nextjs/src/compon
ents/qr/wizard/steps/StickerSelection.tsx 
[Client Component SSR]
    ./karsaaz-qr-frontend-nextjs/src/app/(d
ashboard)/dashboard/qrcodes/new/page.tsx 
[Client Component SSR]
    ./karsaaz-qr-frontend-nextjs/src/app/(d
ashboard)/dashboard/qrcodes/new/page.tsx 
[Server Component]


    at <unknown> (./karsaaz-qr-frontend-nex
tjs/src/app/(dashboard)/dashboard/qrcodes/s
tats/[id]/page.tsx:17:15)
    at <unknown> (./karsaaz-qr-frontend-nex
tjs/src/app/(dashboard)/dashboard/qrcodes/s
tats/[id]/page.tsx:17:26)
    at <unknown> (./karsaaz-qr-frontend-nex
tjs/src/app/(dashboard)/dashboard/support/[
id]/page.tsx:8:23)
    at <unknown> (./karsaaz-qr-frontend-nex
tjs/src/app/(dashboard)/dashboard/support/[
id]/page.tsx:9:10)
    at <unknown> (./karsaaz-qr-frontend-nex
tjs/src/app/(dashboard)/dashboard/support/[
id]/page.tsx:8:34)
    at <unknown> (./karsaaz-qr-frontend-nex
tjs/src/app/(dashboard)/dashboard/support/[
id]/page.tsx:8:42)
    at <unknown> (./karsaaz-qr-frontend-nex
tjs/src/app/(dashboard)/dashboard/support/p
age.tsx:20:23)
    at <unknown> (./karsaaz-qr-frontend-nex
tjs/src/app/(dashboard)/dashboard/support/p
age.tsx:20:34)
    at <unknown> (./karsaaz-qr-frontend-nex
tjs/src/hooks/use-auth.ts:5:10)
    at <unknown> (./karsaaz-qr-frontend-nex
tjs/src/components/qr/biolinks/blocks/FAQBl
ock.tsx:166:7)
    at <unknown> (./karsaaz-qr-frontend-nex
tjs/src/components/qr/biolinks/blocks/FAQBl
ock.tsx:166:21)
    at <unknown> (./karsaaz-qr-frontend-nex
tjs/src/components/qr/biolinks/blocks/Image
GridBlock.tsx:256:51)
    at <unknown> (./karsaaz-qr-frontend-nex
tjs/src/components/qr/biolinks/blocks/LinkB
lock.tsx:10:1)
    at <unknown> (https://nextjs.org/docs/m
essages/module-not-found)
    at <unknown> (./karsaaz-qr-frontend-nex
tjs/src/components/qr/biolinks/blocks/FileB
lock.tsx:9:1)
    at <unknown> (https://nextjs.org/docs/m
essages/module-not-found)
    at <unknown> (./karsaaz-qr-frontend-nex
tjs/src/components/qr/biolinks/blocks/LinkB
lock.tsx:9:1)
    at <unknown> (https://nextjs.org/docs/m
essages/module-not-found)
    at <unknown> (./karsaaz-qr-frontend-nex
tjs/src/components/support/SupportTicketCon
versation.tsx:5:1)
    at <unknown> (https://nextjs.org/docs/m
essages/module-not-found)
    at <unknown> (./karsaaz-qr-frontend-nex
tjs/src/components/qr/biolinks/blocks/Socia
lLinksBlock.tsx:22:1)
    at <unknown> (./karsaaz-qr-frontend-nex
tjs/src/components/qr/biolinks/blocks/Socia
lLinksBlock.tsx:22:1)
    at <unknown> (./karsaaz-qr-frontend-nex
tjs/src/components/qr/biolinks/BiolinkDesig
ner.tsx:13:1)
    at <unknown> (./karsaaz-qr-frontend-nex
tjs/src/components/qr/biolinks/BiolinkDesig
ner.tsx:13:1)
    at <unknown> (./karsaaz-qr-frontend-nex
tjs/src/app/(dashboard)/account/support-tic
kets/page.tsx:5:1)
    ... collapsed 3 duplicate lines 
matching above 1 lines 3 times...
    at <unknown> (./karsaaz-qr-frontend-nex
tjs/src/components/qr/biolinks/blocks/Socia
lLinksBlock.tsx:22:1)
    ... collapsed 13 duplicate lines 
matching above 1 lines 13 times...
    at <unknown> (./karsaaz-qr-frontend-nex
tjs/src/components/qr/biolinks/BiolinkDesig
ner.tsx:14:1)
    at <unknown> (./karsaaz-qr-frontend-nex
tjs/src/components/qr/biolinks/BiolinkDesig
ner.tsx:14:1)
    at <unknown> (./karsaaz-qr-frontend-nex
tjs/src/components/qr/biolinks/block-regist
ry.ts:12:1)
    at <unknown> (./karsaaz-qr-frontend-nex
tjs/src/components/qr/biolinks/block-regist
ry.ts:12:1)
    at <unknown> (./karsaaz-qr-frontend-nex
tjs/src/components/qr/biolinks/block-regist
ry.ts:14:1)
    at <unknown> (./karsaaz-qr-frontend-nex
tjs/src/components/qr/biolinks/block-regist
ry.ts:14:1)
    at <unknown> (./karsaaz-qr-frontend-nex
tjs/src/components/qr/biolinks/block-regist
ry.ts:13:1)
    at <unknown> (./karsaaz-qr-frontend-nex
tjs/src/components/qr/biolinks/block-regist
ry.ts:13:1)
    at <unknown> (./karsaaz-qr-frontend-nex
tjs/src/components/qr/biolinks/block-regist
ry.ts:15:1)
    at <unknown> (./karsaaz-qr-frontend-nex
tjs/src/components/qr/biolinks/block-regist
ry.ts:15:1)
    at <unknown> (./karsaaz-qr-frontend-nex
tjs/src/components/qr/wizard/steps/ColorSel
ection.tsx:7:1)
    at <unknown> (./karsaaz-qr-frontend-nex
tjs/src/components/qr/wizard/steps/ColorSel
ection.tsx:7:1)
    at <unknown> (./karsaaz-qr-frontend-nex
tjs/src/components/qr/wizard/steps/Download
Preview.tsx:6:1)
    at <unknown> (./karsaaz-qr-frontend-nex
tjs/src/components/qr/wizard/steps/Download
Preview.tsx:6:1)
    at <unknown> (./karsaaz-qr-frontend-nex
tjs/src/components/qr/wizard/steps/LookAndF
eel.tsx:6:1)
    at <unknown> (./karsaaz-qr-frontend-nex
tjs/src/components/qr/wizard/steps/LookAndF
eel.tsx:6:1)
    at <unknown> (./karsaaz-qr-frontend-nex
tjs/src/components/qr/wizard/steps/StickerS
election.tsx:5:1)
    at <unknown> (./karsaaz-qr-frontend-nex
tjs/src/components/qr/wizard/steps/StickerS
election.tsx:5:1)
